-------------------------------------------------------------------
         SDDP.jl (c) Oscar Dowson and contributors, 2017-26
-------------------------------------------------------------------
problem
  nodes           : 2
  state variables : 1
  scenarios       : 2.00000e+00
  existing cuts   : false
options
  solver          : serial mode
  risk measure    : SDDP.Expectation()
  sampling scheme : SDDP.InSampleMonteCarlo
subproblem structure
  VariableRef                             : [6, 6]
  AffExpr in MOI.GreaterThan{Float64}     : [1, 1]
  AffExpr in MOI.LessThan{Float64}        : [1, 1]
  VariableRef in MOI.EqualTo{Float64}     : [1, 1]
  VariableRef in MOI.GreaterThan{Float64} : [3, 4]
  VariableRef in MOI.LessThan{Float64}    : [2, 2]
numerical stability report
  matrix range     [1e+00, 1e+00]
  objective range  [1e+00, 5e+00]
  bounds range     [8e+00, 8e+00]
  rhs range        [6e+00, 6e+00]
-------------------------------------------------------------------
 iteration    simulation      bound        time (s)     solves  pid
-------------------------------------------------------------------
         1   0.000000e+00 -1.000000e+01  8.385396e-02         5   1
        20   0.000000e+00 -1.000000e+01  2.583511e-01       104   1
-------------------------------------------------------------------
status         : simulation_stopping
total time (s) : 2.583511e-01
total solves   : 104
best bound     : -1.000000e+01
numeric issues : 0
-------------------------------------------------------------------

-------------------------------------------------------------------
         SDDP.jl (c) Oscar Dowson and contributors, 2017-26
-------------------------------------------------------------------
problem
  nodes           : 3
  state variables : 2
  scenarios       : 4.00000e+00
  existing cuts   : false
options
  solver          : serial mode
  risk measure    : SDDP.Expectation()
  sampling scheme : SDDP.InSampleMonteCarlo
subproblem structure
  VariableRef                             : [8, 8]
  AffExpr in MOI.LessThan{Float64}        : [3, 3]
  VariableRef in MOI.GreaterThan{Float64} : [5, 5]
  VariableRef in MOI.LessThan{Float64}    : [1, 1]
numerical stability report
  matrix range     [1e+00, 1e+00]
  objective range  [2e-01, 3e+00]
  bounds range     [5e+01, 5e+01]
  rhs range        [0e+00, 0e+00]
-------------------------------------------------------------------
 iteration    simulation      bound        time (s)     solves  pid
-------------------------------------------------------------------
         5  -2.396000e+01 -2.396000e+01  8.414030e-03        52   1
        10  -4.260000e+01 -2.396000e+01  1.206899e-02        92   1
        15  -4.260000e+01 -2.396000e+01  1.589298e-02       132   1
        20  -4.260000e+01 -2.396000e+01  1.991916e-02       172   1
        25  -2.396000e+01 -2.396000e+01  2.515197e-02       224   1
        30  -4.260000e+01 -2.396000e+01  2.968311e-02       264   1
        35  -2.396000e+01 -2.396000e+01  3.442311e-02       304   1
        40  -2.396000e+01 -2.396000e+01  3.945208e-02       344   1
-------------------------------------------------------------------
status         : simulation_stopping
total time (s) : 3.945208e-02
total solves   : 344
best bound     : -2.396000e+01
numeric issues : 0
-------------------------------------------------------------------

────────────────────────────────────────────────────────────────────
                           Time                    Allocations      
                  ───────────────────────   ────────────────────────
Tot / % measured:     48.2ms /   0.0%           28.0MiB /   0.0%    

Section   ncalls     time    %tot     avg     alloc    %tot      avg
────────────────────────────────────────────────────────────────────
────────────────────────────────────────────────────────────────────

-------------------------------------------------------------------
         SDDP.jl (c) Oscar Dowson and contributors, 2017-26
-------------------------------------------------------------------
problem
  nodes           : 3
  state variables : 2
  scenarios       : 4.00000e+00
  existing cuts   : false
options
  solver          : serial mode
  risk measure    : SDDP.Expectation()
  sampling scheme : SDDP.InSampleMonteCarlo
subproblem structure
  VariableRef                             : [8, 8]
  AffExpr in MOI.LessThan{Float64}        : [3, 3]
  VariableRef in MOI.GreaterThan{Float64} : [5, 5]
  VariableRef in MOI.LessThan{Float64}    : [1, 1]
numerical stability report
  matrix range     [1e+00, 1e+00]
  objective range  [2e-01, 3e+00]
  bounds range     [5e+01, 5e+01]
  rhs range        [0e+00, 0e+00]
-------------------------------------------------------------------
 iteration    simulation      bound        time (s)     solves  pid
-------------------------------------------------------------------
         5  -5.320000e+00 -2.396000e+01  7.930994e-03        52   1
        10  -5.320000e+00 -2.396000e+01  1.186800e-02        92   1
        15  -2.396000e+01 -2.396000e+01  1.627111e-02       132   1
        20  -5.320000e+00 -2.396000e+01  2.121019e-02       172   1
        25  -4.260000e+01 -2.396000e+01  2.750897e-02       224   1
        30  -2.396000e+01 -2.396000e+01  3.350306e-02       264   1
        35  -2.396000e+01 -2.396000e+01  4.006505e-02       304   1
        40  -2.396000e+01 -2.396000e+01  4.723406e-02       344   1
-------------------------------------------------------------------
status         : simulation_stopping
total time (s) : 4.723406e-02
total solves   : 344
best bound     : -2.396000e+01
numeric issues : 0
-------------------------------------------------------------------

────────────────────────────────────────────────────────────────────
                           Time                    Allocations      
                  ───────────────────────   ────────────────────────
Tot / % measured:     50.7ms /   0.0%           33.5MiB /   0.0%    

Section   ncalls     time    %tot     avg     alloc    %tot      avg
────────────────────────────────────────────────────────────────────
────────────────────────────────────────────────────────────────────

-------------------------------------------------------------------
         SDDP.jl (c) Oscar Dowson and contributors, 2017-26
-------------------------------------------------------------------
problem
  nodes           : 2
  state variables : 1
  scenarios       : 2.00000e+00
  existing cuts   : false
options
  solver          : serial mode
  risk measure    : SDDP.Expectation()
  sampling scheme : SDDP.InSampleMonteCarlo
subproblem structure
  VariableRef                             : [3, 4]
  AffExpr in MOI.LessThan{Float64}        : [1, 1]
  VariableRef in MOI.GreaterThan{Float64} : [2, 3]
  VariableRef in MOI.LessThan{Float64}    : [2, 2]
numerical stability report
  matrix range     [1e+00, 1e+00]
  objective range  [1e+00, 2e+00]
  bounds range     [2e+00, 5e+00]
  rhs range        [0e+00, 0e+00]
-------------------------------------------------------------------
 iteration    simulation      bound        time (s)     solves  pid
-------------------------------------------------------------------
         1   0.000000e+00 -2.500000e+00  5.212617e-02         5   1
         2  -1.500000e+00 -2.000000e+00  5.326915e-02        14   1
         3  -1.000000e+00 -2.000000e+00  5.378103e-02        19   1
         4  -1.000000e+00 -2.000000e+00  5.422616e-02        24   1
         5  -1.000000e+00 -2.000000e+00  5.468512e-02        29   1
         6  -1.000000e+00 -2.000000e+00  5.512500e-02        34   1
         7  -3.000000e+00 -2.000000e+00  5.561209e-02        39   1
         8  -1.000000e+00 -2.000000e+00  5.603600e-02        44   1
         9  -3.000000e+00 -2.000000e+00  5.647516e-02        49   1
        10  -3.000000e+00 -2.000000e+00  5.691218e-02        54   1
        11  -1.000000e+00 -2.000000e+00  5.734301e-02        59   1
        12  -3.000000e+00 -2.000000e+00  5.781007e-02        64   1
        13  -3.000000e+00 -2.000000e+00  5.825615e-02        69   1
        14  -1.000000e+00 -2.000000e+00  5.872512e-02        74   1
        15  -1.000000e+00 -2.000000e+00  5.917811e-02        79   1
        16  -1.000000e+00 -2.000000e+00  5.968618e-02        84   1
        17  -1.000000e+00 -2.000000e+00  6.014895e-02        89   1
        18  -3.000000e+00 -2.000000e+00  6.065607e-02        94   1
        19  -1.000000e+00 -2.000000e+00  6.112313e-02        99   1
        20  -1.000000e+00 -2.000000e+00  6.161714e-02       104   1
        21  -1.000000e+00 -2.000000e+00  6.248212e-02       113   1
        22  -3.000000e+00 -2.000000e+00  6.298304e-02       118   1
        23  -3.000000e+00 -2.000000e+00  6.352997e-02       123   1
        24  -1.000000e+00 -2.000000e+00  6.406403e-02       128   1
        25  -1.000000e+00 -2.000000e+00  6.462502e-02       133   1
        26  -1.000000e+00 -2.000000e+00  6.512904e-02       138   1
        27  -3.000000e+00 -2.000000e+00  8.292603e-02       143   1
        28  -1.000000e+00 -2.000000e+00  8.357000e-02       148   1
        29  -3.000000e+00 -2.000000e+00  8.412099e-02       153   1
        30  -3.000000e+00 -2.000000e+00  8.469701e-02       158   1
        31  -3.000000e+00 -2.000000e+00  8.522606e-02       163   1
        32  -1.000000e+00 -2.000000e+00  8.579612e-02       168   1
        33  -3.000000e+00 -2.000000e+00  8.633208e-02       173   1
        34  -3.000000e+00 -2.000000e+00  8.694601e-02       178   1
        35  -3.000000e+00 -2.000000e+00  8.752012e-02       183   1
        36  -3.000000e+00 -2.000000e+00  8.807802e-02       188   1
        37  -3.000000e+00 -2.000000e+00  8.866310e-02       193   1
        38  -3.000000e+00 -2.000000e+00  8.922911e-02       198   1
        39  -1.000000e+00 -2.000000e+00  8.980799e-02       203   1
        40  -3.000000e+00 -2.000000e+00  9.037709e-02       208   1
-------------------------------------------------------------------
status         : simulation_stopping
total time (s) : 9.037709e-02
total solves   : 208
best bound     : -2.000000e+00
numeric issues : 0
-------------------------------------------------------------------

-------------------------------------------------------------------
         SDDP.jl (c) Oscar Dowson and contributors, 2017-26
-------------------------------------------------------------------
problem
  nodes           : 3
  state variables : 1
  scenarios       : Inf
  existing cuts   : false
options
  solver          : serial mode
  risk measure    : SDDP.Expectation()
  sampling scheme : SDDP.InSampleMonteCarlo
subproblem structure
  VariableRef                             : [6, 6]
  AffExpr in MOI.EqualTo{Float64}         : [2, 2]
  VariableRef in MOI.GreaterThan{Float64} : [5, 5]
  VariableRef in MOI.LessThan{Float64}    : [1, 1]
numerical stability report
  matrix range     [1e+00, 1e+00]
  objective range  [1e+00, 3e+00]
  bounds range     [5e+00, 2e+01]
  rhs range        [2e+00, 1e+01]
-------------------------------------------------------------------
 iteration    simulation      bound        time (s)     solves  pid
-------------------------------------------------------------------
         1   2.390000e+02  6.216295e+01  9.531188e-02       183   1
        34   5.894953e+02  2.353662e+02  1.167002e+00      9294   1
        62   1.241188e+02  2.363398e+02  2.195007e+00     16482   1
        78   3.090107e+02  2.364200e+02  3.238424e+00     22830   1
       100   1.164997e+02  2.364302e+02  3.924155e+00     26640   1
-------------------------------------------------------------------
status         : iteration_limit
total time (s) : 3.924155e+00
total solves   : 26640
best bound     :  2.364302e+02
numeric issues : 0
-------------------------------------------------------------------

-------------------------------------------------------------------
         SDDP.jl (c) Oscar Dowson and contributors, 2017-26
-------------------------------------------------------------------
problem
  nodes           : 5
  state variables : 3
  scenarios       : 1.43489e+07
  existing cuts   : false
options
  solver          : serial mode
  risk measure    : SDDP.Expectation()
  sampling scheme : SDDP.InSampleMonteCarlo
subproblem structure
  VariableRef                             : [13, 13]
  AffExpr in MOI.EqualTo{Float64}         : [3, 3]
  AffExpr in MOI.LessThan{Float64}        : [1, 1]
  VariableRef in MOI.GreaterThan{Float64} : [7, 7]
  VariableRef in MOI.LessThan{Float64}    : [6, 7]
numerical stability report
  matrix range     [1e+00, 1e+00]
  objective range  [3e-01, 2e+00]
  bounds range     [5e-01, 5e+00]
  rhs range        [2e+00, 2e+00]
-------------------------------------------------------------------
 iteration    simulation      bound        time (s)     solves  pid
-------------------------------------------------------------------
        10  -3.878303e+00 -4.434982e+00  1.931090e-01      1400   1
        20  -4.235800e+00 -4.403620e+00  3.217471e-01      2800   1
        30  -3.115997e+00 -4.381585e+00  4.576461e-01      4200   1
        40  -3.761147e+00 -4.369123e+00  5.999691e-01      5600   1
        50  -4.230230e+00 -4.363943e+00  7.456582e-01      7000   1
        60  -3.653084e+00 -4.360307e+00  9.246781e-01      8400   1
        70  -4.031867e+00 -4.357921e+00  1.075646e+00      9800   1
        80  -4.295103e+00 -4.355602e+00  1.228409e+00     11200   1
        90  -4.509149e+00 -4.354346e+00  1.384968e+00     12600   1
       100  -4.178952e+00 -4.352068e+00  1.541348e+00     14000   1
-------------------------------------------------------------------
status         : iteration_limit
total time (s) : 1.541348e+00
total solves   : 14000
best bound     : -4.352068e+00
numeric issues : 0
-------------------------------------------------------------------

-------------------------------------------------------------------
         SDDP.jl (c) Oscar Dowson and contributors, 2017-26
-------------------------------------------------------------------
problem
  nodes           : 5
  state variables : 1
  scenarios       : 1.00000e+05
  existing cuts   : false
options
  solver          : serial mode
  risk measure    : SDDP.Expectation()
  sampling scheme : SDDP.InSampleMonteCarlo
subproblem structure
  VariableRef                             : [5, 5]
  AffExpr in MOI.EqualTo{Float64}         : [1, 1]
  VariableRef in MOI.GreaterThan{Float64} : [3, 3]
  VariableRef in MOI.LessThan{Float64}    : [2, 3]
numerical stability report
  matrix range     [1e+00, 1e+00]
  objective range  [3e-01, 2e+00]
  bounds range     [5e-01, 2e+00]
  rhs range        [0e+00, 0e+00]
-------------------------------------------------------------------
 iteration    simulation      bound        time (s)     solves  pid
-------------------------------------------------------------------
        10  -1.573154e+00 -1.474247e+00  7.600617e-02      1050   1
        20  -1.346690e+00 -1.471483e+00  1.163940e-01      1600   1
        30  -1.308031e+00 -1.471307e+00  2.045121e-01      2650   1
        40  -1.401200e+00 -1.471167e+00  2.469132e-01      3200   1
        50  -1.557483e+00 -1.471097e+00  3.378360e-01      4250   1
        60  -1.534169e+00 -1.471075e+00  3.825612e-01      4800   1
        65  -1.689864e+00 -1.471075e+00  4.054670e-01      5075   1
-------------------------------------------------------------------
status         : simulation_stopping
total time (s) : 4.054670e-01
total solves   : 5075
best bound     : -1.471075e+00
numeric issues : 0
-------------------------------------------------------------------

-------------------------------------------------------------------
         SDDP.jl (c) Oscar Dowson and contributors, 2017-26
-------------------------------------------------------------------
problem
  nodes           : 2
  state variables : 4
  scenarios       : 2.00000e+00
  existing cuts   : false
options
  solver          : serial mode
  risk measure    : SDDP.Expectation()
  sampling scheme : SDDP.InSampleMonteCarlo
subproblem structure
  VariableRef                             : [29, 29]
  AffExpr in MOI.EqualTo{Float64}         : [4, 5]
  AffExpr in MOI.GreaterThan{Float64}     : [3, 3]
  AffExpr in MOI.LessThan{Float64}        : [4, 4]
  VariableRef in MOI.GreaterThan{Float64} : [22, 22]
  VariableRef in MOI.LessThan{Float64}    : [1, 1]
numerical stability report
  matrix range     [1e+00, 1e+00]
  objective range  [1e+00, 1e+06]
  bounds range     [0e+00, 0e+00]
  rhs range        [0e+00, 0e+00]
-------------------------------------------------------------------
 iteration    simulation      bound        time (s)     solves  pid
-------------------------------------------------------------------
        10   3.455904e+05  3.147347e+05  9.158134e-03        54   1
        20   3.336455e+05  3.402383e+05  1.585698e-02       104   1
        30   3.337559e+05  3.403155e+05  2.150202e-02       158   1
        40   3.337559e+05  3.403155e+05  2.655697e-02       208   1
        47   3.337559e+05  3.403155e+05  3.058100e-02       243   1
-------------------------------------------------------------------
status         : simulation_stopping
total time (s) : 3.058100e-02
total solves   : 243
best bound     :  3.403155e+05
numeric issues : 0
-------------------------------------------------------------------

-------------------------------------------------------------------
         SDDP.jl (c) Oscar Dowson and contributors, 2017-26
-------------------------------------------------------------------
problem
  nodes           : 3
  state variables : 4
  scenarios       : 4.00000e+00
  existing cuts   : false
options
  solver          : serial mode
  risk measure    : SDDP.Expectation()
  sampling scheme : SDDP.InSampleMonteCarlo
subproblem structure
  VariableRef                             : [29, 29]
  AffExpr in MOI.EqualTo{Float64}         : [4, 5]
  AffExpr in MOI.GreaterThan{Float64}     : [3, 3]
  AffExpr in MOI.LessThan{Float64}        : [4, 4]
  VariableRef in MOI.EqualTo{Float64}     : [3, 3]
  VariableRef in MOI.GreaterThan{Float64} : [22, 22]
  VariableRef in MOI.LessThan{Float64}    : [1, 1]
numerical stability report
  matrix range     [1e+00, 1e+00]
  objective range  [1e+00, 1e+05]
  bounds range     [0e+00, 0e+00]
  rhs range        [0e+00, 0e+00]
-------------------------------------------------------------------
 iteration    simulation      bound        time (s)     solves  pid
-------------------------------------------------------------------
        10   5.099074e+05  3.509666e+05  1.476216e-02        92   1
        20   4.055335e+05  4.054833e+05  2.530909e-02       172   1
        30   3.959476e+05  4.067125e+05  3.432608e-02       264   1
        40   4.497721e+05  4.067125e+05  4.243398e-02       344   1
        47   3.959476e+05  4.067125e+05  4.893613e-02       400   1
-------------------------------------------------------------------
status         : simulation_stopping
total time (s) : 4.893613e-02
total solves   : 400
best bound     :  4.067125e+05
numeric issues : 0
-------------------------------------------------------------------

-------------------------------------------------------------------
         SDDP.jl (c) Oscar Dowson and contributors, 2017-26
-------------------------------------------------------------------
problem
  nodes           : 10
  state variables : 4
  scenarios       : 2.70000e+01
  existing cuts   : false
options
  solver          : serial mode
  risk measure    : SDDP.Expectation()
  sampling scheme : SDDP.InSampleMonteCarlo
subproblem structure
  VariableRef                             : [24, 24]
  AffExpr in MOI.EqualTo{Float64}         : [3, 3]
  AffExpr in MOI.GreaterThan{Float64}     : [1, 1]
  AffExpr in MOI.LessThan{Float64}        : [1, 6]
  VariableRef in MOI.GreaterThan{Float64} : [20, 20]
  VariableRef in MOI.LessThan{Float64}    : [1, 2]
numerical stability report
  matrix range     [1e+00, 8e+01]
  objective range  [1e+00, 1e+03]
  bounds range     [6e+01, 6e+01]
  rhs range        [2e+02, 3e+03]
-------------------------------------------------------------------
 iteration    simulation      bound        time (s)     solves  pid
-------------------------------------------------------------------
         1   8.316000e+03  0.000000e+00  8.419609e-02        14   1
        40   5.132230e+03  4.074139e+03  3.207071e-01       776   1
-------------------------------------------------------------------
status         : simulation_stopping
total time (s) : 3.207071e-01
total solves   : 776
best bound     :  4.074139e+03
numeric issues : 0
-------------------------------------------------------------------

-------------------------------------------------------------------
         SDDP.jl (c) Oscar Dowson and contributors, 2017-26
-------------------------------------------------------------------
problem
  nodes           : 3
  state variables : 1
  scenarios       : 4.00000e+00
  existing cuts   : false
options
  solver          : serial mode
  risk measure    : SDDP.Expectation()
  sampling scheme : SDDP.InSampleMonteCarlo
subproblem structure
  VariableRef                             : [6, 6]
  AffExpr in MOI.EqualTo{Float64}         : [1, 1]
  VariableRef in MOI.GreaterThan{Float64} : [4, 4]
  VariableRef in MOI.Integer              : [3, 3]
  VariableRef in MOI.LessThan{Float64}    : [2, 3]
numerical stability report
  matrix range     [1e+00, 1e+00]
  objective range  [1e+00, 3e+02]
  bounds range     [1e+02, 2e+02]
  rhs range        [0e+00, 0e+00]
-------------------------------------------------------------------
 iteration    simulation      bound        time (s)     solves  pid
-------------------------------------------------------------------
         1L  1.100000e+05  6.250000e+04  8.024139e-01         8   1
        19L  6.000000e+04  6.250000e+04  1.823086e+00       164   1
        20L  9.500000e+04  6.250000e+04  1.855429e+00       172   1
-------------------------------------------------------------------
status         : simulation_stopping
total time (s) : 1.855429e+00
total solves   : 172
best bound     :  6.250000e+04
numeric issues : 0
-------------------------------------------------------------------

-------------------------------------------------------------------
         SDDP.jl (c) Oscar Dowson and contributors, 2017-26
-------------------------------------------------------------------
problem
  nodes           : 3
  state variables : 1
  scenarios       : 4.00000e+00
  existing cuts   : false
options
  solver          : serial mode
  risk measure    : SDDP.Expectation()
  sampling scheme : SDDP.InSampleMonteCarlo
subproblem structure
  VariableRef                             : [6, 6]
  AffExpr in MOI.EqualTo{Float64}         : [1, 1]
  VariableRef in MOI.GreaterThan{Float64} : [4, 4]
  VariableRef in MOI.Integer              : [3, 3]
  VariableRef in MOI.LessThan{Float64}    : [2, 3]
numerical stability report
  matrix range     [1e+00, 1e+00]
  objective range  [1e+00, 3e+02]
  bounds range     [1e+02, 2e+02]
  rhs range        [0e+00, 0e+00]
-------------------------------------------------------------------
 iteration    simulation      bound        time (s)     solves  pid
-------------------------------------------------------------------
         1   3.000000e+04  6.250000e+04  5.930901e-03         8   1
        20   5.500000e+04  6.250000e+04  4.729660e-01       172   1
-------------------------------------------------------------------
status         : simulation_stopping
total time (s) : 4.729660e-01
total solves   : 172
best bound     :  6.250000e+04
numeric issues : 0
-------------------------------------------------------------------

-------------------------------------------------------------------
         SDDP.jl (c) Oscar Dowson and contributors, 2017-26
-------------------------------------------------------------------
problem
  nodes           : 3
  state variables : 1
  scenarios       : 4.00000e+00
  existing cuts   : false
options
  solver          : serial mode
  risk measure    : SDDP.Expectation()
  sampling scheme : SDDP.InSampleMonteCarlo
subproblem structure
  VariableRef                             : [5, 5]
  AffExpr in MOI.EqualTo{Float64}         : [1, 1]
  VariableRef in MOI.GreaterThan{Float64} : [4, 4]
  VariableRef in MOI.LessThan{Float64}    : [2, 3]
numerical stability report
  matrix range     [1e+00, 1e+00]
  objective range  [1e+00, 3e+02]
  bounds range     [1e+02, 2e+02]
  rhs range        [1e+02, 3e+02]
-------------------------------------------------------------------
 iteration    simulation      bound        time (s)     solves  pid
-------------------------------------------------------------------
         1   3.000000e+04  6.250000e+04  7.980824e-03         5   1
        10   9.500000e+04  6.250000e+04  1.191580e-01        50   1
-------------------------------------------------------------------
status         : iteration_limit
total time (s) : 1.191580e-01
total solves   : 50
best bound     :  6.250000e+04
numeric issues : 0
-------------------------------------------------------------------

-------------------------------------------------------------------
         SDDP.jl (c) Oscar Dowson and contributors, 2017-26
-------------------------------------------------------------------
problem
  nodes           : 3
  state variables : 2
  scenarios       : 1.00000e+00
  existing cuts   : false
options
  solver          : serial mode
  risk measure    : SDDP.Expectation()
  sampling scheme : SDDP.InSampleMonteCarlo
subproblem structure
  VariableRef                             : [6, 6]
  AffExpr in MOI.EqualTo{Float64}         : [2, 2]
  VariableRef in MOI.GreaterThan{Float64} : [2, 3]
  VariableRef in MOI.LessThan{Float64}    : [3, 3]
  VariableRef in MOI.ZeroOne              : [3, 3]
numerical stability report
  matrix range     [1e+00, 1e+00]
  objective range  [1e+00, 6e+00]
  bounds range     [1e+00, 1e+02]
  rhs range        [0e+00, 0e+00]
-------------------------------------------------------------------
 iteration    simulation      bound        time (s)     solves  pid
-------------------------------------------------------------------
         1L  6.000000e+00  9.000000e+00  6.576419e-02         6   1
        20L  9.000000e+00  9.000000e+00  1.287322e-01       123   1
-------------------------------------------------------------------
status         : simulation_stopping
total time (s) : 1.287322e-01
total solves   : 123
best bound     :  9.000000e+00
numeric issues : 0
-------------------------------------------------------------------

-------------------------------------------------------------------
         SDDP.jl (c) Oscar Dowson and contributors, 2017-26
-------------------------------------------------------------------
problem
  nodes           : 7
  state variables : 2
  scenarios       : 8.00000e+00
  existing cuts   : false
options
  solver          : serial mode
  risk measure    : SDDP.Expectation()
  sampling scheme : SDDP.InSampleMonteCarlo
subproblem structure
  VariableRef                             : [5, 7]
  AffExpr in MOI.EqualTo{Float64}         : [1, 1]
  VariableRef in MOI.GreaterThan{Float64} : [3, 5]
  VariableRef in MOI.LessThan{Float64}    : [1, 1]
numerical stability report
  matrix range     [1e+00, 1e+00]
  objective range  [1e+00, 4e+00]
  bounds range     [1e+03, 1e+03]
  rhs range        [6e+01, 8e+01]
-------------------------------------------------------------------
 iteration    simulation      bound        time (s)     solves  pid
-------------------------------------------------------------------
         5  -2.742188e+01  2.605769e-01  1.401520e-01        87   1
        10  -2.742188e+01  2.605769e-01  1.458158e-01       142   1
        15   6.813781e+00  1.253721e+00  1.517549e-01       197   1
        20   0.000000e+00  1.514085e+00  1.578200e-01       252   1
        25   4.864000e+01  1.514085e+00  1.777568e-01       339   1
        30  -1.428571e+00  1.514085e+00  1.840968e-01       394   1
        35   3.979039e-13  1.514085e+00  1.905589e-01       449   1
        40  -3.979039e-13  1.514085e+00  1.978078e-01       504   1
        43   4.864000e+01  1.514085e+00  2.018590e-01       537   1
-------------------------------------------------------------------
status         : simulation_stopping
total time (s) : 2.018590e-01
total solves   : 537
best bound     :  1.514085e+00
numeric issues : 0
-------------------------------------------------------------------

-------------------------------------------------------------------
         SDDP.jl (c) Oscar Dowson and contributors, 2017-26
-------------------------------------------------------------------
problem
  nodes           : 7
  state variables : 2
  scenarios       : 3.20000e+01
  existing cuts   : false
options
  solver          : serial mode
  risk measure    : #9
  sampling scheme : SDDP.InSampleMonteCarlo
subproblem structure
  VariableRef                             : [5, 7]
  AffExpr in MOI.EqualTo{Float64}         : [1, 1]
  VariableRef in MOI.GreaterThan{Float64} : [2, 5]
  VariableRef in MOI.LessThan{Float64}    : [1, 1]
numerical stability report
  matrix range     [1e+00, 1e+00]
  objective range  [2e-02, 4e+00]
  bounds range     [1e+03, 1e+03]
  rhs range        [6e+01, 8e+01]
-------------------------------------------------------------------
 iteration    simulation      bound        time (s)     solves  pid
-------------------------------------------------------------------
        10  -7.690656e+00  2.366592e+00  1.697888e-01       278   1
        20   1.266135e+00  1.306623e+00  1.871240e-01       428   1
        30   2.252026e-01  1.280382e+00  2.050929e-01       578   1
        40  -1.051817e+00  1.278410e+00  2.376449e-01       856   1
        50   7.320288e+00  1.278410e+00  2.562280e-01      1006   1
        56   1.111084e+01  1.278410e+00  2.681620e-01      1096   1
-------------------------------------------------------------------
status         : simulation_stopping
total time (s) : 2.681620e-01
total solves   : 1096
best bound     :  1.278410e+00
numeric issues : 0
-------------------------------------------------------------------

-------------------------------------------------------------------
         SDDP.jl (c) Oscar Dowson and contributors, 2017-26
-------------------------------------------------------------------
problem
  nodes           : 7
  state variables : 2
  scenarios       : 3.20000e+01
  existing cuts   : false
options
  solver          : serial mode
  risk measure    : #9
  sampling scheme : SDDP.InSampleMonteCarlo
subproblem structure
  VariableRef                             : [5, 7]
  AffExpr in MOI.EqualTo{Float64}         : [1, 1]
  VariableRef in MOI.GreaterThan{Float64} : [2, 5]
  VariableRef in MOI.LessThan{Float64}    : [1, 1]
numerical stability report
  matrix range     [1e+00, 1e+00]
  objective range  [2e-02, 4e+00]
  bounds range     [1e+03, 1e+03]
  rhs range        [6e+01, 8e+01]
-------------------------------------------------------------------
 iteration    simulation      bound        time (s)     solves  pid
-------------------------------------------------------------------
        10   2.007061e+00  1.281639e+00  3.959012e-02       278   1
        20   1.426676e+01  1.278410e+00  6.290102e-02       428   1
        30   1.522212e+00  1.278410e+00  1.020522e-01       706   1
        40  -4.523775e+01  1.278410e+00  1.308641e-01       856   1
-------------------------------------------------------------------
status         : simulation_stopping
total time (s) : 1.308641e-01
total solves   : 856
best bound     :  1.278410e+00
numeric issues : 0
-------------------------------------------------------------------

-------------------------------------------------------------------
         SDDP.jl (c) Oscar Dowson and contributors, 2017-26
-------------------------------------------------------------------
problem
  nodes           : 4
  state variables : 1
  scenarios       : Inf
  existing cuts   : false
options
  solver          : serial mode
  risk measure    : SDDP.Expectation()
  sampling scheme : SDDP.InSampleMonteCarlo
subproblem structure
  VariableRef                             : [7, 7]
  AffExpr in MOI.EqualTo{Float64}         : [1, 1]
  AffExpr in MOI.GreaterThan{Float64}     : [2, 2]
  VariableRef in MOI.EqualTo{Float64}     : [1, 1]
  VariableRef in MOI.GreaterThan{Float64} : [5, 5]
  VariableRef in MOI.LessThan{Float64}    : [3, 3]
numerical stability report
  matrix range     [1e+00, 1e+00]
  objective range  [1e+00, 2e+00]
  bounds range     [2e+00, 1e+02]
  rhs range        [0e+00, 0e+00]
-------------------------------------------------------------------
 iteration    simulation      bound        time (s)     solves  pid
-------------------------------------------------------------------
        10   2.694235e+00  1.060052e+01  1.634708e+00       900   1
        20   5.498088e+00  1.456766e+01  1.856073e+00      1720   1
        30   2.912197e+01  1.665921e+01  2.326417e+00      3036   1
        40   1.608515e+01  1.792397e+01  2.868464e+00      4192   1
        50   3.997965e+00  1.830624e+01  3.298701e+00      5020   1
        60   1.102045e+01  1.840685e+01  3.775889e+00      5808   1
        70   8.045596e+00  1.846781e+01  4.265498e+00      6540   1
        80   4.710242e+01  1.851858e+01  4.618176e+00      7088   1
        90   3.901806e+01  1.865685e+01  5.402360e+00      8180   1
       100   8.003646e+00  1.869095e+01  5.766524e+00      8664   1
-------------------------------------------------------------------
status         : iteration_limit
total time (s) : 5.766524e+00
total solves   : 8664
best bound     :  1.869095e+01
numeric issues : 0
-------------------------------------------------------------------

-------------------------------------------------------------------
         SDDP.jl (c) Oscar Dowson and contributors, 2017-26
-------------------------------------------------------------------
problem
  nodes           : 5
  state variables : 2
  scenarios       : 3.20000e+01
  existing cuts   : false
options
  solver          : serial mode
  risk measure    : SDDP.Expectation()
  sampling scheme : SDDP.InSampleMonteCarlo
subproblem structure
  VariableRef                             : [10, 10]
  AffExpr in MOI.EqualTo{Float64}         : [2, 2]
  AffExpr in MOI.GreaterThan{Float64}     : [2, 2]
  AffExpr in MOI.LessThan{Float64}        : [6, 6]
  VariableRef in MOI.GreaterThan{Float64} : [5, 6]
  VariableRef in MOI.LessThan{Float64}    : [6, 6]
  VariableRef in MOI.ZeroOne              : [5, 5]
numerical stability report
  matrix range     [1e+00, 1e+00]
  objective range  [1e+00, 6e+00]
  bounds range     [1e+00, 1e+01]
  rhs range        [1e+00, 1e+00]
-------------------------------------------------------------------
 iteration    simulation      bound        time (s)     solves  pid
-------------------------------------------------------------------
         5   9.000000e+00  9.002950e+00  2.388349e-01       235   1
        10   4.000000e+00  9.002950e+00  4.029238e-01       310   1
        15   4.000000e+00  9.002950e+00  5.760040e-01       385   1
        20   4.000000e+00  9.002950e+00  7.415669e-01       460   1
        25   1.000000e+01  9.002950e+00  1.564370e+00       695   1
        30   5.000000e+00  9.002950e+00  1.723481e+00       770   1
        35   1.000000e+01  9.002950e+00  1.909907e+00       845   1
        40   5.000000e+00  9.002950e+00  2.087978e+00       920   1
-------------------------------------------------------------------
status         : simulation_stopping
total time (s) : 2.087978e+00
total solves   : 920
best bound     :  9.002950e+00
numeric issues : 0
-------------------------------------------------------------------

-------------------------------------------------------------------
         SDDP.jl (c) Oscar Dowson and contributors, 2017-26
-------------------------------------------------------------------
problem
  nodes           : 3
  state variables : 4
  scenarios       : 2.16000e+02
  existing cuts   : false
options
  solver          : serial mode
  risk measure    : SDDP.Expectation()
  sampling scheme : SDDP.InSampleMonteCarlo
subproblem structure
  VariableRef                             : [18, 18]
  AffExpr in MOI.EqualTo{Float64}         : [4, 4]
  AffExpr in MOI.GreaterThan{Float64}     : [4, 4]
  AffExpr in MOI.LessThan{Float64}        : [12, 12]
  VariableRef in MOI.GreaterThan{Float64} : [9, 10]
  VariableRef in MOI.LessThan{Float64}    : [10, 10]
  VariableRef in MOI.ZeroOne              : [9, 9]
numerical stability report
  matrix range     [1e+00, 1e+00]
  objective range  [1e+00, 4e+00]
  bounds range     [1e+00, 2e+01]
  rhs range        [1e+00, 1e+00]
-------------------------------------------------------------------
 iteration    simulation      bound        time (s)     solves  pid
-------------------------------------------------------------------
        10   1.000000e+01  6.868919e+00  4.168770e-01       510   1
        20   2.000000e+00  6.834387e+00  9.414189e-01       720   1
        30   1.200000e+01  6.834387e+00  2.285637e+00      1230   1
        40   7.000000e+00  6.823805e+00  2.822757e+00      1440   1
        50   7.000000e+00  6.823805e+00  4.286087e+00      1950   1
        60   5.000000e+00  6.823805e+00  4.815184e+00      2160   1
-------------------------------------------------------------------
status         : simulation_stopping
total time (s) : 4.815184e+00
total solves   : 2160
best bound     :  6.823805e+00
numeric issues : 0
-------------------------------------------------------------------

-------------------------------------------------------------------
         SDDP.jl (c) Oscar Dowson and contributors, 2017-26
-------------------------------------------------------------------
problem
  nodes           : 5
  state variables : 5
  scenarios       : 3.27680e+04
  existing cuts   : false
options
  solver          : serial mode
  risk measure    : SDDP.Expectation()
  sampling scheme : SDDP.InSampleMonteCarlo
subproblem structure
  VariableRef                             : [14, 14]
  AffExpr in MOI.GreaterThan{Float64}     : [7, 7]
  AffExpr in MOI.LessThan{Float64}        : [4, 4]
  VariableRef in MOI.GreaterThan{Float64} : [8, 8]
  VariableRef in MOI.Integer              : [5, 5]
  VariableRef in MOI.LessThan{Float64}    : [5, 6]
numerical stability report
  matrix range     [1e+00, 1e+00]
  objective range  [1e+00, 5e+05]
  bounds range     [1e+00, 1e+00]
  rhs range        [0e+00, 0e+00]
-------------------------------------------------------------------
 iteration    simulation      bound        time (s)     solves  pid
-------------------------------------------------------------------
        10   2.549668e+06  2.075239e+06  3.441834e+00       920   1
        20   5.494568e+05  2.078257e+06  4.206589e+00      1340   1
        30   4.985879e+04  2.078257e+06  7.301338e+00      2260   1
        40   3.799447e+06  2.078257e+06  8.092010e+00      2680   1
        41   1.299866e+06  2.078257e+06  8.160980e+00      2722   1
-------------------------------------------------------------------
status         : simulation_stopping
total time (s) : 8.160980e+00
total solves   : 2722
best bound     :  2.078257e+06
numeric issues : 0
-------------------------------------------------------------------

-------------------------------------------------------------------
         SDDP.jl (c) Oscar Dowson and contributors, 2017-26
-------------------------------------------------------------------
problem
  nodes           : 1
  state variables : 1
  scenarios       : Inf
  existing cuts   : false
options
  solver          : serial mode
  risk measure    : SDDP.Expectation()
  sampling scheme : SDDP.InSampleMonteCarlo
subproblem structure
  VariableRef                             : [8, 8]
  AffExpr in MOI.EqualTo{Float64}         : [2, 2]
  VariableRef in MOI.GreaterThan{Float64} : [5, 5]
  VariableRef in MOI.LessThan{Float64}    : [1, 1]
numerical stability report
  matrix range     [1e+00, 1e+00]
  objective range  [1e+00, 1e+01]
  bounds range     [5e+00, 2e+01]
  rhs range        [0e+00, 0e+00]
-------------------------------------------------------------------
 iteration    simulation      bound        time (s)     solves  pid
-------------------------------------------------------------------
       100   2.500000e+01  1.189023e+02  6.499429e-01      1946   1
       200   2.500000e+01  1.191635e+02  8.547339e-01      3920   1
       300   0.000000e+00  1.191666e+02  1.059787e+00      5902   1
       330   2.500000e+01  1.191667e+02  1.098759e+00      6224   1
-------------------------------------------------------------------
status         : simulation_stopping
total time (s) : 1.098759e+00
total solves   : 6224
best bound     :  1.191667e+02
numeric issues : 0
-------------------------------------------------------------------

-------------------------------------------------------------------
         SDDP.jl (c) Oscar Dowson and contributors, 2017-26
-------------------------------------------------------------------
problem
  nodes           : 1
  state variables : 1
  scenarios       : Inf
  existing cuts   : false
options
  solver          : serial mode
  risk measure    : SDDP.Expectation()
  sampling scheme : SDDP.InSampleMonteCarlo
subproblem structure
  VariableRef                             : [8, 8]
  AffExpr in MOI.EqualTo{Float64}         : [2, 2]
  VariableRef in MOI.GreaterThan{Float64} : [5, 5]
  VariableRef in MOI.LessThan{Float64}    : [1, 1]
numerical stability report
  matrix range     [1e+00, 1e+00]
  objective range  [1e+00, 1e+01]
  bounds range     [5e+00, 2e+01]
  rhs range        [0e+00, 0e+00]
-------------------------------------------------------------------
 iteration    simulation      bound        time (s)     solves  pid
-------------------------------------------------------------------
       100   0.000000e+00  1.191283e+02  3.010640e-01      2874   1
       200   2.500000e+00  1.191666e+02  5.802431e-01      4855   1
       282   7.500000e+00  1.191667e+02  7.110989e-01      5733   1
-------------------------------------------------------------------
status         : simulation_stopping
total time (s) : 7.110989e-01
total solves   : 5733
best bound     :  1.191667e+02
numeric issues : 0
-------------------------------------------------------------------

-------------------------------------------------------------------
         SDDP.jl (c) Oscar Dowson and contributors, 2017-26
-------------------------------------------------------------------
problem
  nodes           : 1
  state variables : 1
  scenarios       : Inf
  existing cuts   : false
options
  solver          : serial mode
  risk measure    : SDDP.Expectation()
  sampling scheme : SDDP.InSampleMonteCarlo
subproblem structure
  VariableRef                             : [3, 3]
  AffExpr in MOI.EqualTo{Float64}         : [1, 1]
  VariableRef in MOI.GreaterThan{Float64} : [1, 1]
numerical stability report
  matrix range     [1e+00, 1e+00]
  objective range  [1e+00, 1e+00]
  bounds range     [0e+00, 0e+00]
  rhs range        [0e+00, 0e+00]
-------------------------------------------------------------------
 iteration    simulation      bound        time (s)     solves  pid
-------------------------------------------------------------------
        10   4.000000e+00  1.997089e+01  7.411695e-02      1204   1
        20   8.000000e+00  2.000000e+01  9.025693e-02      1420   1
        30   1.600000e+01  2.000000e+01  1.641891e-01      2628   1
        40   8.000000e+00  2.000000e+01  1.824989e-01      2834   1
-------------------------------------------------------------------
status         : simulation_stopping
total time (s) : 1.824989e-01
total solves   : 2834
best bound     :  2.000000e+01
numeric issues : 0
-------------------------------------------------------------------

-------------------------------------------------------------------
         SDDP.jl (c) Oscar Dowson and contributors, 2017-26
-------------------------------------------------------------------
problem
  nodes           : 4
  state variables : 1
  scenarios       : 1.00000e+03
  existing cuts   : false
options
  solver          : serial mode
  risk measure    : A convex combination of 0.5 * SDDP.Expectation() + 0.5 * SDDP.AVaR(0.2)
  sampling scheme : SDDP.InSampleMonteCarlo
subproblem structure
  VariableRef                             : [9, 9]
  AffExpr in MOI.EqualTo{Float64}         : [2, 2]
  VariableRef in MOI.EqualTo{Float64}     : [1, 1]
  VariableRef in MOI.GreaterThan{Float64} : [7, 7]
  VariableRef in MOI.LessThan{Float64}    : [6, 7]
numerical stability report
  matrix range     [1e+00, 1e+00]
  objective range  [1e+00, 5e+01]
  bounds range     [2e+01, 2e+02]
  rhs range        [8e+01, 8e+01]
-------------------------------------------------------------------
 iteration    simulation      bound        time (s)     solves  pid
-------------------------------------------------------------------
         1   1.948878e+03  2.847167e+03  3.126383e-02        35   1
        10   7.500000e+02  2.935390e+03  6.137300e-02       350   1
-------------------------------------------------------------------
status         : iteration_limit
total time (s) : 6.137300e-02
total solves   : 350
best bound     :  2.935390e+03
numeric issues : 0
-------------------------------------------------------------------

-------------------------------------------------------------------
         SDDP.jl (c) Oscar Dowson and contributors, 2017-26
-------------------------------------------------------------------
problem
  nodes           : 1
  state variables : 1
  scenarios       : Inf
  existing cuts   : false
options
  solver          : serial mode
  risk measure    : SDDP.Expectation()
  sampling scheme : SDDP.InSampleMonteCarlo
subproblem structure
  VariableRef                             : [3, 3]
  AffExpr in MOI.EqualTo{Float64}         : [1, 1]
  VariableRef in MOI.GreaterThan{Float64} : [1, 1]
numerical stability report
  matrix range     [1e+00, 1e+00]
  objective range  [1e+00, 1e+00]
  bounds range     [0e+00, 0e+00]
  rhs range        [0e+00, 0e+00]
-------------------------------------------------------------------
 iteration    simulation      bound        time (s)     solves  pid
-------------------------------------------------------------------
         1   1.000000e+00  1.500000e+00  1.854897e-03         3   1
        40   1.000000e+00  2.000000e+00  4.504299e-02       608   1
-------------------------------------------------------------------
status         : simulation_stopping
total time (s) : 4.504299e-02
total solves   : 608
best bound     :  2.000000e+00
numeric issues : 0
-------------------------------------------------------------------

-------------------------------------------------------------------
         SDDP.jl (c) Oscar Dowson and contributors, 2017-26
-------------------------------------------------------------------
problem
  nodes           : 3
  state variables : 1
  scenarios       : 8.51840e+04
  existing cuts   : false
options
  solver          : serial mode
  risk measure    : SDDP.Expectation()
  sampling scheme : SDDP.InSampleMonteCarlo
subproblem structure
  VariableRef                             : [6, 6]
  AffExpr in MOI.EqualTo{Float64}         : [1, 3]
  AffExpr in MOI.LessThan{Float64}        : [2, 2]
  VariableRef in MOI.GreaterThan{Float64} : [3, 4]
  VariableRef in MOI.LessThan{Float64}    : [3, 3]
numerical stability report
  matrix range     [8e-01, 2e+00]
  objective range  [1e+00, 2e+00]
  bounds range     [1e+00, 1e+02]
  rhs range        [5e+01, 5e+01]
-------------------------------------------------------------------
 iteration    simulation      bound        time (s)     solves  pid
-------------------------------------------------------------------
        10   5.500000e+00  5.473308e+00  1.675041e-01      1350   1
        20   4.062500e+00  4.451907e+00  2.626629e-01      2700   1
        30   2.993750e+00  4.101372e+00  3.665519e-01      4050   1
        40   5.750000e+00  4.095757e+00  4.753771e-01      5400   1
        50   5.125000e+00  4.093536e+00  5.887270e-01      6750   1
        60   3.737500e+00  4.089225e+00  7.081039e-01      8100   1
        70   4.500000e+00  4.088152e+00  8.270071e-01      9450   1
        80   4.950000e+00  4.087904e+00  9.501140e-01     10800   1
        90   4.125000e+00  4.087756e+00  1.076546e+00     12150   1
       100   3.275000e+00  4.086300e+00  1.216134e+00     13500   1
       110   5.250000e+00  4.086125e+00  1.348407e+00     14850   1
       120   4.975000e+00  4.086054e+00  1.487765e+00     16200   1
       130   3.500000e+00  4.085422e+00  1.625188e+00     17550   1
       140   4.593750e+00  4.085327e+00  1.762398e+00     18900   1
       150   3.000000e+00  4.085258e+00  1.901655e+00     20250   1
       160   2.700000e+00  4.085247e+00  2.080562e+00     21600   1
       170   3.812500e+00  4.085151e+00  2.226810e+00     22950   1
       180   3.875000e+00  4.085121e+00  2.378858e+00     24300   1
       190   4.737500e+00  4.085102e+00  2.523989e+00     25650   1
       200   2.906250e+00  4.085073e+00  2.672354e+00     27000   1
       210   3.750000e+00  4.085050e+00  2.829519e+00     28350   1
       220   5.050000e+00  4.085037e+00  2.981552e+00     29700   1
       230   2.925000e+00  4.085012e+00  3.127710e+00     31050   1
       240   4.500000e+00  4.084970e+00  3.278592e+00     32400   1
       250   4.875000e+00  4.084908e+00  3.435786e+00     33750   1
       260   3.675000e+00  4.084905e+00  3.583278e+00     35100   1
       270   4.725000e+00  4.084903e+00  3.740601e+00     36450   1
       280   3.437500e+00  4.084900e+00  3.894272e+00     37800   1
       290   3.750000e+00  4.084879e+00  4.053699e+00     39150   1
       300   4.125000e+00  4.084879e+00  4.215543e+00     40500   1
       310   4.875000e+00  4.084803e+00  4.376333e+00     41850   1
       320   5.625000e+00  4.084803e+00  4.531166e+00     43200   1
       330   3.825000e+00  4.084800e+00  4.692892e+00     44550   1
       340   3.300000e+00  4.084796e+00  4.855823e+00     45900   1
       350   5.887500e+00  4.084796e+00  5.020924e+00     47250   1
       360   3.600000e+00  4.084786e+00  5.185021e+00     48600   1
       370   3.618750e+00  4.084786e+00  5.350393e+00     49950   1
       380   4.968750e+00  4.084782e+00  5.514040e+00     51300   1
       390   3.300000e+00  4.084780e+00  5.669480e+00     52650   1
       400   4.006250e+00  4.084779e+00  5.877912e+00     54000   1
       410   4.050000e+00  4.084779e+00  6.049123e+00     55350   1
       420   5.125000e+00  4.084776e+00  6.218350e+00     56700   1
       430   4.000000e+00  4.084776e+00  6.388798e+00     58050   1
       440   4.125000e+00  4.084776e+00  6.562440e+00     59400   1
       450   3.112500e+00  4.084776e+00  6.732364e+00     60750   1
       460   3.750000e+00  4.084771e+00  6.904002e+00     62100   1
       470   3.187500e+00  4.084767e+00  7.063397e+00     63450   1
       480   3.031250e+00  4.084757e+00  7.241632e+00     64800   1
       490   4.181250e+00  4.084753e+00  7.411829e+00     66150   1
       500   3.187500e+00  4.084746e+00  7.593401e+00     67500   1
       510   4.875000e+00  4.084741e+00  7.765450e+00     68850   1
       520   3.900000e+00  4.084737e+00  7.935256e+00     70200   1
       530   4.350000e+00  4.084737e+00  8.107885e+00     71550   1
       540   4.212500e+00  4.084737e+00  8.277230e+00     72900   1
       550   4.250000e+00  4.084734e+00  8.450875e+00     74250   1
       560   3.750000e+00  4.084734e+00  8.624256e+00     75600   1
       570   5.306250e+00  4.084730e+00  8.795043e+00     76950   1
       580   4.725000e+00  4.084730e+00  8.967137e+00     78300   1
       590   4.250000e+00  4.084730e+00  9.137652e+00     79650   1
       600   4.000000e+00  4.084730e+00  9.311674e+00     81000   1
       610   4.600000e+00  4.084730e+00  9.477332e+00     82350   1
       620   3.375000e+00  4.084730e+00  9.669480e+00     83700   1
       630   3.981250e+00  4.084725e+00  9.853754e+00     85050   1
       640   3.250000e+00  4.084725e+00  1.003056e+01     86400   1
       650   3.625000e+00  4.084725e+00  1.020193e+01     87750   1
       660   4.781250e+00  4.084725e+00  1.038098e+01     89100   1
       670   4.275000e+00  4.084725e+00  1.055961e+01     90450   1
       680   2.731250e+00  4.084725e+00  1.074231e+01     91800   1
       690   5.237500e+00  4.084725e+00  1.092646e+01     93150   1
       700   3.325000e+00  4.084725e+00  1.110214e+01     94500   1
       710   4.750000e+00  4.084725e+00  1.128903e+01     95850   1
       720   4.537500e+00  4.084725e+00  1.147102e+01     97200   1
       730   4.725000e+00  4.084725e+00  1.165965e+01     98550   1
       740   4.475000e+00  4.084725e+00  1.184106e+01     99900   1
       750   2.893750e+00  4.084725e+00  1.202410e+01    101250   1
       760   3.525000e+00  4.084725e+00  1.220651e+01    102600   1
       770   3.525000e+00  4.084725e+00  1.238879e+01    103950   1
       780   3.262500e+00  4.084725e+00  1.256873e+01    105300   1
       790   4.918750e+00  4.084725e+00  1.275977e+01    106650   1
       800   3.750000e+00  4.084725e+00  1.294701e+01    108000   1
       810   4.687500e+00  4.084725e+00  1.314042e+01    109350   1
       820   4.018750e+00  4.084725e+00  1.333768e+01    110700   1
       830   4.725000e+00  4.084725e+00  1.355287e+01    112050   1
       840   4.268750e+00  4.084725e+00  1.374650e+01    113400   1
       850   5.175000e+00  4.084725e+00  1.392873e+01    114750   1
       860   3.125000e+00  4.084725e+00  1.412523e+01    116100   1
       870   2.762500e+00  4.084725e+00  1.430189e+01    117450   1
       880   3.375000e+00  4.084725e+00  1.447710e+01    118800   1
       890   3.875000e+00  4.084725e+00  1.466838e+01    120150   1
       900   3.093750e+00  4.084725e+00  1.485078e+01    121500   1
       910   4.125000e+00  4.084724e+00  1.505066e+01    122850   1
       920   4.750000e+00  4.084724e+00  1.524185e+01    124200   1
       930   5.431250e+00  4.084724e+00  1.543201e+01    125550   1
       940   3.000000e+00  4.084724e+00  1.562361e+01    126900   1
       950   4.243750e+00  4.084724e+00  1.580823e+01    128250   1
       960   3.756250e+00  4.084724e+00  1.600023e+01    129600   1
       970   3.750000e+00  4.084724e+00  1.620564e+01    130950   1
       980   4.350000e+00  4.084724e+00  1.640255e+01    132300   1
       990   3.375000e+00  4.084722e+00  1.660899e+01    133650   1
      1000   4.750000e+00  4.084722e+00  1.681035e+01    135000   1
      1010   3.825000e+00  4.084722e+00  1.700913e+01    136350   1
      1020   4.000000e+00  4.084722e+00  1.721936e+01    137700   1
      1030   4.500000e+00  4.084722e+00  1.741947e+01    139050   1
      1040   3.637500e+00  4.084722e+00  1.762349e+01    140400   1
      1050   4.050000e+00  4.084722e+00  1.781745e+01    141750   1
      1060   4.925000e+00  4.084722e+00  1.801605e+01    143100   1
      1070   4.500000e+00  4.084722e+00  1.822065e+01    144450   1
      1080   5.000000e+00  4.084722e+00  1.842660e+01    145800   1
      1090   4.393750e+00  4.084722e+00  1.862803e+01    147150   1
      1100   3.750000e+00  4.084722e+00  1.884236e+01    148500   1
      1110   4.306250e+00  4.084722e+00  1.903867e+01    149850   1
      1120   4.200000e+00  4.084722e+00  1.924963e+01    151200   1
      1130   4.343750e+00  4.084722e+00  1.946532e+01    152550   1
      1140   4.650000e+00  4.084722e+00  1.968699e+01    153900   1
      1150   4.537500e+00  4.084722e+00  1.990779e+01    155250   1
      1155   3.093750e+00  4.084722e+00  2.001670e+01    155925   1
-------------------------------------------------------------------
status         : time_limit
total time (s) : 2.001670e+01
total solves   : 155925
best bound     :  4.084722e+00
numeric issues : 0
-------------------------------------------------------------------

-------------------------------------------------------------------
         SDDP.jl (c) Oscar Dowson and contributors, 2017-26
-------------------------------------------------------------------
problem
  nodes           : 3
  state variables : 1
  scenarios       : 8.51840e+04
  existing cuts   : false
options
  solver          : serial mode
  risk measure    : SDDP.Expectation()
  sampling scheme : SDDP.InSampleMonteCarlo
subproblem structure
  VariableRef                             : [6, 6]
  AffExpr in MOI.EqualTo{Float64}         : [1, 3]
  AffExpr in MOI.LessThan{Float64}        : [2, 2]
  VariableRef in MOI.GreaterThan{Float64} : [3, 4]
  VariableRef in MOI.LessThan{Float64}    : [3, 3]
numerical stability report
  matrix range     [8e-01, 2e+00]
  objective range  [1e+00, 2e+00]
  bounds range     [1e+00, 1e+02]
  rhs range        [5e+01, 5e+01]
-------------------------------------------------------------------
 iteration    simulation      bound        time (s)     solves  pid
-------------------------------------------------------------------
        10   4.556250e+00  4.349946e+00  2.046731e-01      1350   1
        20   4.012500e+00  4.053284e+00  5.697770e-01      2700   1
        30   4.468750e+00  4.046599e+00  1.087627e+00      4050   1
        40   3.562500e+00  4.042699e+00  1.704893e+00      5400   1
        50   2.775000e+00  4.040239e+00  2.490648e+00      6750   1
        60   5.000000e+00  4.039868e+00  3.414178e+00      8100   1
        70   3.625000e+00  4.039054e+00  4.514089e+00      9450   1
        80   5.343750e+00  4.038943e+00  5.664480e+00     10800   1
        90   3.037500e+00  4.038928e+00  6.919999e+00     12150   1
       100   3.825000e+00  4.038874e+00  8.396454e+00     13500   1
       110   3.737500e+00  4.038801e+00  9.938928e+00     14850   1
       120   4.125000e+00  4.038200e+00  1.156139e+01     16200   1
       130   4.775000e+00  4.038194e+00  1.328081e+01     17550   1
       140   3.600000e+00  4.038115e+00  1.510349e+01     18900   1
       150   4.325000e+00  4.038101e+00  1.709089e+01     20250   1
       160   4.275000e+00  4.038100e+00  1.913212e+01     21600   1
       165   2.937500e+00  4.038100e+00  2.016885e+01     22275   1
-------------------------------------------------------------------
status         : time_limit
total time (s) : 2.016885e+01
total solves   : 22275
best bound     :  4.038100e+00
numeric issues : 0
-------------------------------------------------------------------

-------------------------------------------------------------------
         SDDP.jl (c) Oscar Dowson and contributors, 2017-26
-------------------------------------------------------------------
problem
  nodes           : 8
  state variables : 1
  scenarios       : 1.00000e+08
  existing cuts   : false
options
  solver          : serial mode
  risk measure    : SDDP.Expectation()
  sampling scheme : SDDP.InSampleMonteCarlo
subproblem structure
  VariableRef                             : [7, 7]
  AffExpr in MOI.EqualTo{Float64}         : [1, 1]
  AffExpr in MOI.GreaterThan{Float64}     : [2, 2]
  VariableRef in MOI.GreaterThan{Float64} : [4, 4]
  VariableRef in MOI.LessThan{Float64}    : [1, 2]
  VariableRef in MOI.ZeroOne              : [1, 1]
numerical stability report
  matrix range     [1e+00, 2e+00]
  objective range  [5e-01, 1e+00]
  bounds range     [1e+00, 1e+00]
  rhs range        [1e+00, 1e+00]
-------------------------------------------------------------------
 iteration    simulation      bound        time (s)     solves  pid
-------------------------------------------------------------------
        10   3.543676e+00  1.160450e+00  5.637454e+00      1680   1
        20   2.847959e+00  1.164760e+00  6.198152e+00      2560   1
        30   3.566556e+00  1.167299e+00  1.113733e+01      4240   1
        40   3.583765e+00  1.167299e+00  1.167057e+01      5120   1
        50   3.650223e+00  1.167299e+00  1.668540e+01      6800   1
        60   2.809551e+00  1.167299e+00  1.721660e+01      7680   1
        70   2.881836e+00  1.167299e+00  2.220343e+01      9360   1
        80   3.099996e+00  1.167299e+00  2.273495e+01     10240   1
-------------------------------------------------------------------
status         : simulation_stopping
total time (s) : 2.273495e+01
total solves   : 10240
best bound     :  1.167299e+00
numeric issues : 0
-------------------------------------------------------------------

-------------------------------------------------------------------
         SDDP.jl (c) Oscar Dowson and contributors, 2017-26
-------------------------------------------------------------------
problem
  nodes           : 2
  state variables : 2
  scenarios       : 4.00000e+00
  existing cuts   : false
options
  solver          : serial mode
  risk measure    : SDDP.Expectation()
  sampling scheme : SDDP.InSampleMonteCarlo
subproblem structure
  VariableRef                             : [7, 11]
  AffExpr in MOI.EqualTo{Float64}         : [2, 2]
  AffExpr in MOI.LessThan{Float64}        : [2, 2]
  VariableRef in MOI.GreaterThan{Float64} : [5, 7]
  VariableRef in MOI.Integer              : [2, 2]
  VariableRef in MOI.LessThan{Float64}    : [4, 7]
  VariableRef in MOI.ZeroOne              : [4, 4]
numerical stability report
  matrix range     [1e+00, 6e+00]
  objective range  [1e+00, 3e+01]
  bounds range     [1e+00, 1e+02]
  rhs range        [0e+00, 0e+00]
-------------------------------------------------------------------
 iteration    simulation      bound        time (s)     solves  pid
-------------------------------------------------------------------
        10  -4.700000e+01 -5.809615e+01  1.844189e-01        78   1
        20  -4.700000e+01 -5.809615e+01  3.714330e-01       148   1
        30  -4.000000e+01 -5.809615e+01  5.629489e-01       226   1
        40  -4.700000e+01 -5.809615e+01  7.405648e-01       296   1
-------------------------------------------------------------------
status         : simulation_stopping
total time (s) : 7.405648e-01
total solves   : 296
best bound     : -5.809615e+01
numeric issues : 0
-------------------------------------------------------------------

-------------------------------------------------------------------
         SDDP.jl (c) Oscar Dowson and contributors, 2017-26
-------------------------------------------------------------------
problem
  nodes           : 2
  state variables : 2
  scenarios       : 9.00000e+00
  existing cuts   : false
options
  solver          : serial mode
  risk measure    : SDDP.Expectation()
  sampling scheme : SDDP.InSampleMonteCarlo
subproblem structure
  VariableRef                             : [7, 11]
  AffExpr in MOI.EqualTo{Float64}         : [2, 2]
  AffExpr in MOI.LessThan{Float64}        : [2, 2]
  VariableRef in MOI.GreaterThan{Float64} : [5, 7]
  VariableRef in MOI.Integer              : [2, 2]
  VariableRef in MOI.LessThan{Float64}    : [4, 7]
  VariableRef in MOI.ZeroOne              : [4, 4]
numerical stability report
  matrix range     [1e+00, 6e+00]
  objective range  [1e+00, 3e+01]
  bounds range     [1e+00, 1e+02]
  rhs range        [0e+00, 0e+00]
-------------------------------------------------------------------
 iteration    simulation      bound        time (s)     solves  pid
-------------------------------------------------------------------
        10  -8.200000e+01 -6.196125e+01  1.797011e-01       138   1
        20  -4.000000e+01 -6.196125e+01  3.570762e-01       258   1
        30  -8.200000e+01 -6.196125e+01  6.127431e-01       396   1
        40  -4.000000e+01 -6.196125e+01  7.915010e-01       516   1
-------------------------------------------------------------------
status         : simulation_stopping
total time (s) : 7.915010e-01
total solves   : 516
best bound     : -6.196125e+01
numeric issues : 0
-------------------------------------------------------------------

-------------------------------------------------------------------
         SDDP.jl (c) Oscar Dowson and contributors, 2017-26
-------------------------------------------------------------------
problem
  nodes           : 2
  state variables : 2
  scenarios       : 3.60000e+01
  existing cuts   : false
options
  solver          : serial mode
  risk measure    : SDDP.Expectation()
  sampling scheme : SDDP.InSampleMonteCarlo
subproblem structure
  VariableRef                             : [7, 11]
  AffExpr in MOI.EqualTo{Float64}         : [2, 2]
  AffExpr in MOI.LessThan{Float64}        : [2, 2]
  VariableRef in MOI.GreaterThan{Float64} : [5, 7]
  VariableRef in MOI.Integer              : [2, 2]
  VariableRef in MOI.LessThan{Float64}    : [4, 7]
  VariableRef in MOI.ZeroOne              : [4, 4]
numerical stability report
  matrix range     [1e+00, 6e+00]
  objective range  [1e+00, 3e+01]
  bounds range     [1e+00, 1e+02]
  rhs range        [0e+00, 0e+00]
-------------------------------------------------------------------
 iteration    simulation      bound        time (s)     solves  pid
-------------------------------------------------------------------
        10  -4.700000e+01 -6.546793e+01  3.236759e-01       462   1
        20  -5.600000e+01 -6.546793e+01  5.285389e-01       852   1
        30  -7.000000e+01 -6.546793e+01  1.093957e+00      1314   1
        40  -8.200000e+01 -6.546793e+01  1.286452e+00      1704   1
-------------------------------------------------------------------
status         : simulation_stopping
total time (s) : 1.286452e+00
total solves   : 1704
best bound     : -6.546793e+01
numeric issues : 0
-------------------------------------------------------------------

-------------------------------------------------------------------
         SDDP.jl (c) Oscar Dowson and contributors, 2017-26
-------------------------------------------------------------------
problem
  nodes           : 3
  state variables : 2
  scenarios       : 2.70000e+01
  existing cuts   : false
options
  solver          : serial mode
  risk measure    : SDDP.Expectation()
  sampling scheme : SDDP.InSampleMonteCarlo
subproblem structure
  VariableRef                             : [9, 9]
  AffExpr in MOI.EqualTo{Float64}         : [2, 2]
  AffExpr in MOI.LessThan{Float64}        : [2, 2]
  VariableRef in MOI.GreaterThan{Float64} : [2, 3]
  VariableRef in MOI.LessThan{Float64}    : [3, 3]
  VariableRef in MOI.ZeroOne              : [4, 4]
numerical stability report
  matrix range     [1e+00, 1e+00]
  objective range  [1e+00, 6e+00]
  bounds range     [1e+00, 1e+02]
  rhs range        [0e+00, 0e+00]
-------------------------------------------------------------------
 iteration    simulation      bound        time (s)     solves  pid
-------------------------------------------------------------------
         1L  9.000000e+00  1.422222e+01  4.693508e-02        11   1
        18L  6.000000e+00  8.000000e+00  1.101453e+00       279   1
        32L  6.000000e+00  8.000000e+00  2.156538e+00       514   1
        40L  6.000000e+00  8.000000e+00  2.671132e+00       602   1
-------------------------------------------------------------------
status         : simulation_stopping
total time (s) : 2.671132e+00
total solves   : 602
best bound     :  8.000000e+00
numeric issues : 0
-------------------------------------------------------------------

-------------------------------------------------------------------
         SDDP.jl (c) Oscar Dowson and contributors, 2017-26
-------------------------------------------------------------------
problem
  nodes           : 2
  state variables : 3
  scenarios       : 3.00000e+00
  existing cuts   : false
options
  solver          : serial mode
  risk measure    : SDDP.Expectation()
  sampling scheme : SDDP.InSampleMonteCarlo
subproblem structure
  VariableRef                             : [7, 19]
  AffExpr in MOI.EqualTo{Float64}         : [3, 3]
  AffExpr in MOI.GreaterThan{Float64}     : [3, 3]
  AffExpr in MOI.LessThan{Float64}        : [1, 1]
  VariableRef in MOI.GreaterThan{Float64} : [3, 16]
  VariableRef in MOI.LessThan{Float64}    : [1, 2]
numerical stability report
  matrix range     [1e+00, 2e+01]
  objective range  [1e+00, 1e+03]
  bounds range     [6e+03, 5e+05]
  rhs range        [2e+02, 5e+02]
-------------------------------------------------------------------
 iteration    simulation      bound        time (s)     solves  pid
-------------------------------------------------------------------
         1  -9.800000e+04  4.922260e+05  1.153741e-01         6   1
        40   1.093500e+05  1.083900e+05  1.406641e-01       240   1
-------------------------------------------------------------------
status         : iteration_limit
total time (s) : 1.406641e-01
total solves   : 240
best bound     :  1.083900e+05
numeric issues : 0
-------------------------------------------------------------------

