-------------------------------------------------------------------
         SDDP.jl (c) Oscar Dowson and contributors, 2017-26
-------------------------------------------------------------------
problem
  nodes           : 3
  state variables : 1
  scenarios       : 1.00000e+00
  existing cuts   : false
options
  solver          : serial mode
  risk measure    : SDDP.Expectation()
  sampling scheme : SDDP.InSampleMonteCarlo
subproblem structure
  VariableRef                             : [5, 5]
  AffExpr in MOI.EqualTo{Float64}         : [1, 1]
  VariableRef in MOI.GreaterThan{Float64} : [4, 4]
  VariableRef in MOI.Integer              : [2, 2]
  VariableRef in MOI.LessThan{Float64}    : [2, 3]
numerical stability report
  matrix range     [1e+00, 1e+00]
  objective range  [1e+00, 6e+00]
  bounds range     [1e+02, 2e+02]
  rhs range        [2e+02, 2e+02]
-------------------------------------------------------------------
 iteration    simulation      bound        time (s)     solves  pid
-------------------------------------------------------------------
         1   9.000000e+02  9.000000e+02  1.105346e+00         6   1
         2   9.000000e+02  9.000000e+02  1.267600e+00        15   1
         3S  9.000000e+02  9.000000e+02  1.406489e+00        21   1
         4   9.000000e+02  9.000000e+02  1.408441e+00        27   1
         5S  9.000000e+02  9.000000e+02  1.410833e+00        33   1
         6   9.000000e+02  9.000000e+02  1.412716e+00        39   1
         7S  9.000000e+02  9.000000e+02  1.415081e+00        45   1
         8   9.000000e+02  9.000000e+02  1.416876e+00        51   1
         9S  9.000000e+02  9.000000e+02  1.419308e+00        57   1
        10   9.000000e+02  9.000000e+02  1.421096e+00        63   1
        11S  9.000000e+02  9.000000e+02  1.423519e+00        69   1
        12   9.000000e+02  9.000000e+02  1.425334e+00        75   1
        13S  9.000000e+02  9.000000e+02  1.427706e+00        81   1
        14   9.000000e+02  9.000000e+02  1.429514e+00        87   1
        15S  9.000000e+02  9.000000e+02  1.432002e+00        93   1
        16   9.000000e+02  9.000000e+02  1.433894e+00        99   1
        17S  9.000000e+02  9.000000e+02  1.436390e+00       105   1
        18   9.000000e+02  9.000000e+02  1.438414e+00       111   1
        19S  9.000000e+02  9.000000e+02  1.440936e+00       117   1
        20   9.000000e+02  9.000000e+02  1.442873e+00       123   1
-------------------------------------------------------------------
status         : simulation_stopping
total time (s) : 1.442873e+00
total solves   : 123
best bound     :  9.000000e+02
numeric issues : 0
-------------------------------------------------------------------

-------------------------------------------------------------------
         SDDP.jl (c) Oscar Dowson and contributors, 2017-26
-------------------------------------------------------------------
problem
  nodes           : 3
  state variables : 1
  scenarios       : 1.00000e+00
  existing cuts   : false
options
  solver          : serial mode
  risk measure    : SDDP.Expectation()
  sampling scheme : SDDP.InSampleMonteCarlo
subproblem structure
  VariableRef                             : [5, 5]
  AffExpr in MOI.EqualTo{Float64}         : [1, 1]
  VariableRef in MOI.GreaterThan{Float64} : [4, 4]
  VariableRef in MOI.Integer              : [2, 2]
  VariableRef in MOI.LessThan{Float64}    : [2, 3]
numerical stability report
  matrix range     [1e+00, 1e+00]
  objective range  [1e+00, 6e+00]
  bounds range     [1e+02, 2e+02]
  rhs range        [2e+02, 2e+02]
-------------------------------------------------------------------
 iteration    simulation      bound        time (s)     solves  pid
-------------------------------------------------------------------
         1   9.000000e+02  9.000000e+02  2.745149e-01         6   1
        20   9.000000e+02  9.000000e+02  4.470608e-01       123   1
-------------------------------------------------------------------
status         : simulation_stopping
total time (s) : 4.470608e-01
total solves   : 123
best bound     :  9.000000e+02
numeric issues : 0
-------------------------------------------------------------------

-------------------------------------------------------------------
         SDDP.jl (c) Oscar Dowson and contributors, 2017-26
-------------------------------------------------------------------
problem
  nodes           : 12
  state variables : 1
  scenarios       : 1.00000e+00
  existing cuts   : false
options
  solver          : Threaded()
  risk measure    : SDDP.Expectation()
  sampling scheme : SDDP.InSampleMonteCarlo
subproblem structure
  VariableRef                             : [3, 3]
  VariableRef in MOI.GreaterThan{Float64} : [2, 2]
  VariableRef in MOI.LessThan{Float64}    : [1, 1]
numerical stability report
  matrix range     [0e+00, 0e+00]
  objective range  [1e+00, 1e+00]
  bounds range     [0e+00, 0e+00]
  rhs range        [0e+00, 0e+00]
-------------------------------------------------------------------
 iteration    simulation      bound        time (s)     solves  pid
-------------------------------------------------------------------
         1   0.000000e+00  0.000000e+00  2.479980e-01        90   4
         2   0.000000e+00  0.000000e+00  2.498770e-01        96   2
         5   0.000000e+00  0.000000e+00  2.531381e-01       135   3
         6   0.000000e+00  0.000000e+00  2.544379e-01       180   2
         7   0.000000e+00  0.000000e+00  2.564161e-01       225   4
         8   0.000000e+00  0.000000e+00  2.566149e-01       227   3
         9   0.000000e+00  0.000000e+00  3.081081e-01       285   5
        10   0.000000e+00  0.000000e+00  3.086381e-01       291   3
        12   0.000000e+00  0.000000e+00  3.111110e-01       311   4
        13   0.000000e+00  0.000000e+00  3.114240e-01       312   5
-------------------------------------------------------------------
status         : iteration_limit
total time (s) : 3.114240e-01
total solves   : 312
best bound     :  0.000000e+00
numeric issues : 0
-------------------------------------------------------------------

