-------------------------------------------------------------------
         SDDP.jl (c) Oscar Dowson and contributors, 2017-26
-------------------------------------------------------------------
problem
  nodes           : 3
  state variables : 1
  scenarios       : 1.00000e+00
  existing cuts   : false
options
  solver          : serial mode
  risk measure    : SDDP.Expectation()
  sampling scheme : SDDP.InSampleMonteCarlo
subproblem structure
  VariableRef                             : [5, 5]
  AffExpr in MOI.EqualTo{Float64}         : [1, 1]
  VariableRef in MOI.GreaterThan{Float64} : [4, 4]
  VariableRef in MOI.Integer              : [2, 2]
  VariableRef in MOI.LessThan{Float64}    : [2, 3]
numerical stability report
  matrix range     [1e+00, 1e+00]
  objective range  [1e+00, 6e+00]
  bounds range     [1e+02, 2e+02]
  rhs range        [2e+02, 2e+02]
-------------------------------------------------------------------
 iteration    simulation      bound        time (s)     solves  pid
-------------------------------------------------------------------
         1   9.000000e+02  9.000000e+02  1.029676e+00         6   1
         2   9.000000e+02  9.000000e+02  1.178703e+00        15   1
         3S  9.000000e+02  9.000000e+02  1.306607e+00        21   1
         4   9.000000e+02  9.000000e+02  1.308436e+00        27   1
         5S  9.000000e+02  9.000000e+02  1.310615e+00        33   1
         6   9.000000e+02  9.000000e+02  1.312289e+00        39   1
         7S  9.000000e+02  9.000000e+02  1.314450e+00        45   1
         8   9.000000e+02  9.000000e+02  1.316141e+00        51   1
         9S  9.000000e+02  9.000000e+02  1.318324e+00        57   1
        10   9.000000e+02  9.000000e+02  1.320013e+00        63   1
        11S  9.000000e+02  9.000000e+02  1.322195e+00        69   1
        12   9.000000e+02  9.000000e+02  1.323894e+00        75   1
        13S  9.000000e+02  9.000000e+02  1.326130e+00        81   1
        14   9.000000e+02  9.000000e+02  1.327857e+00        87   1
        15S  9.000000e+02  9.000000e+02  1.330091e+00        93   1
        16   9.000000e+02  9.000000e+02  1.331816e+00        99   1
        17S  9.000000e+02  9.000000e+02  1.334053e+00       105   1
        18   9.000000e+02  9.000000e+02  1.335771e+00       111   1
        19S  9.000000e+02  9.000000e+02  1.364419e+00       117   1
        20   9.000000e+02  9.000000e+02  1.366347e+00       123   1
-------------------------------------------------------------------
status         : simulation_stopping
total time (s) : 1.366347e+00
total solves   : 123
best bound     :  9.000000e+02
simulation ci  :  9.000000e+02 ± 0.000000e+00
numeric issues : 0
-------------------------------------------------------------------

-------------------------------------------------------------------
         SDDP.jl (c) Oscar Dowson and contributors, 2017-26
-------------------------------------------------------------------
problem
  nodes           : 3
  state variables : 1
  scenarios       : 1.00000e+00
  existing cuts   : false
options
  solver          : serial mode
  risk measure    : SDDP.Expectation()
  sampling scheme : SDDP.InSampleMonteCarlo
subproblem structure
  VariableRef                             : [5, 5]
  AffExpr in MOI.EqualTo{Float64}         : [1, 1]
  VariableRef in MOI.GreaterThan{Float64} : [4, 4]
  VariableRef in MOI.Integer              : [2, 2]
  VariableRef in MOI.LessThan{Float64}    : [2, 3]
numerical stability report
  matrix range     [1e+00, 1e+00]
  objective range  [1e+00, 6e+00]
  bounds range     [1e+02, 2e+02]
  rhs range        [2e+02, 2e+02]
-------------------------------------------------------------------
 iteration    simulation      bound        time (s)     solves  pid
-------------------------------------------------------------------
         1   9.000000e+02  9.000000e+02  2.565129e-01         6   1
        20   9.000000e+02  9.000000e+02  4.187369e-01       123   1
-------------------------------------------------------------------
status         : simulation_stopping
total time (s) : 4.187369e-01
total solves   : 123
best bound     :  9.000000e+02
simulation ci  :  9.000000e+02 ± 0.000000e+00
numeric issues : 0
-------------------------------------------------------------------

-------------------------------------------------------------------
         SDDP.jl (c) Oscar Dowson and contributors, 2017-26
-------------------------------------------------------------------
problem
  nodes           : 12
  state variables : 1
  scenarios       : 1.00000e+00
  existing cuts   : false
options
  solver          : Threaded()
  risk measure    : SDDP.Expectation()
  sampling scheme : SDDP.InSampleMonteCarlo
subproblem structure
  VariableRef                             : [3, 3]
  VariableRef in MOI.GreaterThan{Float64} : [2, 2]
  VariableRef in MOI.LessThan{Float64}    : [1, 1]
numerical stability report
  matrix range     [0e+00, 0e+00]
  objective range  [1e+00, 1e+00]
  bounds range     [0e+00, 0e+00]
  rhs range        [0e+00, 0e+00]
-------------------------------------------------------------------
 iteration    simulation      bound        time (s)     solves  pid
-------------------------------------------------------------------
         1   0.000000e+00  0.000000e+00  2.749879e-01        86   5
         3   0.000000e+00  0.000000e+00  2.779310e-01        96   3
         4   0.000000e+00  0.000000e+00  2.782350e-01        99   2
         5   0.000000e+00  0.000000e+00  2.801409e-01       165   5
         6   0.000000e+00  0.000000e+00  2.822919e-01       192   4
         8   0.000000e+00  0.000000e+00  2.843640e-01       216   3
         9   0.000000e+00  0.000000e+00  2.846000e-01       219   5
        10   0.000000e+00  0.000000e+00  2.880790e-01       288   4
        11   0.000000e+00  0.000000e+00  2.887368e-01       301   3
        12   0.000000e+00  0.000000e+00  2.889700e-01       302   2
        13   0.000000e+00  0.000000e+00  2.925808e-01       312   5
-------------------------------------------------------------------
status         : iteration_limit
total time (s) : 2.925808e-01
total solves   : 312
best bound     :  0.000000e+00
simulation ci  :  0.000000e+00 ± 0.000000e+00
numeric issues : 0
-------------------------------------------------------------------

