-------------------------------------------------------------------
         SDDP.jl (c) Oscar Dowson and contributors, 2017-26
-------------------------------------------------------------------
problem
  nodes           : 2
  state variables : 1
  scenarios       : 2.00000e+00
  existing cuts   : false
options
  solver          : serial mode
  risk measure    : SDDP.Expectation()
  sampling scheme : SDDP.InSampleMonteCarlo
subproblem structure
  VariableRef                             : [6, 6]
  AffExpr in MOI.GreaterThan{Float64}     : [1, 1]
  AffExpr in MOI.LessThan{Float64}        : [1, 1]
  VariableRef in MOI.EqualTo{Float64}     : [1, 1]
  VariableRef in MOI.GreaterThan{Float64} : [3, 4]
  VariableRef in MOI.LessThan{Float64}    : [2, 2]
numerical stability report
  matrix range     [1e+00, 1e+00]
  objective range  [1e+00, 5e+00]
  bounds range     [8e+00, 8e+00]
  rhs range        [6e+00, 6e+00]
-------------------------------------------------------------------
 iteration    simulation      bound        time (s)     solves  pid
-------------------------------------------------------------------
         1   0.000000e+00 -1.000000e+01  7.570791e-02         5   1
        20   0.000000e+00 -1.000000e+01  2.321830e-01       104   1
-------------------------------------------------------------------
status         : simulation_stopping
total time (s) : 2.321830e-01
total solves   : 104
best bound     : -1.000000e+01
simulation ci  : -9.000000e+00 ± 4.474009e+00
numeric issues : 0
-------------------------------------------------------------------

-------------------------------------------------------------------
         SDDP.jl (c) Oscar Dowson and contributors, 2017-26
-------------------------------------------------------------------
problem
  nodes           : 3
  state variables : 2
  scenarios       : 4.00000e+00
  existing cuts   : false
options
  solver          : serial mode
  risk measure    : SDDP.Expectation()
  sampling scheme : SDDP.InSampleMonteCarlo
subproblem structure
  VariableRef                             : [8, 8]
  AffExpr in MOI.LessThan{Float64}        : [3, 3]
  VariableRef in MOI.GreaterThan{Float64} : [5, 5]
  VariableRef in MOI.LessThan{Float64}    : [1, 1]
numerical stability report
  matrix range     [1e+00, 1e+00]
  objective range  [2e-01, 3e+00]
  bounds range     [5e+01, 5e+01]
  rhs range        [0e+00, 0e+00]
-------------------------------------------------------------------
 iteration    simulation      bound        time (s)     solves  pid
-------------------------------------------------------------------
         5  -2.396000e+01 -2.396000e+01  6.946802e-03        52   1
        10  -4.260000e+01 -2.396000e+01  9.757996e-03        92   1
        15  -4.260000e+01 -2.396000e+01  1.279187e-02       132   1
        20  -4.260000e+01 -2.396000e+01  1.611185e-02       172   1
        25  -2.396000e+01 -2.396000e+01  2.044082e-02       224   1
        30  -4.260000e+01 -2.396000e+01  5.083680e-02       264   1
        35  -2.396000e+01 -2.396000e+01  5.500197e-02       304   1
        40  -2.396000e+01 -2.396000e+01  5.962491e-02       344   1
-------------------------------------------------------------------
status         : simulation_stopping
total time (s) : 5.962491e-02
total solves   : 344
best bound     : -2.396000e+01
simulation ci  : -2.660914e+01 ± 3.908038e+00
numeric issues : 0
-------------------------------------------------------------------

────────────────────────────────────────────────────────────────────
                           Time                    Allocations      
                  ───────────────────────   ────────────────────────
Tot / % measured:     67.5ms /   0.0%           28.4MiB /   0.0%    

Section   ncalls     time    %tot     avg     alloc    %tot      avg
────────────────────────────────────────────────────────────────────
────────────────────────────────────────────────────────────────────

-------------------------------------------------------------------
         SDDP.jl (c) Oscar Dowson and contributors, 2017-26
-------------------------------------------------------------------
problem
  nodes           : 3
  state variables : 2
  scenarios       : 4.00000e+00
  existing cuts   : false
options
  solver          : serial mode
  risk measure    : SDDP.Expectation()
  sampling scheme : SDDP.InSampleMonteCarlo
subproblem structure
  VariableRef                             : [8, 8]
  AffExpr in MOI.LessThan{Float64}        : [3, 3]
  VariableRef in MOI.GreaterThan{Float64} : [5, 5]
  VariableRef in MOI.LessThan{Float64}    : [1, 1]
numerical stability report
  matrix range     [1e+00, 1e+00]
  objective range  [2e-01, 3e+00]
  bounds range     [5e+01, 5e+01]
  rhs range        [0e+00, 0e+00]
-------------------------------------------------------------------
 iteration    simulation      bound        time (s)     solves  pid
-------------------------------------------------------------------
         5  -5.320000e+00 -2.396000e+01  7.045031e-03        52   1
        10  -5.320000e+00 -2.396000e+01  1.025200e-02        92   1
        15  -2.396000e+01 -2.396000e+01  1.402617e-02       132   1
        20  -5.320000e+00 -2.396000e+01  1.829314e-02       172   1
        25  -4.260000e+01 -2.396000e+01  2.385998e-02       224   1
        30  -2.396000e+01 -2.396000e+01  2.936816e-02       264   1
        35  -2.396000e+01 -2.396000e+01  3.542209e-02       304   1
        40  -2.396000e+01 -2.396000e+01  4.206610e-02       344   1
-------------------------------------------------------------------
status         : simulation_stopping
total time (s) : 4.206610e-02
total solves   : 344
best bound     : -2.396000e+01
simulation ci  : -1.957570e+01 ± 3.890802e+00
numeric issues : 0
-------------------------------------------------------------------

────────────────────────────────────────────────────────────────────
                           Time                    Allocations      
                  ───────────────────────   ────────────────────────
Tot / % measured:     44.8ms /   0.0%           33.9MiB /   0.0%    

Section   ncalls     time    %tot     avg     alloc    %tot      avg
────────────────────────────────────────────────────────────────────
────────────────────────────────────────────────────────────────────

-------------------------------------------------------------------
         SDDP.jl (c) Oscar Dowson and contributors, 2017-26
-------------------------------------------------------------------
problem
  nodes           : 2
  state variables : 1
  scenarios       : 2.00000e+00
  existing cuts   : false
options
  solver          : serial mode
  risk measure    : SDDP.Expectation()
  sampling scheme : SDDP.InSampleMonteCarlo
subproblem structure
  VariableRef                             : [3, 4]
  AffExpr in MOI.LessThan{Float64}        : [1, 1]
  VariableRef in MOI.GreaterThan{Float64} : [2, 3]
  VariableRef in MOI.LessThan{Float64}    : [2, 2]
numerical stability report
  matrix range     [1e+00, 1e+00]
  objective range  [1e+00, 2e+00]
  bounds range     [2e+00, 5e+00]
  rhs range        [0e+00, 0e+00]
-------------------------------------------------------------------
 iteration    simulation      bound        time (s)     solves  pid
-------------------------------------------------------------------
         1   0.000000e+00 -2.500000e+00  4.980898e-02         5   1
         2  -1.500000e+00 -2.000000e+00  5.075407e-02        14   1
         3  -1.000000e+00 -2.000000e+00  5.117798e-02        19   1
         4  -1.000000e+00 -2.000000e+00  5.153108e-02        24   1
         5  -1.000000e+00 -2.000000e+00  5.185604e-02        29   1
         6  -1.000000e+00 -2.000000e+00  5.216098e-02        34   1
         7  -3.000000e+00 -2.000000e+00  5.248594e-02        39   1
         8  -1.000000e+00 -2.000000e+00  5.279803e-02        44   1
         9  -3.000000e+00 -2.000000e+00  5.311799e-02        49   1
        10  -3.000000e+00 -2.000000e+00  5.345201e-02        54   1
        11  -1.000000e+00 -2.000000e+00  5.378294e-02        59   1
        12  -3.000000e+00 -2.000000e+00  5.411601e-02        64   1
        13  -3.000000e+00 -2.000000e+00  5.447102e-02        69   1
        14  -1.000000e+00 -2.000000e+00  5.482197e-02        74   1
        15  -1.000000e+00 -2.000000e+00  5.515814e-02        79   1
        16  -1.000000e+00 -2.000000e+00  5.553913e-02        84   1
        17  -1.000000e+00 -2.000000e+00  5.590105e-02        89   1
        18  -3.000000e+00 -2.000000e+00  5.627203e-02        94   1
        19  -1.000000e+00 -2.000000e+00  5.664110e-02        99   1
        20  -1.000000e+00 -2.000000e+00  5.703306e-02       104   1
        21  -1.000000e+00 -2.000000e+00  5.773997e-02       113   1
        22  -3.000000e+00 -2.000000e+00  5.812001e-02       118   1
        23  -3.000000e+00 -2.000000e+00  5.855107e-02       123   1
        24  -1.000000e+00 -2.000000e+00  5.894399e-02       128   1
        25  -1.000000e+00 -2.000000e+00  5.934310e-02       133   1
        26  -1.000000e+00 -2.000000e+00  5.980492e-02       138   1
        27  -3.000000e+00 -2.000000e+00  7.904911e-02       143   1
        28  -1.000000e+00 -2.000000e+00  7.956815e-02       148   1
        29  -3.000000e+00 -2.000000e+00  8.002305e-02       153   1
        30  -3.000000e+00 -2.000000e+00  8.047915e-02       158   1
        31  -3.000000e+00 -2.000000e+00  8.092594e-02       163   1
        32  -1.000000e+00 -2.000000e+00  8.134508e-02       168   1
        33  -3.000000e+00 -2.000000e+00  8.183813e-02       173   1
        34  -3.000000e+00 -2.000000e+00  8.228207e-02       178   1
        35  -3.000000e+00 -2.000000e+00  8.275509e-02       183   1
        36  -3.000000e+00 -2.000000e+00  8.321714e-02       188   1
        37  -3.000000e+00 -2.000000e+00  8.368611e-02       193   1
        38  -3.000000e+00 -2.000000e+00  8.413792e-02       198   1
        39  -1.000000e+00 -2.000000e+00  8.460402e-02       203   1
        40  -3.000000e+00 -2.000000e+00  8.508110e-02       208   1
-------------------------------------------------------------------
status         : simulation_stopping
total time (s) : 8.508110e-02
total solves   : 208
best bound     : -2.000000e+00
simulation ci  : -1.937500e+00 ± 3.219605e-01
numeric issues : 0
-------------------------------------------------------------------

-------------------------------------------------------------------
         SDDP.jl (c) Oscar Dowson and contributors, 2017-26
-------------------------------------------------------------------
problem
  nodes           : 3
  state variables : 1
  scenarios       : Inf
  existing cuts   : false
options
  solver          : serial mode
  risk measure    : SDDP.Expectation()
  sampling scheme : SDDP.InSampleMonteCarlo
subproblem structure
  VariableRef                             : [6, 6]
  AffExpr in MOI.EqualTo{Float64}         : [2, 2]
  VariableRef in MOI.GreaterThan{Float64} : [5, 5]
  VariableRef in MOI.LessThan{Float64}    : [1, 1]
numerical stability report
  matrix range     [1e+00, 1e+00]
  objective range  [1e+00, 3e+00]
  bounds range     [5e+00, 2e+01]
  rhs range        [2e+00, 1e+01]
-------------------------------------------------------------------
 iteration    simulation      bound        time (s)     solves  pid
-------------------------------------------------------------------
         1   2.390000e+02  6.216295e+01  8.683705e-02       183   1
        37   5.184940e+01  2.354677e+02  1.090550e+00      9651   1
        63   8.785077e+02  2.363619e+02  2.273657e+00     17421   1
        79   2.420492e+02  2.364211e+02  3.277150e+00     23133   1
       100   1.164997e+02  2.364302e+02  3.940294e+00     26640   1
-------------------------------------------------------------------
status         : iteration_limit
total time (s) : 3.940294e+00
total solves   : 26640
best bound     :  2.364302e+02
simulation ci  :  2.593751e+02 ± 5.185751e+01
numeric issues : 0
-------------------------------------------------------------------

-------------------------------------------------------------------
         SDDP.jl (c) Oscar Dowson and contributors, 2017-26
-------------------------------------------------------------------
problem
  nodes           : 5
  state variables : 3
  scenarios       : 1.43489e+07
  existing cuts   : false
options
  solver          : serial mode
  risk measure    : SDDP.Expectation()
  sampling scheme : SDDP.InSampleMonteCarlo
subproblem structure
  VariableRef                             : [13, 13]
  AffExpr in MOI.EqualTo{Float64}         : [3, 3]
  AffExpr in MOI.LessThan{Float64}        : [1, 1]
  VariableRef in MOI.GreaterThan{Float64} : [7, 7]
  VariableRef in MOI.LessThan{Float64}    : [6, 7]
numerical stability report
  matrix range     [1e+00, 1e+00]
  objective range  [3e-01, 2e+00]
  bounds range     [5e-01, 5e+00]
  rhs range        [2e+00, 2e+00]
-------------------------------------------------------------------
 iteration    simulation      bound        time (s)     solves  pid
-------------------------------------------------------------------
        10  -3.878303e+00 -4.434982e+00  1.596010e-01      1400   1
        20  -4.235800e+00 -4.403620e+00  2.542019e-01      2800   1
        30  -3.115997e+00 -4.381585e+00  3.540120e-01      4200   1
        40  -3.761147e+00 -4.369123e+00  4.624798e-01      5600   1
        50  -4.230230e+00 -4.363943e+00  5.748830e-01      7000   1
        60  -3.653084e+00 -4.360307e+00  6.886399e-01      8400   1
        70  -4.031867e+00 -4.357921e+00  8.064981e-01      9800   1
        80  -4.295103e+00 -4.355602e+00  9.264610e-01     11200   1
        90  -4.509149e+00 -4.354346e+00  1.049479e+00     12600   1
       100  -4.178952e+00 -4.352068e+00  1.172802e+00     14000   1
-------------------------------------------------------------------
status         : iteration_limit
total time (s) : 1.172802e+00
total solves   : 14000
best bound     : -4.352068e+00
simulation ci  : -4.250281e+00 ± 8.657687e-02
numeric issues : 0
-------------------------------------------------------------------

-------------------------------------------------------------------
         SDDP.jl (c) Oscar Dowson and contributors, 2017-26
-------------------------------------------------------------------
problem
  nodes           : 5
  state variables : 1
  scenarios       : 1.00000e+05
  existing cuts   : false
options
  solver          : serial mode
  risk measure    : SDDP.Expectation()
  sampling scheme : SDDP.InSampleMonteCarlo
subproblem structure
  VariableRef                             : [5, 5]
  AffExpr in MOI.EqualTo{Float64}         : [1, 1]
  VariableRef in MOI.GreaterThan{Float64} : [3, 3]
  VariableRef in MOI.LessThan{Float64}    : [2, 3]
numerical stability report
  matrix range     [1e+00, 1e+00]
  objective range  [3e-01, 2e+00]
  bounds range     [5e-01, 2e+00]
  rhs range        [0e+00, 0e+00]
-------------------------------------------------------------------
 iteration    simulation      bound        time (s)     solves  pid
-------------------------------------------------------------------
        10  -1.573154e+00 -1.474247e+00  5.475211e-02      1050   1
        20  -1.346690e+00 -1.471483e+00  8.391404e-02      1600   1
        30  -1.308031e+00 -1.471307e+00  1.476851e-01      2650   1
        40  -1.401200e+00 -1.471167e+00  1.788960e-01      3200   1
        50  -1.557483e+00 -1.471097e+00  2.460940e-01      4250   1
        60  -1.534169e+00 -1.471075e+00  2.796471e-01      4800   1
        65  -1.689864e+00 -1.471075e+00  2.971721e-01      5075   1
-------------------------------------------------------------------
status         : simulation_stopping
total time (s) : 2.971721e-01
total solves   : 5075
best bound     : -1.471075e+00
simulation ci  : -1.484084e+00 ± 4.058719e-02
numeric issues : 0
-------------------------------------------------------------------

-------------------------------------------------------------------
         SDDP.jl (c) Oscar Dowson and contributors, 2017-26
-------------------------------------------------------------------
problem
  nodes           : 2
  state variables : 4
  scenarios       : 2.00000e+00
  existing cuts   : false
options
  solver          : serial mode
  risk measure    : SDDP.Expectation()
  sampling scheme : SDDP.InSampleMonteCarlo
subproblem structure
  VariableRef                             : [29, 29]
  AffExpr in MOI.EqualTo{Float64}         : [4, 5]
  AffExpr in MOI.GreaterThan{Float64}     : [3, 3]
  AffExpr in MOI.LessThan{Float64}        : [4, 4]
  VariableRef in MOI.GreaterThan{Float64} : [22, 22]
  VariableRef in MOI.LessThan{Float64}    : [1, 1]
numerical stability report
  matrix range     [1e+00, 1e+00]
  objective range  [1e+00, 1e+06]
  bounds range     [0e+00, 0e+00]
  rhs range        [0e+00, 0e+00]
-------------------------------------------------------------------
 iteration    simulation      bound        time (s)     solves  pid
-------------------------------------------------------------------
        10   3.455904e+05  3.147347e+05  7.436991e-03        54   1
        20   3.336455e+05  3.402383e+05  1.258183e-02       104   1
        30   3.337559e+05  3.403155e+05  1.683092e-02       158   1
        40   3.337559e+05  3.403155e+05  2.064180e-02       208   1
        47   3.337559e+05  3.403155e+05  2.375889e-02       243   1
-------------------------------------------------------------------
status         : simulation_stopping
total time (s) : 2.375889e-02
total solves   : 243
best bound     :  3.403155e+05
simulation ci  :  1.380364e+08 ± 1.823274e+08
numeric issues : 0
-------------------------------------------------------------------

-------------------------------------------------------------------
         SDDP.jl (c) Oscar Dowson and contributors, 2017-26
-------------------------------------------------------------------
problem
  nodes           : 3
  state variables : 4
  scenarios       : 4.00000e+00
  existing cuts   : false
options
  solver          : serial mode
  risk measure    : SDDP.Expectation()
  sampling scheme : SDDP.InSampleMonteCarlo
subproblem structure
  VariableRef                             : [29, 29]
  AffExpr in MOI.EqualTo{Float64}         : [4, 5]
  AffExpr in MOI.GreaterThan{Float64}     : [3, 3]
  AffExpr in MOI.LessThan{Float64}        : [4, 4]
  VariableRef in MOI.EqualTo{Float64}     : [3, 3]
  VariableRef in MOI.GreaterThan{Float64} : [22, 22]
  VariableRef in MOI.LessThan{Float64}    : [1, 1]
numerical stability report
  matrix range     [1e+00, 1e+00]
  objective range  [1e+00, 1e+05]
  bounds range     [0e+00, 0e+00]
  rhs range        [0e+00, 0e+00]
-------------------------------------------------------------------
 iteration    simulation      bound        time (s)     solves  pid
-------------------------------------------------------------------
        10   5.099074e+05  3.509666e+05  1.215792e-02        92   1
        20   4.055335e+05  4.054833e+05  2.098012e-02       172   1
        30   3.959476e+05  4.067125e+05  2.808595e-02       264   1
        40   4.497721e+05  4.067125e+05  3.463602e-02       344   1
        47   3.959476e+05  4.067125e+05  4.003811e-02       400   1
-------------------------------------------------------------------
status         : simulation_stopping
total time (s) : 4.003811e-02
total solves   : 400
best bound     :  4.067125e+05
simulation ci  :  2.748575e+07 ± 3.643795e+07
numeric issues : 0
-------------------------------------------------------------------

-------------------------------------------------------------------
         SDDP.jl (c) Oscar Dowson and contributors, 2017-26
-------------------------------------------------------------------
problem
  nodes           : 10
  state variables : 4
  scenarios       : 2.70000e+01
  existing cuts   : false
options
  solver          : serial mode
  risk measure    : SDDP.Expectation()
  sampling scheme : SDDP.InSampleMonteCarlo
subproblem structure
  VariableRef                             : [24, 24]
  AffExpr in MOI.EqualTo{Float64}         : [3, 3]
  AffExpr in MOI.GreaterThan{Float64}     : [1, 1]
  AffExpr in MOI.LessThan{Float64}        : [1, 6]
  VariableRef in MOI.GreaterThan{Float64} : [20, 20]
  VariableRef in MOI.LessThan{Float64}    : [1, 2]
numerical stability report
  matrix range     [1e+00, 8e+01]
  objective range  [1e+00, 1e+03]
  bounds range     [6e+01, 6e+01]
  rhs range        [2e+02, 3e+03]
-------------------------------------------------------------------
 iteration    simulation      bound        time (s)     solves  pid
-------------------------------------------------------------------
         1   8.316000e+03  0.000000e+00  8.110499e-02        14   1
        40   5.132230e+03  4.074139e+03  2.940350e-01       776   1
-------------------------------------------------------------------
status         : simulation_stopping
total time (s) : 2.940350e-01
total solves   : 776
best bound     :  4.074139e+03
simulation ci  :  4.614472e+03 ± 6.483882e+02
numeric issues : 0
-------------------------------------------------------------------

-------------------------------------------------------------------
         SDDP.jl (c) Oscar Dowson and contributors, 2017-26
-------------------------------------------------------------------
problem
  nodes           : 3
  state variables : 1
  scenarios       : 4.00000e+00
  existing cuts   : false
options
  solver          : serial mode
  risk measure    : SDDP.Expectation()
  sampling scheme : SDDP.InSampleMonteCarlo
subproblem structure
  VariableRef                             : [6, 6]
  AffExpr in MOI.EqualTo{Float64}         : [1, 1]
  VariableRef in MOI.GreaterThan{Float64} : [4, 4]
  VariableRef in MOI.Integer              : [3, 3]
  VariableRef in MOI.LessThan{Float64}    : [2, 3]
numerical stability report
  matrix range     [1e+00, 1e+00]
  objective range  [1e+00, 3e+02]
  bounds range     [1e+02, 2e+02]
  rhs range        [0e+00, 0e+00]
-------------------------------------------------------------------
 iteration    simulation      bound        time (s)     solves  pid
-------------------------------------------------------------------
         1L  1.100000e+05  6.250000e+04  7.259469e-01         8   1
        19L  6.000000e+04  6.250000e+04  1.766121e+00       164   1
        20L  9.500000e+04  6.250000e+04  1.797647e+00       172   1
-------------------------------------------------------------------
status         : simulation_stopping
total time (s) : 1.797647e+00
total solves   : 172
best bound     :  6.250000e+04
simulation ci  :  6.625000e+04 ± 8.732889e+03
numeric issues : 0
-------------------------------------------------------------------

-------------------------------------------------------------------
         SDDP.jl (c) Oscar Dowson and contributors, 2017-26
-------------------------------------------------------------------
problem
  nodes           : 3
  state variables : 1
  scenarios       : 4.00000e+00
  existing cuts   : false
options
  solver          : serial mode
  risk measure    : SDDP.Expectation()
  sampling scheme : SDDP.InSampleMonteCarlo
subproblem structure
  VariableRef                             : [6, 6]
  AffExpr in MOI.EqualTo{Float64}         : [1, 1]
  VariableRef in MOI.GreaterThan{Float64} : [4, 4]
  VariableRef in MOI.Integer              : [3, 3]
  VariableRef in MOI.LessThan{Float64}    : [2, 3]
numerical stability report
  matrix range     [1e+00, 1e+00]
  objective range  [1e+00, 3e+02]
  bounds range     [1e+02, 2e+02]
  rhs range        [0e+00, 0e+00]
-------------------------------------------------------------------
 iteration    simulation      bound        time (s)     solves  pid
-------------------------------------------------------------------
         1   3.000000e+04  6.250000e+04  5.074978e-03         8   1
        20   5.500000e+04  6.250000e+04  4.650750e-01       172   1
-------------------------------------------------------------------
status         : simulation_stopping
total time (s) : 4.650750e-01
total solves   : 172
best bound     :  6.250000e+04
simulation ci  :  5.975000e+04 ± 8.921853e+03
numeric issues : 0
-------------------------------------------------------------------

-------------------------------------------------------------------
         SDDP.jl (c) Oscar Dowson and contributors, 2017-26
-------------------------------------------------------------------
problem
  nodes           : 3
  state variables : 1
  scenarios       : 4.00000e+00
  existing cuts   : false
options
  solver          : serial mode
  risk measure    : SDDP.Expectation()
  sampling scheme : SDDP.InSampleMonteCarlo
subproblem structure
  VariableRef                             : [5, 5]
  AffExpr in MOI.EqualTo{Float64}         : [1, 1]
  VariableRef in MOI.GreaterThan{Float64} : [4, 4]
  VariableRef in MOI.LessThan{Float64}    : [2, 3]
numerical stability report
  matrix range     [1e+00, 1e+00]
  objective range  [1e+00, 3e+02]
  bounds range     [1e+02, 2e+02]
  rhs range        [1e+02, 3e+02]
-------------------------------------------------------------------
 iteration    simulation      bound        time (s)     solves  pid
-------------------------------------------------------------------
         1   3.000000e+04  6.250000e+04  6.578922e-03         5   1
        10   9.500000e+04  6.250000e+04  1.124258e-01        50   1
-------------------------------------------------------------------
status         : iteration_limit
total time (s) : 1.124258e-01
total solves   : 50
best bound     :  6.250000e+04
simulation ci  :  5.850000e+04 ± 1.339333e+04
numeric issues : 0
-------------------------------------------------------------------

-------------------------------------------------------------------
         SDDP.jl (c) Oscar Dowson and contributors, 2017-26
-------------------------------------------------------------------
problem
  nodes           : 3
  state variables : 2
  scenarios       : 1.00000e+00
  existing cuts   : false
options
  solver          : serial mode
  risk measure    : SDDP.Expectation()
  sampling scheme : SDDP.InSampleMonteCarlo
subproblem structure
  VariableRef                             : [6, 6]
  AffExpr in MOI.EqualTo{Float64}         : [2, 2]
  VariableRef in MOI.GreaterThan{Float64} : [2, 3]
  VariableRef in MOI.LessThan{Float64}    : [3, 3]
  VariableRef in MOI.ZeroOne              : [3, 3]
numerical stability report
  matrix range     [1e+00, 1e+00]
  objective range  [1e+00, 6e+00]
  bounds range     [1e+00, 1e+02]
  rhs range        [0e+00, 0e+00]
-------------------------------------------------------------------
 iteration    simulation      bound        time (s)     solves  pid
-------------------------------------------------------------------
         1L  6.000000e+00  9.000000e+00  5.592203e-02         6   1
        20L  9.000000e+00  9.000000e+00  1.116619e-01       123   1
-------------------------------------------------------------------
status         : simulation_stopping
total time (s) : 1.116619e-01
total solves   : 123
best bound     :  9.000000e+00
simulation ci  :  8.850000e+00 ± 2.940000e-01
numeric issues : 0
-------------------------------------------------------------------

-------------------------------------------------------------------
         SDDP.jl (c) Oscar Dowson and contributors, 2017-26
-------------------------------------------------------------------
problem
  nodes           : 7
  state variables : 2
  scenarios       : 8.00000e+00
  existing cuts   : false
options
  solver          : serial mode
  risk measure    : SDDP.Expectation()
  sampling scheme : SDDP.InSampleMonteCarlo
subproblem structure
  VariableRef                             : [5, 7]
  AffExpr in MOI.EqualTo{Float64}         : [1, 1]
  VariableRef in MOI.GreaterThan{Float64} : [3, 5]
  VariableRef in MOI.LessThan{Float64}    : [1, 1]
numerical stability report
  matrix range     [1e+00, 1e+00]
  objective range  [1e+00, 4e+00]
  bounds range     [1e+03, 1e+03]
  rhs range        [6e+01, 8e+01]
-------------------------------------------------------------------
 iteration    simulation      bound        time (s)     solves  pid
-------------------------------------------------------------------
         5  -2.742188e+01  2.605769e-01  1.218460e-01        87   1
        10  -2.742188e+01  2.605769e-01  1.261189e-01       142   1
        15   6.813781e+00  1.253721e+00  1.306131e-01       197   1
        20   0.000000e+00  1.514085e+00  1.352811e-01       252   1
        25   4.864000e+01  1.514085e+00  1.513419e-01       339   1
        30  -1.428571e+00  1.514085e+00  1.562140e-01       394   1
        35   3.979039e-13  1.514085e+00  1.611860e-01       449   1
        40  -3.979039e-13  1.514085e+00  1.670971e-01       504   1
        43   4.864000e+01  1.514085e+00  1.704071e-01       537   1
-------------------------------------------------------------------
status         : simulation_stopping
total time (s) : 1.704071e-01
total solves   : 537
best bound     :  1.514085e+00
simulation ci  :  9.362303e-02 ± 6.246351e+00
numeric issues : 0
-------------------------------------------------------------------

-------------------------------------------------------------------
         SDDP.jl (c) Oscar Dowson and contributors, 2017-26
-------------------------------------------------------------------
problem
  nodes           : 7
  state variables : 2
  scenarios       : 3.20000e+01
  existing cuts   : false
options
  solver          : serial mode
  risk measure    : #9
  sampling scheme : SDDP.InSampleMonteCarlo
subproblem structure
  VariableRef                             : [5, 7]
  AffExpr in MOI.EqualTo{Float64}         : [1, 1]
  VariableRef in MOI.GreaterThan{Float64} : [2, 5]
  VariableRef in MOI.LessThan{Float64}    : [1, 1]
numerical stability report
  matrix range     [1e+00, 1e+00]
  objective range  [2e-02, 4e+00]
  bounds range     [1e+03, 1e+03]
  rhs range        [6e+01, 8e+01]
-------------------------------------------------------------------
 iteration    simulation      bound        time (s)     solves  pid
-------------------------------------------------------------------
        10  -7.690656e+00  2.366592e+00  1.510861e-01       278   1
        20   1.266135e+00  1.306623e+00  1.647291e-01       428   1
        30   2.252026e-01  1.280382e+00  1.788502e-01       578   1
        40  -1.051817e+00  1.278410e+00  2.026670e-01       856   1
        50   7.320288e+00  1.278410e+00  2.172151e-01      1006   1
        56   1.111084e+01  1.278410e+00  2.267110e-01      1096   1
-------------------------------------------------------------------
status         : simulation_stopping
total time (s) : 2.267110e-01
total solves   : 1096
best bound     :  1.278410e+00
simulation ci  :  3.912743e+00 ± 4.211699e+00
numeric issues : 0
-------------------------------------------------------------------

-------------------------------------------------------------------
         SDDP.jl (c) Oscar Dowson and contributors, 2017-26
-------------------------------------------------------------------
problem
  nodes           : 7
  state variables : 2
  scenarios       : 3.20000e+01
  existing cuts   : false
options
  solver          : serial mode
  risk measure    : #9
  sampling scheme : SDDP.InSampleMonteCarlo
subproblem structure
  VariableRef                             : [5, 7]
  AffExpr in MOI.EqualTo{Float64}         : [1, 1]
  VariableRef in MOI.GreaterThan{Float64} : [2, 5]
  VariableRef in MOI.LessThan{Float64}    : [1, 1]
numerical stability report
  matrix range     [1e+00, 1e+00]
  objective range  [2e-02, 4e+00]
  bounds range     [1e+03, 1e+03]
  rhs range        [6e+01, 8e+01]
-------------------------------------------------------------------
 iteration    simulation      bound        time (s)     solves  pid
-------------------------------------------------------------------
        10   2.007061e+00  1.281639e+00  3.000689e-02       278   1
        20   1.426676e+01  1.278410e+00  4.967093e-02       428   1
        30   1.522212e+00  1.278410e+00  8.177710e-02       706   1
        40  -4.523775e+01  1.278410e+00  1.071329e-01       856   1
-------------------------------------------------------------------
status         : simulation_stopping
total time (s) : 1.071329e-01
total solves   : 856
best bound     :  1.278410e+00
simulation ci  :  1.019480e+00 ± 6.246418e+00
numeric issues : 0
-------------------------------------------------------------------

-------------------------------------------------------------------
         SDDP.jl (c) Oscar Dowson and contributors, 2017-26
-------------------------------------------------------------------
problem
  nodes           : 4
  state variables : 1
  scenarios       : Inf
  existing cuts   : false
options
  solver          : serial mode
  risk measure    : SDDP.Expectation()
  sampling scheme : SDDP.InSampleMonteCarlo
subproblem structure
  VariableRef                             : [7, 7]
  AffExpr in MOI.EqualTo{Float64}         : [1, 1]
  AffExpr in MOI.GreaterThan{Float64}     : [2, 2]
  VariableRef in MOI.EqualTo{Float64}     : [1, 1]
  VariableRef in MOI.GreaterThan{Float64} : [5, 5]
  VariableRef in MOI.LessThan{Float64}    : [3, 3]
numerical stability report
  matrix range     [1e+00, 1e+00]
  objective range  [1e+00, 2e+00]
  bounds range     [2e+00, 1e+02]
  rhs range        [0e+00, 0e+00]
-------------------------------------------------------------------
 iteration    simulation      bound        time (s)     solves  pid
-------------------------------------------------------------------
        10   2.694235e+00  1.060052e+01  1.488218e+00       900   1
        20   5.498088e+00  1.456766e+01  1.721148e+00      1720   1
        30   2.912197e+01  1.665921e+01  2.183679e+00      3036   1
        40   1.608515e+01  1.792397e+01  2.708439e+00      4192   1
        50   3.997965e+00  1.830624e+01  3.157654e+00      5020   1
        60   1.102045e+01  1.840685e+01  3.677228e+00      5808   1
        70   8.045596e+00  1.846781e+01  4.168123e+00      6540   1
        80   4.710242e+01  1.851858e+01  4.532542e+00      7088   1
        90   3.901806e+01  1.865685e+01  5.349239e+00      8180   1
       100   8.003646e+00  1.869095e+01  5.721134e+00      8664   1
-------------------------------------------------------------------
status         : iteration_limit
total time (s) : 5.721134e+00
total solves   : 8664
best bound     :  1.869095e+01
simulation ci  :  2.075231e+01 ± 4.077473e+00
numeric issues : 0
-------------------------------------------------------------------

-------------------------------------------------------------------
         SDDP.jl (c) Oscar Dowson and contributors, 2017-26
-------------------------------------------------------------------
problem
  nodes           : 5
  state variables : 2
  scenarios       : 3.20000e+01
  existing cuts   : false
options
  solver          : serial mode
  risk measure    : SDDP.Expectation()
  sampling scheme : SDDP.InSampleMonteCarlo
subproblem structure
  VariableRef                             : [10, 10]
  AffExpr in MOI.EqualTo{Float64}         : [2, 2]
  AffExpr in MOI.GreaterThan{Float64}     : [2, 2]
  AffExpr in MOI.LessThan{Float64}        : [6, 6]
  VariableRef in MOI.GreaterThan{Float64} : [5, 6]
  VariableRef in MOI.LessThan{Float64}    : [6, 6]
  VariableRef in MOI.ZeroOne              : [5, 5]
numerical stability report
  matrix range     [1e+00, 1e+00]
  objective range  [1e+00, 6e+00]
  bounds range     [1e+00, 1e+01]
  rhs range        [1e+00, 1e+00]
-------------------------------------------------------------------
 iteration    simulation      bound        time (s)     solves  pid
-------------------------------------------------------------------
         5   9.000000e+00  9.002950e+00  2.334559e-01       235   1
        10   4.000000e+00  9.002950e+00  3.932459e-01       310   1
        15   4.000000e+00  9.002950e+00  5.642440e-01       385   1
        20   4.000000e+00  9.002950e+00  7.279270e-01       460   1
        25   1.000000e+01  9.002950e+00  1.526561e+00       695   1
        30   5.000000e+00  9.002950e+00  1.682030e+00       770   1
        35   1.000000e+01  9.002950e+00  1.863775e+00       845   1
        40   5.000000e+00  9.002950e+00  2.038645e+00       920   1
-------------------------------------------------------------------
status         : simulation_stopping
total time (s) : 2.038645e+00
total solves   : 920
best bound     :  9.002950e+00
simulation ci  :  6.375000e+00 ± 7.930178e-01
numeric issues : 0
-------------------------------------------------------------------

-------------------------------------------------------------------
         SDDP.jl (c) Oscar Dowson and contributors, 2017-26
-------------------------------------------------------------------
problem
  nodes           : 3
  state variables : 4
  scenarios       : 2.16000e+02
  existing cuts   : false
options
  solver          : serial mode
  risk measure    : SDDP.Expectation()
  sampling scheme : SDDP.InSampleMonteCarlo
subproblem structure
  VariableRef                             : [18, 18]
  AffExpr in MOI.EqualTo{Float64}         : [4, 4]
  AffExpr in MOI.GreaterThan{Float64}     : [4, 4]
  AffExpr in MOI.LessThan{Float64}        : [12, 12]
  VariableRef in MOI.GreaterThan{Float64} : [9, 10]
  VariableRef in MOI.LessThan{Float64}    : [10, 10]
  VariableRef in MOI.ZeroOne              : [9, 9]
numerical stability report
  matrix range     [1e+00, 1e+00]
  objective range  [1e+00, 4e+00]
  bounds range     [1e+00, 2e+01]
  rhs range        [1e+00, 1e+00]
-------------------------------------------------------------------
 iteration    simulation      bound        time (s)     solves  pid
-------------------------------------------------------------------
        10   1.000000e+01  6.868919e+00  3.984289e-01       510   1
        20   2.000000e+00  6.834387e+00  9.160450e-01       720   1
        30   1.200000e+01  6.834387e+00  2.233969e+00      1230   1
        40   7.000000e+00  6.823805e+00  2.763250e+00      1440   1
        50   7.000000e+00  6.823805e+00  4.186068e+00      1950   1
        60   5.000000e+00  6.823805e+00  4.700076e+00      2160   1
-------------------------------------------------------------------
status         : simulation_stopping
total time (s) : 4.700076e+00
total solves   : 2160
best bound     :  6.823805e+00
simulation ci  :  6.200000e+00 ± 6.281544e-01
numeric issues : 0
-------------------------------------------------------------------

-------------------------------------------------------------------
         SDDP.jl (c) Oscar Dowson and contributors, 2017-26
-------------------------------------------------------------------
problem
  nodes           : 5
  state variables : 5
  scenarios       : 3.27680e+04
  existing cuts   : false
options
  solver          : serial mode
  risk measure    : SDDP.Expectation()
  sampling scheme : SDDP.InSampleMonteCarlo
subproblem structure
  VariableRef                             : [14, 14]
  AffExpr in MOI.GreaterThan{Float64}     : [7, 7]
  AffExpr in MOI.LessThan{Float64}        : [4, 4]
  VariableRef in MOI.GreaterThan{Float64} : [8, 8]
  VariableRef in MOI.Integer              : [5, 5]
  VariableRef in MOI.LessThan{Float64}    : [5, 6]
numerical stability report
  matrix range     [1e+00, 1e+00]
  objective range  [1e+00, 5e+05]
  bounds range     [1e+00, 1e+00]
  rhs range        [0e+00, 0e+00]
-------------------------------------------------------------------
 iteration    simulation      bound        time (s)     solves  pid
-------------------------------------------------------------------
        10   2.549668e+06  2.075239e+06  3.420585e+00       920   1
        20   5.494568e+05  2.078257e+06  4.176309e+00      1340   1
        30   4.985879e+04  2.078257e+06  7.265241e+00      2260   1
        40   3.799447e+06  2.078257e+06  8.046264e+00      2680   1
        41   1.299866e+06  2.078257e+06  8.114017e+00      2722   1
-------------------------------------------------------------------
status         : simulation_stopping
total time (s) : 8.114017e+00
total solves   : 2722
best bound     :  2.078257e+06
simulation ci  :  1.981169e+06 ± 4.651235e+05
numeric issues : 0
-------------------------------------------------------------------

-------------------------------------------------------------------
         SDDP.jl (c) Oscar Dowson and contributors, 2017-26
-------------------------------------------------------------------
problem
  nodes           : 1
  state variables : 1
  scenarios       : Inf
  existing cuts   : false
options
  solver          : serial mode
  risk measure    : SDDP.Expectation()
  sampling scheme : SDDP.InSampleMonteCarlo
subproblem structure
  VariableRef                             : [8, 8]
  AffExpr in MOI.EqualTo{Float64}         : [2, 2]
  VariableRef in MOI.GreaterThan{Float64} : [5, 5]
  VariableRef in MOI.LessThan{Float64}    : [1, 1]
numerical stability report
  matrix range     [1e+00, 1e+00]
  objective range  [1e+00, 1e+01]
  bounds range     [5e+00, 2e+01]
  rhs range        [0e+00, 0e+00]
-------------------------------------------------------------------
 iteration    simulation      bound        time (s)     solves  pid
-------------------------------------------------------------------
       100   2.500000e+01  1.189023e+02  5.542190e-01      1946   1
       200   2.500000e+01  1.191635e+02  7.037208e-01      3920   1
       300   0.000000e+00  1.191666e+02  8.613009e-01      5902   1
       330   2.500000e+01  1.191667e+02  8.942809e-01      6224   1
-------------------------------------------------------------------
status         : simulation_stopping
total time (s) : 8.942809e-01
total solves   : 6224
best bound     :  1.191667e+02
simulation ci  :  2.158333e+01 ± 3.290252e+00
numeric issues : 0
-------------------------------------------------------------------

-------------------------------------------------------------------
         SDDP.jl (c) Oscar Dowson and contributors, 2017-26
-------------------------------------------------------------------
problem
  nodes           : 1
  state variables : 1
  scenarios       : Inf
  existing cuts   : false
options
  solver          : serial mode
  risk measure    : SDDP.Expectation()
  sampling scheme : SDDP.InSampleMonteCarlo
subproblem structure
  VariableRef                             : [8, 8]
  AffExpr in MOI.EqualTo{Float64}         : [2, 2]
  VariableRef in MOI.GreaterThan{Float64} : [5, 5]
  VariableRef in MOI.LessThan{Float64}    : [1, 1]
numerical stability report
  matrix range     [1e+00, 1e+00]
  objective range  [1e+00, 1e+01]
  bounds range     [5e+00, 2e+01]
  rhs range        [0e+00, 0e+00]
-------------------------------------------------------------------
 iteration    simulation      bound        time (s)     solves  pid
-------------------------------------------------------------------
       100   0.000000e+00  1.191283e+02  2.289970e-01      2874   1
       200   2.500000e+00  1.191666e+02  4.170260e-01      4855   1
       282   7.500000e+00  1.191667e+02  5.344682e-01      5733   1
-------------------------------------------------------------------
status         : simulation_stopping
total time (s) : 5.344682e-01
total solves   : 5733
best bound     :  1.191667e+02
simulation ci  :  2.104610e+01 ± 3.492245e+00
numeric issues : 0
-------------------------------------------------------------------

-------------------------------------------------------------------
         SDDP.jl (c) Oscar Dowson and contributors, 2017-26
-------------------------------------------------------------------
problem
  nodes           : 1
  state variables : 1
  scenarios       : Inf
  existing cuts   : false
options
  solver          : serial mode
  risk measure    : SDDP.Expectation()
  sampling scheme : SDDP.InSampleMonteCarlo
subproblem structure
  VariableRef                             : [3, 3]
  AffExpr in MOI.EqualTo{Float64}         : [1, 1]
  VariableRef in MOI.GreaterThan{Float64} : [1, 1]
numerical stability report
  matrix range     [1e+00, 1e+00]
  objective range  [1e+00, 1e+00]
  bounds range     [0e+00, 0e+00]
  rhs range        [0e+00, 0e+00]
-------------------------------------------------------------------
 iteration    simulation      bound        time (s)     solves  pid
-------------------------------------------------------------------
        10   4.000000e+00  1.997089e+01  4.883313e-02      1204   1
        20   8.000000e+00  2.000000e+01  6.019402e-02      1420   1
        30   1.600000e+01  2.000000e+01  1.085641e-01      2628   1
        40   8.000000e+00  2.000000e+01  1.215761e-01      2834   1
-------------------------------------------------------------------
status         : simulation_stopping
total time (s) : 1.215761e-01
total solves   : 2834
best bound     :  2.000000e+01
simulation ci  :  1.625000e+01 ± 4.766381e+00
numeric issues : 0
-------------------------------------------------------------------

-------------------------------------------------------------------
         SDDP.jl (c) Oscar Dowson and contributors, 2017-26
-------------------------------------------------------------------
problem
  nodes           : 4
  state variables : 1
  scenarios       : 1.00000e+03
  existing cuts   : false
options
  solver          : serial mode
  risk measure    : A convex combination of 0.5 * SDDP.Expectation() + 0.5 * SDDP.AVaR(0.2)
  sampling scheme : SDDP.InSampleMonteCarlo
subproblem structure
  VariableRef                             : [9, 9]
  AffExpr in MOI.EqualTo{Float64}         : [2, 2]
  VariableRef in MOI.EqualTo{Float64}     : [1, 1]
  VariableRef in MOI.GreaterThan{Float64} : [7, 7]
  VariableRef in MOI.LessThan{Float64}    : [6, 7]
numerical stability report
  matrix range     [1e+00, 1e+00]
  objective range  [1e+00, 5e+01]
  bounds range     [2e+01, 2e+02]
  rhs range        [8e+01, 8e+01]
-------------------------------------------------------------------
 iteration    simulation      bound        time (s)     solves  pid
-------------------------------------------------------------------
         1   1.948878e+03  2.847167e+03  2.655911e-02        35   1
        10   7.500000e+02  2.935390e+03  4.772401e-02       350   1
-------------------------------------------------------------------
status         : iteration_limit
total time (s) : 4.772401e-02
total solves   : 350
best bound     :  2.935390e+03
simulation ci  :  1.544902e+03 ± 5.533339e+02
numeric issues : 0
-------------------------------------------------------------------

-------------------------------------------------------------------
         SDDP.jl (c) Oscar Dowson and contributors, 2017-26
-------------------------------------------------------------------
problem
  nodes           : 1
  state variables : 1
  scenarios       : Inf
  existing cuts   : false
options
  solver          : serial mode
  risk measure    : SDDP.Expectation()
  sampling scheme : SDDP.InSampleMonteCarlo
subproblem structure
  VariableRef                             : [3, 3]
  AffExpr in MOI.EqualTo{Float64}         : [1, 1]
  VariableRef in MOI.GreaterThan{Float64} : [1, 1]
numerical stability report
  matrix range     [1e+00, 1e+00]
  objective range  [1e+00, 1e+00]
  bounds range     [0e+00, 0e+00]
  rhs range        [0e+00, 0e+00]
-------------------------------------------------------------------
 iteration    simulation      bound        time (s)     solves  pid
-------------------------------------------------------------------
         1   1.000000e+00  1.500000e+00  1.807928e-03         3   1
        40   1.000000e+00  2.000000e+00  3.233290e-02       608   1
-------------------------------------------------------------------
status         : simulation_stopping
total time (s) : 3.233290e-02
total solves   : 608
best bound     :  2.000000e+00
simulation ci  :  2.075000e+00 ± 6.408542e-01
numeric issues : 0
-------------------------------------------------------------------

-------------------------------------------------------------------
         SDDP.jl (c) Oscar Dowson and contributors, 2017-26
-------------------------------------------------------------------
problem
  nodes           : 3
  state variables : 1
  scenarios       : 8.51840e+04
  existing cuts   : false
options
  solver          : serial mode
  risk measure    : SDDP.Expectation()
  sampling scheme : SDDP.InSampleMonteCarlo
subproblem structure
  VariableRef                             : [6, 6]
  AffExpr in MOI.EqualTo{Float64}         : [1, 3]
  AffExpr in MOI.LessThan{Float64}        : [2, 2]
  VariableRef in MOI.GreaterThan{Float64} : [3, 4]
  VariableRef in MOI.LessThan{Float64}    : [3, 3]
numerical stability report
  matrix range     [8e-01, 2e+00]
  objective range  [1e+00, 2e+00]
  bounds range     [1e+00, 1e+02]
  rhs range        [5e+01, 5e+01]
-------------------------------------------------------------------
 iteration    simulation      bound        time (s)     solves  pid
-------------------------------------------------------------------
        10   5.500000e+00  5.473308e+00  1.355839e-01      1350   1
        20   4.062500e+00  4.451907e+00  2.303588e-01      2700   1
        30   2.993750e+00  4.101372e+00  3.040080e-01      4050   1
        40   5.750000e+00  4.095757e+00  3.824558e-01      5400   1
        50   5.125000e+00  4.093536e+00  4.647470e-01      6750   1
        60   3.737500e+00  4.089225e+00  5.521488e-01      8100   1
        70   4.500000e+00  4.088152e+00  6.384299e-01      9450   1
        80   4.950000e+00  4.087904e+00  7.289188e-01     10800   1
        90   4.125000e+00  4.087756e+00  8.221619e-01     12150   1
       100   3.275000e+00  4.086300e+00  9.229488e-01     13500   1
       110   5.250000e+00  4.086125e+00  1.022838e+00     14850   1
       120   4.975000e+00  4.086054e+00  1.127653e+00     16200   1
       130   3.500000e+00  4.085422e+00  1.229657e+00     17550   1
       140   4.593750e+00  4.085327e+00  1.331853e+00     18900   1
       150   3.000000e+00  4.085258e+00  1.436617e+00     20250   1
       160   2.700000e+00  4.085247e+00  1.545395e+00     21600   1
       170   3.812500e+00  4.085151e+00  1.653057e+00     22950   1
       180   3.875000e+00  4.085121e+00  1.767365e+00     24300   1
       190   4.737500e+00  4.085102e+00  1.876208e+00     25650   1
       200   2.906250e+00  4.085073e+00  1.987139e+00     27000   1
       210   3.750000e+00  4.085050e+00  2.103202e+00     28350   1
       220   5.050000e+00  4.085037e+00  2.216560e+00     29700   1
       230   2.925000e+00  4.085012e+00  2.326048e+00     31050   1
       240   4.500000e+00  4.084970e+00  2.469584e+00     32400   1
       250   4.875000e+00  4.084908e+00  2.586962e+00     33750   1
       260   3.675000e+00  4.084905e+00  2.696002e+00     35100   1
       270   4.725000e+00  4.084903e+00  2.816106e+00     36450   1
       280   3.437500e+00  4.084900e+00  2.931483e+00     37800   1
       290   3.750000e+00  4.084879e+00  3.053344e+00     39150   1
       300   4.125000e+00  4.084879e+00  3.178014e+00     40500   1
       310   4.875000e+00  4.084803e+00  3.297807e+00     41850   1
       320   5.625000e+00  4.084803e+00  3.415035e+00     43200   1
       330   3.825000e+00  4.084800e+00  3.536742e+00     44550   1
       340   3.300000e+00  4.084796e+00  3.657542e+00     45900   1
       350   5.887500e+00  4.084796e+00  3.784551e+00     47250   1
       360   3.600000e+00  4.084786e+00  3.911041e+00     48600   1
       370   3.618750e+00  4.084786e+00  4.032900e+00     49950   1
       380   4.968750e+00  4.084782e+00  4.154343e+00     51300   1
       390   3.300000e+00  4.084780e+00  4.272948e+00     52650   1
       400   4.006250e+00  4.084779e+00  4.401700e+00     54000   1
       410   4.050000e+00  4.084779e+00  4.532375e+00     55350   1
       420   5.125000e+00  4.084776e+00  4.660522e+00     56700   1
       430   4.000000e+00  4.084776e+00  4.788638e+00     58050   1
       440   4.125000e+00  4.084776e+00  4.921294e+00     59400   1
       450   3.112500e+00  4.084776e+00  5.073514e+00     60750   1
       460   3.750000e+00  4.084771e+00  5.205368e+00     62100   1
       470   3.187500e+00  4.084767e+00  5.326868e+00     63450   1
       480   3.031250e+00  4.084757e+00  5.465231e+00     64800   1
       490   4.181250e+00  4.084753e+00  5.596136e+00     66150   1
       500   3.187500e+00  4.084746e+00  5.736129e+00     67500   1
       510   4.875000e+00  4.084741e+00  5.868056e+00     68850   1
       520   3.900000e+00  4.084737e+00  5.997487e+00     70200   1
       530   4.350000e+00  4.084737e+00  6.131885e+00     71550   1
       540   4.212500e+00  4.084737e+00  6.265695e+00     72900   1
       550   4.250000e+00  4.084734e+00  6.404264e+00     74250   1
       560   3.750000e+00  4.084734e+00  6.540661e+00     75600   1
       570   5.306250e+00  4.084730e+00  6.675282e+00     76950   1
       580   4.725000e+00  4.084730e+00  6.808538e+00     78300   1
       590   4.250000e+00  4.084730e+00  6.939666e+00     79650   1
       600   4.000000e+00  4.084730e+00  7.077881e+00     81000   1
       610   4.600000e+00  4.084730e+00  7.206498e+00     82350   1
       620   3.375000e+00  4.084730e+00  7.341017e+00     83700   1
       630   3.981250e+00  4.084725e+00  7.481739e+00     85050   1
       640   3.250000e+00  4.084725e+00  7.618989e+00     86400   1
       650   3.625000e+00  4.084725e+00  7.754008e+00     87750   1
       660   4.781250e+00  4.084725e+00  7.910946e+00     89100   1
       670   4.275000e+00  4.084725e+00  8.054874e+00     90450   1
       680   2.731250e+00  4.084725e+00  8.202568e+00     91800   1
       690   5.237500e+00  4.084725e+00  8.351600e+00     93150   1
       700   3.325000e+00  4.084725e+00  8.491829e+00     94500   1
       710   4.750000e+00  4.084725e+00  8.642662e+00     95850   1
       720   4.537500e+00  4.084725e+00  8.786846e+00     97200   1
       730   4.725000e+00  4.084725e+00  8.936331e+00     98550   1
       740   4.475000e+00  4.084725e+00  9.078630e+00     99900   1
       750   2.893750e+00  4.084725e+00  9.220595e+00    101250   1
       760   3.525000e+00  4.084725e+00  9.366507e+00    102600   1
       770   3.525000e+00  4.084725e+00  9.517653e+00    103950   1
       780   3.262500e+00  4.084725e+00  9.668376e+00    105300   1
       790   4.918750e+00  4.084725e+00  9.822246e+00    106650   1
       800   3.750000e+00  4.084725e+00  9.971724e+00    108000   1
       810   4.687500e+00  4.084725e+00  1.012427e+01    109350   1
       820   4.018750e+00  4.084725e+00  1.027820e+01    110700   1
       830   4.725000e+00  4.084725e+00  1.043227e+01    112050   1
       840   4.268750e+00  4.084725e+00  1.060111e+01    113400   1
       850   5.175000e+00  4.084725e+00  1.074687e+01    114750   1
       860   3.125000e+00  4.084725e+00  1.090281e+01    116100   1
       870   2.762500e+00  4.084725e+00  1.104517e+01    117450   1
       880   3.375000e+00  4.084725e+00  1.118433e+01    118800   1
       890   3.875000e+00  4.084725e+00  1.133430e+01    120150   1
       900   3.093750e+00  4.084725e+00  1.148051e+01    121500   1
       910   4.125000e+00  4.084724e+00  1.164146e+01    122850   1
       920   4.750000e+00  4.084724e+00  1.179504e+01    124200   1
       930   5.431250e+00  4.084724e+00  1.195404e+01    125550   1
       940   3.000000e+00  4.084724e+00  1.211264e+01    126900   1
       950   4.243750e+00  4.084724e+00  1.226411e+01    128250   1
       960   3.756250e+00  4.084724e+00  1.241793e+01    129600   1
       970   3.750000e+00  4.084724e+00  1.257688e+01    130950   1
       980   4.350000e+00  4.084724e+00  1.272720e+01    132300   1
       990   3.375000e+00  4.084722e+00  1.288398e+01    133650   1
      1000   4.750000e+00  4.084722e+00  1.305317e+01    135000   1
      1010   3.825000e+00  4.084722e+00  1.320232e+01    136350   1
      1020   4.000000e+00  4.084722e+00  1.334253e+01    137700   1
      1030   4.500000e+00  4.084722e+00  1.349412e+01    139050   1
      1040   3.637500e+00  4.084722e+00  1.364828e+01    140400   1
      1050   4.050000e+00  4.084722e+00  1.379865e+01    141750   1
      1060   4.925000e+00  4.084722e+00  1.395301e+01    143100   1
      1070   4.500000e+00  4.084722e+00  1.411408e+01    144450   1
      1080   5.000000e+00  4.084722e+00  1.427922e+01    145800   1
      1090   4.393750e+00  4.084722e+00  1.444167e+01    147150   1
      1100   3.750000e+00  4.084722e+00  1.461854e+01    148500   1
      1110   4.306250e+00  4.084722e+00  1.477556e+01    149850   1
      1120   4.200000e+00  4.084722e+00  1.493723e+01    151200   1
      1130   4.343750e+00  4.084722e+00  1.510472e+01    152550   1
      1140   4.650000e+00  4.084722e+00  1.527283e+01    153900   1
      1150   4.537500e+00  4.084722e+00  1.546040e+01    155250   1
      1160   4.250000e+00  4.084722e+00  1.563116e+01    156600   1
      1170   3.312500e+00  4.084722e+00  1.579337e+01    157950   1
      1180   4.968750e+00  4.084722e+00  1.595509e+01    159300   1
      1190   4.062500e+00  4.084718e+00  1.612244e+01    160650   1
      1200   3.750000e+00  4.084718e+00  1.628385e+01    162000   1
      1210   4.387500e+00  4.084718e+00  1.644466e+01    163350   1
      1220   5.237500e+00  4.084718e+00  1.662464e+01    164700   1
      1230   2.737500e+00  4.084718e+00  1.678756e+01    166050   1
      1240   4.587500e+00  4.084713e+00  1.695440e+01    167400   1
      1250   3.750000e+00  4.084713e+00  1.711964e+01    168750   1
      1260   4.250000e+00  4.084713e+00  1.729187e+01    170100   1
      1270   4.125000e+00  4.084713e+00  1.744927e+01    171450   1
      1280   4.125000e+00  4.084713e+00  1.762843e+01    172800   1
      1290   4.250000e+00  4.084713e+00  1.779395e+01    174150   1
      1300   3.350000e+00  4.084713e+00  1.795664e+01    175500   1
      1310   4.187500e+00  4.084713e+00  1.812417e+01    176850   1
      1320   3.437500e+00  4.084713e+00  1.829492e+01    178200   1
      1330   3.731250e+00  4.084713e+00  1.846066e+01    179550   1
      1340   5.250000e+00  4.084713e+00  1.863885e+01    180900   1
      1350   4.750000e+00  4.084713e+00  1.880933e+01    182250   1
      1360   4.725000e+00  4.084713e+00  1.898455e+01    183600   1
      1370   4.150000e+00  4.084713e+00  1.915478e+01    184950   1
      1380   3.287500e+00  4.084713e+00  1.933228e+01    186300   1
      1390   4.875000e+00  4.084713e+00  1.952380e+01    187650   1
      1400   3.075000e+00  4.084713e+00  1.969524e+01    189000   1
      1410   3.875000e+00  4.084713e+00  1.986234e+01    190350   1
      1418   3.412500e+00  4.084713e+00  2.000559e+01    191430   1
-------------------------------------------------------------------
status         : time_limit
total time (s) : 2.000559e+01
total solves   : 191430
best bound     :  4.084713e+00
simulation ci  :  4.095344e+00 ± 3.822327e-02
numeric issues : 0
-------------------------------------------------------------------

-------------------------------------------------------------------
         SDDP.jl (c) Oscar Dowson and contributors, 2017-26
-------------------------------------------------------------------
problem
  nodes           : 3
  state variables : 1
  scenarios       : 8.51840e+04
  existing cuts   : false
options
  solver          : serial mode
  risk measure    : SDDP.Expectation()
  sampling scheme : SDDP.InSampleMonteCarlo
subproblem structure
  VariableRef                             : [6, 6]
  AffExpr in MOI.EqualTo{Float64}         : [1, 3]
  AffExpr in MOI.LessThan{Float64}        : [2, 2]
  VariableRef in MOI.GreaterThan{Float64} : [3, 4]
  VariableRef in MOI.LessThan{Float64}    : [3, 3]
numerical stability report
  matrix range     [8e-01, 2e+00]
  objective range  [1e+00, 2e+00]
  bounds range     [1e+00, 1e+02]
  rhs range        [5e+01, 5e+01]
-------------------------------------------------------------------
 iteration    simulation      bound        time (s)     solves  pid
-------------------------------------------------------------------
        10   3.500000e+00  5.181365e+00  1.599391e-01      1350   1
        20   3.437500e+00  4.339390e+00  5.000238e-01      2700   1
        30   4.293750e+00  4.048146e+00  9.299910e-01      4050   1
        40   3.828409e+00  4.045294e+00  1.528668e+00      5400   1
        50   3.093750e+00  4.044057e+00  2.244730e+00      6750   1
        60   5.625000e+00  4.041746e+00  3.396633e+00      8100   1
        70   4.362500e+00  4.041023e+00  4.332405e+00      9450   1
        80   4.062500e+00  4.040897e+00  5.444576e+00     10800   1
        90   4.406250e+00  4.039899e+00  6.734053e+00     12150   1
       100   4.500000e+00  4.039640e+00  8.114933e+00     13500   1
       110   3.500000e+00  4.038530e+00  9.497606e+00     14850   1
       120   2.850000e+00  4.038299e+00  1.100661e+01     16200   1
       130   4.750000e+00  4.038101e+00  1.267367e+01     17550   1
       140   3.437500e+00  4.038090e+00  1.442858e+01     18900   1
       150   3.812500e+00  4.037895e+00  1.631836e+01     20250   1
       160   3.437500e+00  4.037892e+00  1.822332e+01     21600   1
       169   3.625000e+00  4.037739e+00  2.020799e+01     22815   1
-------------------------------------------------------------------
status         : time_limit
total time (s) : 2.020799e+01
total solves   : 22815
best bound     :  4.037739e+00
simulation ci  :  4.007655e+00 ± 1.097586e-01
numeric issues : 0
-------------------------------------------------------------------

-------------------------------------------------------------------
         SDDP.jl (c) Oscar Dowson and contributors, 2017-26
-------------------------------------------------------------------
problem
  nodes           : 8
  state variables : 1
  scenarios       : 1.00000e+08
  existing cuts   : false
options
  solver          : serial mode
  risk measure    : SDDP.Expectation()
  sampling scheme : SDDP.InSampleMonteCarlo
subproblem structure
  VariableRef                             : [7, 7]
  AffExpr in MOI.EqualTo{Float64}         : [1, 1]
  AffExpr in MOI.GreaterThan{Float64}     : [2, 2]
  VariableRef in MOI.GreaterThan{Float64} : [4, 4]
  VariableRef in MOI.LessThan{Float64}    : [1, 2]
  VariableRef in MOI.ZeroOne              : [1, 1]
numerical stability report
  matrix range     [1e+00, 2e+00]
  objective range  [5e-01, 1e+00]
  bounds range     [1e+00, 1e+00]
  rhs range        [1e+00, 1e+00]
-------------------------------------------------------------------
 iteration    simulation      bound        time (s)     solves  pid
-------------------------------------------------------------------
        10   3.099676e+00  1.163807e+00  5.524046e+00      1680   1
        20   2.800134e+00  1.165481e+00  6.010874e+00      2560   1
        30   3.225400e+00  1.167416e+00  1.108078e+01      4240   1
        40   2.968131e+00  1.167416e+00  1.161884e+01      5120   1
        50   3.238690e+00  1.167416e+00  1.658816e+01      6800   1
        60   3.441557e+00  1.167416e+00  1.712909e+01      7680   1
        61   3.661662e+00  1.167416e+00  1.717750e+01      7768   1
-------------------------------------------------------------------
status         : simulation_stopping
total time (s) : 1.717750e+01
total solves   : 7768
best bound     :  1.167416e+00
simulation ci  :  3.274304e+00 ± 9.960988e-02
numeric issues : 0
-------------------------------------------------------------------

-------------------------------------------------------------------
         SDDP.jl (c) Oscar Dowson and contributors, 2017-26
-------------------------------------------------------------------
problem
  nodes           : 2
  state variables : 2
  scenarios       : 4.00000e+00
  existing cuts   : false
options
  solver          : serial mode
  risk measure    : SDDP.Expectation()
  sampling scheme : SDDP.InSampleMonteCarlo
subproblem structure
  VariableRef                             : [7, 11]
  AffExpr in MOI.EqualTo{Float64}         : [2, 2]
  AffExpr in MOI.LessThan{Float64}        : [2, 2]
  VariableRef in MOI.GreaterThan{Float64} : [5, 7]
  VariableRef in MOI.Integer              : [2, 2]
  VariableRef in MOI.LessThan{Float64}    : [4, 7]
  VariableRef in MOI.ZeroOne              : [4, 4]
numerical stability report
  matrix range     [1e+00, 6e+00]
  objective range  [1e+00, 3e+01]
  bounds range     [1e+00, 1e+02]
  rhs range        [0e+00, 0e+00]
-------------------------------------------------------------------
 iteration    simulation      bound        time (s)     solves  pid
-------------------------------------------------------------------
        10  -9.800000e+01 -5.809615e+01  1.692970e-01        78   1
        20  -4.000000e+01 -5.809615e+01  3.617640e-01       148   1
        30  -9.800000e+01 -5.809615e+01  5.628071e-01       226   1
        40  -4.000000e+01 -5.809615e+01  7.269249e-01       296   1
-------------------------------------------------------------------
status         : simulation_stopping
total time (s) : 7.269249e-01
total solves   : 296
best bound     : -5.809615e+01
simulation ci  : -5.543750e+01 ± 7.666196e+00
numeric issues : 0
-------------------------------------------------------------------

-------------------------------------------------------------------
         SDDP.jl (c) Oscar Dowson and contributors, 2017-26
-------------------------------------------------------------------
problem
  nodes           : 2
  state variables : 2
  scenarios       : 9.00000e+00
  existing cuts   : false
options
  solver          : serial mode
  risk measure    : SDDP.Expectation()
  sampling scheme : SDDP.InSampleMonteCarlo
subproblem structure
  VariableRef                             : [7, 11]
  AffExpr in MOI.EqualTo{Float64}         : [2, 2]
  AffExpr in MOI.LessThan{Float64}        : [2, 2]
  VariableRef in MOI.GreaterThan{Float64} : [5, 7]
  VariableRef in MOI.Integer              : [2, 2]
  VariableRef in MOI.LessThan{Float64}    : [4, 7]
  VariableRef in MOI.ZeroOne              : [4, 4]
numerical stability report
  matrix range     [1e+00, 6e+00]
  objective range  [1e+00, 3e+01]
  bounds range     [1e+00, 1e+02]
  rhs range        [0e+00, 0e+00]
-------------------------------------------------------------------
 iteration    simulation      bound        time (s)     solves  pid
-------------------------------------------------------------------
        10  -4.000000e+01 -6.196125e+01  1.805980e-01       138   1
        20  -4.700000e+01 -6.196125e+01  3.669610e-01       258   1
        30  -7.500000e+01 -6.196125e+01  6.411772e-01       396   1
        40  -9.800000e+01 -6.196125e+01  8.280821e-01       516   1
-------------------------------------------------------------------
status         : simulation_stopping
total time (s) : 8.280821e-01
total solves   : 516
best bound     : -6.196125e+01
simulation ci  : -6.218750e+01 ± 6.227167e+00
numeric issues : 0
-------------------------------------------------------------------

-------------------------------------------------------------------
         SDDP.jl (c) Oscar Dowson and contributors, 2017-26
-------------------------------------------------------------------
problem
  nodes           : 2
  state variables : 2
  scenarios       : 3.60000e+01
  existing cuts   : false
options
  solver          : serial mode
  risk measure    : SDDP.Expectation()
  sampling scheme : SDDP.InSampleMonteCarlo
subproblem structure
  VariableRef                             : [7, 11]
  AffExpr in MOI.EqualTo{Float64}         : [2, 2]
  AffExpr in MOI.LessThan{Float64}        : [2, 2]
  VariableRef in MOI.GreaterThan{Float64} : [5, 7]
  VariableRef in MOI.Integer              : [2, 2]
  VariableRef in MOI.LessThan{Float64}    : [4, 7]
  VariableRef in MOI.ZeroOne              : [4, 4]
numerical stability report
  matrix range     [1e+00, 6e+00]
  objective range  [1e+00, 3e+01]
  bounds range     [1e+00, 1e+02]
  rhs range        [0e+00, 0e+00]
-------------------------------------------------------------------
 iteration    simulation      bound        time (s)     solves  pid
-------------------------------------------------------------------
        10  -6.300000e+01 -6.546793e+01  3.627269e-01       462   1
        20  -8.200000e+01 -6.546793e+01  5.663240e-01       852   1
        30  -5.900000e+01 -6.546793e+01  1.105060e+00      1314   1
        40  -5.900000e+01 -6.546793e+01  1.294875e+00      1704   1
-------------------------------------------------------------------
status         : simulation_stopping
total time (s) : 1.294875e+00
total solves   : 1704
best bound     : -6.546793e+01
simulation ci  : -6.351250e+01 ± 5.423532e+00
numeric issues : 0
-------------------------------------------------------------------

-------------------------------------------------------------------
         SDDP.jl (c) Oscar Dowson and contributors, 2017-26
-------------------------------------------------------------------
problem
  nodes           : 3
  state variables : 2
  scenarios       : 2.70000e+01
  existing cuts   : false
options
  solver          : serial mode
  risk measure    : SDDP.Expectation()
  sampling scheme : SDDP.InSampleMonteCarlo
subproblem structure
  VariableRef                             : [9, 9]
  AffExpr in MOI.EqualTo{Float64}         : [2, 2]
  AffExpr in MOI.LessThan{Float64}        : [2, 2]
  VariableRef in MOI.GreaterThan{Float64} : [2, 3]
  VariableRef in MOI.LessThan{Float64}    : [3, 3]
  VariableRef in MOI.ZeroOne              : [4, 4]
numerical stability report
  matrix range     [1e+00, 1e+00]
  objective range  [1e+00, 6e+00]
  bounds range     [1e+00, 1e+02]
  rhs range        [0e+00, 0e+00]
-------------------------------------------------------------------
 iteration    simulation      bound        time (s)     solves  pid
-------------------------------------------------------------------
         1L  6.000000e+00  1.366667e+01  4.423308e-02        11   1
        18L  6.000000e+00  8.000000e+00  1.093094e+00       279   1
        31L  6.000000e+00  8.000000e+00  2.101937e+00       503   1
        40L  1.200000e+01  8.000000e+00  2.648693e+00       602   1
-------------------------------------------------------------------
status         : simulation_stopping
total time (s) : 2.648693e+00
total solves   : 602
best bound     :  8.000000e+00
simulation ci  :  7.650000e+00 ± 8.140491e-01
numeric issues : 0
-------------------------------------------------------------------

-------------------------------------------------------------------
         SDDP.jl (c) Oscar Dowson and contributors, 2017-26
-------------------------------------------------------------------
problem
  nodes           : 2
  state variables : 3
  scenarios       : 3.00000e+00
  existing cuts   : false
options
  solver          : serial mode
  risk measure    : SDDP.Expectation()
  sampling scheme : SDDP.InSampleMonteCarlo
subproblem structure
  VariableRef                             : [7, 19]
  AffExpr in MOI.EqualTo{Float64}         : [3, 3]
  AffExpr in MOI.GreaterThan{Float64}     : [3, 3]
  AffExpr in MOI.LessThan{Float64}        : [1, 1]
  VariableRef in MOI.GreaterThan{Float64} : [3, 16]
  VariableRef in MOI.LessThan{Float64}    : [1, 2]
numerical stability report
  matrix range     [1e+00, 2e+01]
  objective range  [1e+00, 1e+03]
  bounds range     [6e+03, 5e+05]
  rhs range        [2e+02, 5e+02]
-------------------------------------------------------------------
 iteration    simulation      bound        time (s)     solves  pid
-------------------------------------------------------------------
         1  -9.800000e+04  4.922260e+05  1.083450e-01         6   1
        40   1.670000e+05  1.083900e+05  1.288490e-01       240   1
-------------------------------------------------------------------
status         : iteration_limit
total time (s) : 1.288490e-01
total solves   : 240
best bound     :  1.083900e+05
simulation ci  :  8.526384e+04 ± 1.904660e+04
numeric issues : 0
-------------------------------------------------------------------

