-------------------------------------------------------------------
         SDDP.jl (c) Oscar Dowson and contributors, 2017-26
-------------------------------------------------------------------
problem
  nodes           : 2
  state variables : 1
  scenarios       : 2.00000e+00
  existing cuts   : false
options
  solver          : serial mode
  risk measure    : SDDP.Expectation()
  sampling scheme : SDDP.InSampleMonteCarlo
subproblem structure
  VariableRef                             : [6, 6]
  AffExpr in MOI.GreaterThan{Float64}     : [1, 1]
  AffExpr in MOI.LessThan{Float64}        : [1, 1]
  VariableRef in MOI.EqualTo{Float64}     : [1, 1]
  VariableRef in MOI.GreaterThan{Float64} : [3, 4]
  VariableRef in MOI.LessThan{Float64}    : [2, 2]
numerical stability report
  matrix range     [1e+00, 1e+00]
  objective range  [1e+00, 5e+00]
  bounds range     [8e+00, 8e+00]
  rhs range        [6e+00, 6e+00]
-------------------------------------------------------------------
 iteration    simulation      bound        time (s)     solves  pid
-------------------------------------------------------------------
         1   0.000000e+00 -1.000000e+01  8.368683e-02         5   1
        20   0.000000e+00 -1.000000e+01  2.609611e-01       104   1
-------------------------------------------------------------------
status         : simulation_stopping
total time (s) : 2.609611e-01
total solves   : 104
best bound     : -1.000000e+01
numeric issues : 0
-------------------------------------------------------------------

-------------------------------------------------------------------
         SDDP.jl (c) Oscar Dowson and contributors, 2017-26
-------------------------------------------------------------------
problem
  nodes           : 3
  state variables : 2
  scenarios       : 4.00000e+00
  existing cuts   : false
options
  solver          : serial mode
  risk measure    : SDDP.Expectation()
  sampling scheme : SDDP.InSampleMonteCarlo
subproblem structure
  VariableRef                             : [8, 8]
  AffExpr in MOI.LessThan{Float64}        : [3, 3]
  VariableRef in MOI.GreaterThan{Float64} : [5, 5]
  VariableRef in MOI.LessThan{Float64}    : [1, 1]
numerical stability report
  matrix range     [1e+00, 1e+00]
  objective range  [2e-01, 3e+00]
  bounds range     [5e+01, 5e+01]
  rhs range        [0e+00, 0e+00]
-------------------------------------------------------------------
 iteration    simulation      bound        time (s)     solves  pid
-------------------------------------------------------------------
         5  -2.396000e+01 -2.396000e+01  8.237123e-03        52   1
        10  -4.260000e+01 -2.396000e+01  1.187611e-02        92   1
        15  -4.260000e+01 -2.396000e+01  1.578403e-02       132   1
        20  -4.260000e+01 -2.396000e+01  1.994896e-02       172   1
        25  -2.396000e+01 -2.396000e+01  2.552795e-02       224   1
        30  -4.260000e+01 -2.396000e+01  3.035092e-02       264   1
        35  -2.396000e+01 -2.396000e+01  3.528309e-02       304   1
        40  -2.396000e+01 -2.396000e+01  4.059505e-02       344   1
-------------------------------------------------------------------
status         : simulation_stopping
total time (s) : 4.059505e-02
total solves   : 344
best bound     : -2.396000e+01
numeric issues : 0
-------------------------------------------------------------------

────────────────────────────────────────────────────────────────────
                           Time                    Allocations      
                  ───────────────────────   ────────────────────────
Tot / % measured:     76.9ms /   0.0%           28.0MiB /   0.0%    

Section   ncalls     time    %tot     avg     alloc    %tot      avg
────────────────────────────────────────────────────────────────────
────────────────────────────────────────────────────────────────────

-------------------------------------------------------------------
         SDDP.jl (c) Oscar Dowson and contributors, 2017-26
-------------------------------------------------------------------
problem
  nodes           : 3
  state variables : 2
  scenarios       : 4.00000e+00
  existing cuts   : false
options
  solver          : serial mode
  risk measure    : SDDP.Expectation()
  sampling scheme : SDDP.InSampleMonteCarlo
subproblem structure
  VariableRef                             : [8, 8]
  AffExpr in MOI.LessThan{Float64}        : [3, 3]
  VariableRef in MOI.GreaterThan{Float64} : [5, 5]
  VariableRef in MOI.LessThan{Float64}    : [1, 1]
numerical stability report
  matrix range     [1e+00, 1e+00]
  objective range  [2e-01, 3e+00]
  bounds range     [5e+01, 5e+01]
  rhs range        [0e+00, 0e+00]
-------------------------------------------------------------------
 iteration    simulation      bound        time (s)     solves  pid
-------------------------------------------------------------------
         5  -5.320000e+00 -2.396000e+01  8.403063e-03        52   1
        10  -5.320000e+00 -2.396000e+01  1.240802e-02        92   1
        15  -2.396000e+01 -2.396000e+01  1.692295e-02       132   1
        20  -5.320000e+00 -2.396000e+01  2.188396e-02       172   1
        25  -4.260000e+01 -2.396000e+01  2.824092e-02       224   1
        30  -2.396000e+01 -2.396000e+01  3.425288e-02       264   1
        35  -2.396000e+01 -2.396000e+01  4.081702e-02       304   1
        40  -2.396000e+01 -2.396000e+01  4.797792e-02       344   1
-------------------------------------------------------------------
status         : simulation_stopping
total time (s) : 4.797792e-02
total solves   : 344
best bound     : -2.396000e+01
numeric issues : 0
-------------------------------------------------------------------

────────────────────────────────────────────────────────────────────
                           Time                    Allocations      
                  ───────────────────────   ────────────────────────
Tot / % measured:     51.4ms /   0.0%           33.5MiB /   0.0%    

Section   ncalls     time    %tot     avg     alloc    %tot      avg
────────────────────────────────────────────────────────────────────
────────────────────────────────────────────────────────────────────

-------------------------------------------------------------------
         SDDP.jl (c) Oscar Dowson and contributors, 2017-26
-------------------------------------------------------------------
problem
  nodes           : 2
  state variables : 1
  scenarios       : 2.00000e+00
  existing cuts   : false
options
  solver          : serial mode
  risk measure    : SDDP.Expectation()
  sampling scheme : SDDP.InSampleMonteCarlo
subproblem structure
  VariableRef                             : [3, 4]
  AffExpr in MOI.LessThan{Float64}        : [1, 1]
  VariableRef in MOI.GreaterThan{Float64} : [2, 3]
  VariableRef in MOI.LessThan{Float64}    : [2, 2]
numerical stability report
  matrix range     [1e+00, 1e+00]
  objective range  [1e+00, 2e+00]
  bounds range     [2e+00, 5e+00]
  rhs range        [0e+00, 0e+00]
-------------------------------------------------------------------
 iteration    simulation      bound        time (s)     solves  pid
-------------------------------------------------------------------
         1   0.000000e+00 -2.500000e+00  5.388308e-02         5   1
         2  -1.500000e+00 -2.000000e+00  5.498409e-02        14   1
         3  -1.000000e+00 -2.000000e+00  5.549121e-02        19   1
         4  -1.000000e+00 -2.000000e+00  5.592418e-02        24   1
         5  -1.000000e+00 -2.000000e+00  5.636311e-02        29   1
         6  -1.000000e+00 -2.000000e+00  5.679822e-02        34   1
         7  -3.000000e+00 -2.000000e+00  7.796216e-02        39   1
         8  -1.000000e+00 -2.000000e+00  7.844806e-02        44   1
         9  -3.000000e+00 -2.000000e+00  7.889009e-02        49   1
        10  -3.000000e+00 -2.000000e+00  7.936311e-02        54   1
        11  -1.000000e+00 -2.000000e+00  7.980609e-02        59   1
        12  -3.000000e+00 -2.000000e+00  8.024311e-02        64   1
        13  -3.000000e+00 -2.000000e+00  8.074307e-02        69   1
        14  -1.000000e+00 -2.000000e+00  8.120918e-02        74   1
        15  -1.000000e+00 -2.000000e+00  8.169413e-02        79   1
        16  -1.000000e+00 -2.000000e+00  8.214712e-02        84   1
        17  -1.000000e+00 -2.000000e+00  8.264112e-02        89   1
        18  -3.000000e+00 -2.000000e+00  8.311200e-02        94   1
        19  -1.000000e+00 -2.000000e+00  8.360314e-02        99   1
        20  -1.000000e+00 -2.000000e+00  8.407521e-02       104   1
        21  -1.000000e+00 -2.000000e+00  8.498812e-02       113   1
        22  -3.000000e+00 -2.000000e+00  8.550310e-02       118   1
        23  -3.000000e+00 -2.000000e+00  8.599806e-02       123   1
        24  -1.000000e+00 -2.000000e+00  8.651710e-02       128   1
        25  -1.000000e+00 -2.000000e+00  8.703303e-02       133   1
        26  -1.000000e+00 -2.000000e+00  8.755803e-02       138   1
        27  -3.000000e+00 -2.000000e+00  8.806109e-02       143   1
        28  -1.000000e+00 -2.000000e+00  8.862209e-02       148   1
        29  -3.000000e+00 -2.000000e+00  8.915114e-02       153   1
        30  -3.000000e+00 -2.000000e+00  8.969116e-02       158   1
        31  -3.000000e+00 -2.000000e+00  9.021306e-02       163   1
        32  -1.000000e+00 -2.000000e+00  9.078813e-02       168   1
        33  -3.000000e+00 -2.000000e+00  9.135818e-02       173   1
        34  -3.000000e+00 -2.000000e+00  9.190822e-02       178   1
        35  -3.000000e+00 -2.000000e+00  9.252214e-02       183   1
        36  -3.000000e+00 -2.000000e+00  9.309006e-02       188   1
        37  -3.000000e+00 -2.000000e+00  9.368610e-02       193   1
        38  -3.000000e+00 -2.000000e+00  9.428811e-02       198   1
        39  -1.000000e+00 -2.000000e+00  9.486914e-02       203   1
        40  -3.000000e+00 -2.000000e+00  9.549022e-02       208   1
-------------------------------------------------------------------
status         : simulation_stopping
total time (s) : 9.549022e-02
total solves   : 208
best bound     : -2.000000e+00
numeric issues : 0
-------------------------------------------------------------------

-------------------------------------------------------------------
         SDDP.jl (c) Oscar Dowson and contributors, 2017-26
-------------------------------------------------------------------
problem
  nodes           : 3
  state variables : 1
  scenarios       : Inf
  existing cuts   : false
options
  solver          : serial mode
  risk measure    : SDDP.Expectation()
  sampling scheme : SDDP.InSampleMonteCarlo
subproblem structure
  VariableRef                             : [6, 6]
  AffExpr in MOI.EqualTo{Float64}         : [2, 2]
  VariableRef in MOI.GreaterThan{Float64} : [5, 5]
  VariableRef in MOI.LessThan{Float64}    : [1, 1]
numerical stability report
  matrix range     [1e+00, 1e+00]
  objective range  [1e+00, 3e+00]
  bounds range     [5e+00, 2e+01]
  rhs range        [2e+00, 1e+01]
-------------------------------------------------------------------
 iteration    simulation      bound        time (s)     solves  pid
-------------------------------------------------------------------
         1   2.390000e+02  6.216295e+01  9.889793e-02       183   1
        33   9.531154e+02  2.351331e+02  1.136920e+00      8715   1
        59   4.476384e+02  2.363016e+02  2.175821e+00     15513   1
        74   9.550751e+02  2.364090e+02  3.193579e+00     21198   1
        97   4.655029e+02  2.364295e+02  4.248278e+00     26115   1
       100   1.164997e+02  2.364302e+02  4.365446e+00     26640   1
-------------------------------------------------------------------
status         : iteration_limit
total time (s) : 4.365446e+00
total solves   : 26640
best bound     :  2.364302e+02
numeric issues : 0
-------------------------------------------------------------------

-------------------------------------------------------------------
         SDDP.jl (c) Oscar Dowson and contributors, 2017-26
-------------------------------------------------------------------
problem
  nodes           : 5
  state variables : 3
  scenarios       : 1.43489e+07
  existing cuts   : false
options
  solver          : serial mode
  risk measure    : SDDP.Expectation()
  sampling scheme : SDDP.InSampleMonteCarlo
subproblem structure
  VariableRef                             : [13, 13]
  AffExpr in MOI.EqualTo{Float64}         : [3, 3]
  AffExpr in MOI.LessThan{Float64}        : [1, 1]
  VariableRef in MOI.GreaterThan{Float64} : [7, 7]
  VariableRef in MOI.LessThan{Float64}    : [6, 7]
numerical stability report
  matrix range     [1e+00, 1e+00]
  objective range  [3e-01, 2e+00]
  bounds range     [5e-01, 5e+00]
  rhs range        [2e+00, 2e+00]
-------------------------------------------------------------------
 iteration    simulation      bound        time (s)     solves  pid
-------------------------------------------------------------------
        10  -3.878303e+00 -4.434982e+00  1.993420e-01      1400   1
        20  -4.235800e+00 -4.403620e+00  3.307040e-01      2800   1
        30  -3.115997e+00 -4.381585e+00  4.700959e-01      4200   1
        40  -3.761147e+00 -4.369123e+00  6.172888e-01      5600   1
        50  -4.230230e+00 -4.363943e+00  7.707100e-01      7000   1
        60  -3.653084e+00 -4.360307e+00  9.264419e-01      8400   1
        70  -4.031867e+00 -4.357921e+00  1.083365e+00      9800   1
        80  -4.295103e+00 -4.355602e+00  1.240825e+00     11200   1
        90  -4.509149e+00 -4.354346e+00  1.401979e+00     12600   1
       100  -4.178952e+00 -4.352068e+00  1.565020e+00     14000   1
-------------------------------------------------------------------
status         : iteration_limit
total time (s) : 1.565020e+00
total solves   : 14000
best bound     : -4.352068e+00
numeric issues : 0
-------------------------------------------------------------------

-------------------------------------------------------------------
         SDDP.jl (c) Oscar Dowson and contributors, 2017-26
-------------------------------------------------------------------
problem
  nodes           : 5
  state variables : 1
  scenarios       : 1.00000e+05
  existing cuts   : false
options
  solver          : serial mode
  risk measure    : SDDP.Expectation()
  sampling scheme : SDDP.InSampleMonteCarlo
subproblem structure
  VariableRef                             : [5, 5]
  AffExpr in MOI.EqualTo{Float64}         : [1, 1]
  VariableRef in MOI.GreaterThan{Float64} : [3, 3]
  VariableRef in MOI.LessThan{Float64}    : [2, 3]
numerical stability report
  matrix range     [1e+00, 1e+00]
  objective range  [3e-01, 2e+00]
  bounds range     [5e-01, 2e+00]
  rhs range        [0e+00, 0e+00]
-------------------------------------------------------------------
 iteration    simulation      bound        time (s)     solves  pid
-------------------------------------------------------------------
        10  -1.573154e+00 -1.474247e+00  8.405304e-02      1050   1
        20  -1.346690e+00 -1.471483e+00  1.287451e-01      1600   1
        30  -1.308031e+00 -1.471307e+00  2.258420e-01      2650   1
        40  -1.401200e+00 -1.471167e+00  2.711840e-01      3200   1
        50  -1.557483e+00 -1.471097e+00  3.713291e-01      4250   1
        60  -1.534169e+00 -1.471075e+00  4.214439e-01      4800   1
        65  -1.689864e+00 -1.471075e+00  4.476330e-01      5075   1
-------------------------------------------------------------------
status         : simulation_stopping
total time (s) : 4.476330e-01
total solves   : 5075
best bound     : -1.471075e+00
numeric issues : 0
-------------------------------------------------------------------

-------------------------------------------------------------------
         SDDP.jl (c) Oscar Dowson and contributors, 2017-26
-------------------------------------------------------------------
problem
  nodes           : 2
  state variables : 4
  scenarios       : 2.00000e+00
  existing cuts   : false
options
  solver          : serial mode
  risk measure    : SDDP.Expectation()
  sampling scheme : SDDP.InSampleMonteCarlo
subproblem structure
  VariableRef                             : [29, 29]
  AffExpr in MOI.EqualTo{Float64}         : [4, 5]
  AffExpr in MOI.GreaterThan{Float64}     : [3, 3]
  AffExpr in MOI.LessThan{Float64}        : [4, 4]
  VariableRef in MOI.GreaterThan{Float64} : [22, 22]
  VariableRef in MOI.LessThan{Float64}    : [1, 1]
numerical stability report
  matrix range     [1e+00, 1e+00]
  objective range  [1e+00, 1e+06]
  bounds range     [0e+00, 0e+00]
  rhs range        [0e+00, 0e+00]
-------------------------------------------------------------------
 iteration    simulation      bound        time (s)     solves  pid
-------------------------------------------------------------------
        10   3.455904e+05  3.147347e+05  9.031057e-03        54   1
        20   3.336455e+05  3.402383e+05  1.553988e-02       104   1
        30   3.337559e+05  3.403155e+05  2.115607e-02       158   1
        40   3.337559e+05  3.403155e+05  2.634311e-02       208   1
        47   3.337559e+05  3.403155e+05  3.038001e-02       243   1
-------------------------------------------------------------------
status         : simulation_stopping
total time (s) : 3.038001e-02
total solves   : 243
best bound     :  3.403155e+05
numeric issues : 0
-------------------------------------------------------------------

-------------------------------------------------------------------
         SDDP.jl (c) Oscar Dowson and contributors, 2017-26
-------------------------------------------------------------------
problem
  nodes           : 3
  state variables : 4
  scenarios       : 4.00000e+00
  existing cuts   : false
options
  solver          : serial mode
  risk measure    : SDDP.Expectation()
  sampling scheme : SDDP.InSampleMonteCarlo
subproblem structure
  VariableRef                             : [29, 29]
  AffExpr in MOI.EqualTo{Float64}         : [4, 5]
  AffExpr in MOI.GreaterThan{Float64}     : [3, 3]
  AffExpr in MOI.LessThan{Float64}        : [4, 4]
  VariableRef in MOI.EqualTo{Float64}     : [3, 3]
  VariableRef in MOI.GreaterThan{Float64} : [22, 22]
  VariableRef in MOI.LessThan{Float64}    : [1, 1]
numerical stability report
  matrix range     [1e+00, 1e+00]
  objective range  [1e+00, 1e+05]
  bounds range     [0e+00, 0e+00]
  rhs range        [0e+00, 0e+00]
-------------------------------------------------------------------
 iteration    simulation      bound        time (s)     solves  pid
-------------------------------------------------------------------
        10   5.099074e+05  3.509666e+05  1.425695e-02        92   1
        20   4.055335e+05  4.054833e+05  2.486992e-02       172   1
        30   3.959476e+05  4.067125e+05  3.451991e-02       264   1
        40   4.497721e+05  4.067125e+05  4.346395e-02       344   1
        47   3.959476e+05  4.067125e+05  5.057502e-02       400   1
-------------------------------------------------------------------
status         : simulation_stopping
total time (s) : 5.057502e-02
total solves   : 400
best bound     :  4.067125e+05
numeric issues : 0
-------------------------------------------------------------------

-------------------------------------------------------------------
         SDDP.jl (c) Oscar Dowson and contributors, 2017-26
-------------------------------------------------------------------
problem
  nodes           : 10
  state variables : 4
  scenarios       : 2.70000e+01
  existing cuts   : false
options
  solver          : serial mode
  risk measure    : SDDP.Expectation()
  sampling scheme : SDDP.InSampleMonteCarlo
subproblem structure
  VariableRef                             : [24, 24]
  AffExpr in MOI.EqualTo{Float64}         : [3, 3]
  AffExpr in MOI.GreaterThan{Float64}     : [1, 1]
  AffExpr in MOI.LessThan{Float64}        : [1, 6]
  VariableRef in MOI.GreaterThan{Float64} : [20, 20]
  VariableRef in MOI.LessThan{Float64}    : [1, 2]
numerical stability report
  matrix range     [1e+00, 8e+01]
  objective range  [1e+00, 1e+03]
  bounds range     [6e+01, 6e+01]
  rhs range        [2e+02, 3e+03]
-------------------------------------------------------------------
 iteration    simulation      bound        time (s)     solves  pid
-------------------------------------------------------------------
         1   8.316000e+03  0.000000e+00  9.165883e-02        14   1
        40   5.132230e+03  4.074139e+03  3.414159e-01       776   1
-------------------------------------------------------------------
status         : simulation_stopping
total time (s) : 3.414159e-01
total solves   : 776
best bound     :  4.074139e+03
numeric issues : 0
-------------------------------------------------------------------

-------------------------------------------------------------------
         SDDP.jl (c) Oscar Dowson and contributors, 2017-26
-------------------------------------------------------------------
problem
  nodes           : 3
  state variables : 1
  scenarios       : 4.00000e+00
  existing cuts   : false
options
  solver          : serial mode
  risk measure    : SDDP.Expectation()
  sampling scheme : SDDP.InSampleMonteCarlo
subproblem structure
  VariableRef                             : [6, 6]
  AffExpr in MOI.EqualTo{Float64}         : [1, 1]
  VariableRef in MOI.GreaterThan{Float64} : [4, 4]
  VariableRef in MOI.Integer              : [3, 3]
  VariableRef in MOI.LessThan{Float64}    : [2, 3]
numerical stability report
  matrix range     [1e+00, 1e+00]
  objective range  [1e+00, 3e+02]
  bounds range     [1e+02, 2e+02]
  rhs range        [0e+00, 0e+00]
-------------------------------------------------------------------
 iteration    simulation      bound        time (s)     solves  pid
-------------------------------------------------------------------
         1L  1.100000e+05  6.250000e+04  8.543191e-01         8   1
        19L  6.000000e+04  6.250000e+04  1.912046e+00       164   1
        20L  9.500000e+04  6.250000e+04  1.945193e+00       172   1
-------------------------------------------------------------------
status         : simulation_stopping
total time (s) : 1.945193e+00
total solves   : 172
best bound     :  6.250000e+04
numeric issues : 0
-------------------------------------------------------------------

-------------------------------------------------------------------
         SDDP.jl (c) Oscar Dowson and contributors, 2017-26
-------------------------------------------------------------------
problem
  nodes           : 3
  state variables : 1
  scenarios       : 4.00000e+00
  existing cuts   : false
options
  solver          : serial mode
  risk measure    : SDDP.Expectation()
  sampling scheme : SDDP.InSampleMonteCarlo
subproblem structure
  VariableRef                             : [6, 6]
  AffExpr in MOI.EqualTo{Float64}         : [1, 1]
  VariableRef in MOI.GreaterThan{Float64} : [4, 4]
  VariableRef in MOI.Integer              : [3, 3]
  VariableRef in MOI.LessThan{Float64}    : [2, 3]
numerical stability report
  matrix range     [1e+00, 1e+00]
  objective range  [1e+00, 3e+02]
  bounds range     [1e+02, 2e+02]
  rhs range        [0e+00, 0e+00]
-------------------------------------------------------------------
 iteration    simulation      bound        time (s)     solves  pid
-------------------------------------------------------------------
         1   3.000000e+04  6.250000e+04  5.666971e-03         8   1
        20   5.500000e+04  6.250000e+04  4.882650e-01       172   1
-------------------------------------------------------------------
status         : simulation_stopping
total time (s) : 4.882650e-01
total solves   : 172
best bound     :  6.250000e+04
numeric issues : 0
-------------------------------------------------------------------

-------------------------------------------------------------------
         SDDP.jl (c) Oscar Dowson and contributors, 2017-26
-------------------------------------------------------------------
problem
  nodes           : 3
  state variables : 1
  scenarios       : 4.00000e+00
  existing cuts   : false
options
  solver          : serial mode
  risk measure    : SDDP.Expectation()
  sampling scheme : SDDP.InSampleMonteCarlo
subproblem structure
  VariableRef                             : [5, 5]
  AffExpr in MOI.EqualTo{Float64}         : [1, 1]
  VariableRef in MOI.GreaterThan{Float64} : [4, 4]
  VariableRef in MOI.LessThan{Float64}    : [2, 3]
numerical stability report
  matrix range     [1e+00, 1e+00]
  objective range  [1e+00, 3e+02]
  bounds range     [1e+02, 2e+02]
  rhs range        [1e+02, 3e+02]
-------------------------------------------------------------------
 iteration    simulation      bound        time (s)     solves  pid
-------------------------------------------------------------------
         1   3.000000e+04  6.250000e+04  7.807970e-03         5   1
        10   9.500000e+04  6.250000e+04  1.192789e-01        50   1
-------------------------------------------------------------------
status         : iteration_limit
total time (s) : 1.192789e-01
total solves   : 50
best bound     :  6.250000e+04
numeric issues : 0
-------------------------------------------------------------------

-------------------------------------------------------------------
         SDDP.jl (c) Oscar Dowson and contributors, 2017-26
-------------------------------------------------------------------
problem
  nodes           : 3
  state variables : 2
  scenarios       : 1.00000e+00
  existing cuts   : false
options
  solver          : serial mode
  risk measure    : SDDP.Expectation()
  sampling scheme : SDDP.InSampleMonteCarlo
subproblem structure
  VariableRef                             : [6, 6]
  AffExpr in MOI.EqualTo{Float64}         : [2, 2]
  VariableRef in MOI.GreaterThan{Float64} : [2, 3]
  VariableRef in MOI.LessThan{Float64}    : [3, 3]
  VariableRef in MOI.ZeroOne              : [3, 3]
numerical stability report
  matrix range     [1e+00, 1e+00]
  objective range  [1e+00, 6e+00]
  bounds range     [1e+00, 1e+02]
  rhs range        [0e+00, 0e+00]
-------------------------------------------------------------------
 iteration    simulation      bound        time (s)     solves  pid
-------------------------------------------------------------------
         1L  6.000000e+00  9.000000e+00  6.285191e-02         6   1
        20L  9.000000e+00  9.000000e+00  1.256080e-01       123   1
-------------------------------------------------------------------
status         : simulation_stopping
total time (s) : 1.256080e-01
total solves   : 123
best bound     :  9.000000e+00
numeric issues : 0
-------------------------------------------------------------------

-------------------------------------------------------------------
         SDDP.jl (c) Oscar Dowson and contributors, 2017-26
-------------------------------------------------------------------
problem
  nodes           : 7
  state variables : 2
  scenarios       : 8.00000e+00
  existing cuts   : false
options
  solver          : serial mode
  risk measure    : SDDP.Expectation()
  sampling scheme : SDDP.InSampleMonteCarlo
subproblem structure
  VariableRef                             : [5, 7]
  AffExpr in MOI.EqualTo{Float64}         : [1, 1]
  VariableRef in MOI.GreaterThan{Float64} : [3, 5]
  VariableRef in MOI.LessThan{Float64}    : [1, 1]
numerical stability report
  matrix range     [1e+00, 1e+00]
  objective range  [1e+00, 4e+00]
  bounds range     [1e+03, 1e+03]
  rhs range        [6e+01, 8e+01]
-------------------------------------------------------------------
 iteration    simulation      bound        time (s)     solves  pid
-------------------------------------------------------------------
         5  -2.742188e+01  2.605769e-01  1.422110e-01        87   1
        10  -2.742188e+01  2.605769e-01  1.480021e-01       142   1
        15   6.813781e+00  1.253721e+00  1.540060e-01       197   1
        20   0.000000e+00  1.514085e+00  1.602480e-01       252   1
        25   4.864000e+01  1.514085e+00  1.796660e-01       339   1
        30  -1.428571e+00  1.514085e+00  1.858850e-01       394   1
        35   3.979039e-13  1.514085e+00  1.921492e-01       449   1
        40  -3.979039e-13  1.514085e+00  1.993241e-01       504   1
        43   4.864000e+01  1.514085e+00  2.034411e-01       537   1
-------------------------------------------------------------------
status         : simulation_stopping
total time (s) : 2.034411e-01
total solves   : 537
best bound     :  1.514085e+00
numeric issues : 0
-------------------------------------------------------------------

-------------------------------------------------------------------
         SDDP.jl (c) Oscar Dowson and contributors, 2017-26
-------------------------------------------------------------------
problem
  nodes           : 7
  state variables : 2
  scenarios       : 3.20000e+01
  existing cuts   : false
options
  solver          : serial mode
  risk measure    : #9
  sampling scheme : SDDP.InSampleMonteCarlo
subproblem structure
  VariableRef                             : [5, 7]
  AffExpr in MOI.EqualTo{Float64}         : [1, 1]
  VariableRef in MOI.GreaterThan{Float64} : [2, 5]
  VariableRef in MOI.LessThan{Float64}    : [1, 1]
numerical stability report
  matrix range     [1e+00, 1e+00]
  objective range  [2e-02, 4e+00]
  bounds range     [1e+03, 1e+03]
  rhs range        [6e+01, 8e+01]
-------------------------------------------------------------------
 iteration    simulation      bound        time (s)     solves  pid
-------------------------------------------------------------------
        10  -7.690656e+00  2.366592e+00  1.757841e-01       278   1
        20   1.266135e+00  1.306623e+00  1.932271e-01       428   1
        30   2.252026e-01  1.280382e+00  2.118211e-01       578   1
        40  -1.051817e+00  1.278410e+00  2.448599e-01       856   1
        50   7.320288e+00  1.278410e+00  2.635260e-01      1006   1
        56   1.111084e+01  1.278410e+00  2.756031e-01      1096   1
-------------------------------------------------------------------
status         : simulation_stopping
total time (s) : 2.756031e-01
total solves   : 1096
best bound     :  1.278410e+00
numeric issues : 0
-------------------------------------------------------------------

-------------------------------------------------------------------
         SDDP.jl (c) Oscar Dowson and contributors, 2017-26
-------------------------------------------------------------------
problem
  nodes           : 7
  state variables : 2
  scenarios       : 3.20000e+01
  existing cuts   : false
options
  solver          : serial mode
  risk measure    : #9
  sampling scheme : SDDP.InSampleMonteCarlo
subproblem structure
  VariableRef                             : [5, 7]
  AffExpr in MOI.EqualTo{Float64}         : [1, 1]
  VariableRef in MOI.GreaterThan{Float64} : [2, 5]
  VariableRef in MOI.LessThan{Float64}    : [1, 1]
numerical stability report
  matrix range     [1e+00, 1e+00]
  objective range  [2e-02, 4e+00]
  bounds range     [1e+03, 1e+03]
  rhs range        [6e+01, 8e+01]
-------------------------------------------------------------------
 iteration    simulation      bound        time (s)     solves  pid
-------------------------------------------------------------------
        10   2.007061e+00  1.281639e+00  3.889990e-02       278   1
        20   1.426676e+01  1.278410e+00  6.285381e-02       428   1
        30   1.522212e+00  1.278410e+00  1.036749e-01       706   1
        40  -4.523775e+01  1.278410e+00  1.326988e-01       856   1
-------------------------------------------------------------------
status         : simulation_stopping
total time (s) : 1.326988e-01
total solves   : 856
best bound     :  1.278410e+00
numeric issues : 0
-------------------------------------------------------------------

-------------------------------------------------------------------
         SDDP.jl (c) Oscar Dowson and contributors, 2017-26
-------------------------------------------------------------------
problem
  nodes           : 4
  state variables : 1
  scenarios       : Inf
  existing cuts   : false
options
  solver          : serial mode
  risk measure    : SDDP.Expectation()
  sampling scheme : SDDP.InSampleMonteCarlo
subproblem structure
  VariableRef                             : [7, 7]
  AffExpr in MOI.EqualTo{Float64}         : [1, 1]
  AffExpr in MOI.GreaterThan{Float64}     : [2, 2]
  VariableRef in MOI.EqualTo{Float64}     : [1, 1]
  VariableRef in MOI.GreaterThan{Float64} : [5, 5]
  VariableRef in MOI.LessThan{Float64}    : [3, 3]
numerical stability report
  matrix range     [1e+00, 1e+00]
  objective range  [1e+00, 2e+00]
  bounds range     [2e+00, 1e+02]
  rhs range        [0e+00, 0e+00]
-------------------------------------------------------------------
 iteration    simulation      bound        time (s)     solves  pid
-------------------------------------------------------------------
        10   2.694235e+00  1.060052e+01  1.721688e+00       900   1
        20   5.498088e+00  1.456766e+01  1.956484e+00      1720   1
        30   2.912197e+01  1.665921e+01  2.465494e+00      3036   1
        40   1.608515e+01  1.792397e+01  3.076316e+00      4192   1
        50   3.997965e+00  1.830624e+01  3.575861e+00      5020   1
        60   1.102045e+01  1.840685e+01  4.149688e+00      5808   1
        70   8.045596e+00  1.846781e+01  4.693389e+00      6540   1
        80   4.710242e+01  1.851858e+01  5.145207e+00      7088   1
        90   3.901806e+01  1.865685e+01  6.079909e+00      8180   1
       100   8.003646e+00  1.869095e+01  6.526797e+00      8664   1
-------------------------------------------------------------------
status         : iteration_limit
total time (s) : 6.526797e+00
total solves   : 8664
best bound     :  1.869095e+01
numeric issues : 0
-------------------------------------------------------------------

-------------------------------------------------------------------
         SDDP.jl (c) Oscar Dowson and contributors, 2017-26
-------------------------------------------------------------------
problem
  nodes           : 5
  state variables : 2
  scenarios       : 3.20000e+01
  existing cuts   : false
options
  solver          : serial mode
  risk measure    : SDDP.Expectation()
  sampling scheme : SDDP.InSampleMonteCarlo
subproblem structure
  VariableRef                             : [10, 10]
  AffExpr in MOI.EqualTo{Float64}         : [2, 2]
  AffExpr in MOI.GreaterThan{Float64}     : [2, 2]
  AffExpr in MOI.LessThan{Float64}        : [6, 6]
  VariableRef in MOI.GreaterThan{Float64} : [5, 6]
  VariableRef in MOI.LessThan{Float64}    : [6, 6]
  VariableRef in MOI.ZeroOne              : [5, 5]
numerical stability report
  matrix range     [1e+00, 1e+00]
  objective range  [1e+00, 6e+00]
  bounds range     [1e+00, 1e+01]
  rhs range        [1e+00, 1e+00]
-------------------------------------------------------------------
 iteration    simulation      bound        time (s)     solves  pid
-------------------------------------------------------------------
         5   9.000000e+00  9.002950e+00  2.559352e-01       235   1
        10   4.000000e+00  9.002950e+00  4.286211e-01       310   1
        15   4.000000e+00  9.002950e+00  6.104722e-01       385   1
        20   4.000000e+00  9.002950e+00  7.840891e-01       460   1
        25   1.000000e+01  9.002950e+00  1.633140e+00       695   1
        30   5.000000e+00  9.002950e+00  1.798828e+00       770   1
        35   1.000000e+01  9.002950e+00  2.007128e+00       845   1
        40   5.000000e+00  9.002950e+00  2.192573e+00       920   1
-------------------------------------------------------------------
status         : simulation_stopping
total time (s) : 2.192573e+00
total solves   : 920
best bound     :  9.002950e+00
numeric issues : 0
-------------------------------------------------------------------

-------------------------------------------------------------------
         SDDP.jl (c) Oscar Dowson and contributors, 2017-26
-------------------------------------------------------------------
problem
  nodes           : 3
  state variables : 4
  scenarios       : 2.16000e+02
  existing cuts   : false
options
  solver          : serial mode
  risk measure    : SDDP.Expectation()
  sampling scheme : SDDP.InSampleMonteCarlo
subproblem structure
  VariableRef                             : [18, 18]
  AffExpr in MOI.EqualTo{Float64}         : [4, 4]
  AffExpr in MOI.GreaterThan{Float64}     : [4, 4]
  AffExpr in MOI.LessThan{Float64}        : [12, 12]
  VariableRef in MOI.GreaterThan{Float64} : [9, 10]
  VariableRef in MOI.LessThan{Float64}    : [10, 10]
  VariableRef in MOI.ZeroOne              : [9, 9]
numerical stability report
  matrix range     [1e+00, 1e+00]
  objective range  [1e+00, 4e+00]
  bounds range     [1e+00, 2e+01]
  rhs range        [1e+00, 1e+00]
-------------------------------------------------------------------
 iteration    simulation      bound        time (s)     solves  pid
-------------------------------------------------------------------
        10   1.000000e+01  6.868919e+00  4.256978e-01       510   1
        20   2.000000e+00  6.834387e+00  9.759710e-01       720   1
        30   1.200000e+01  6.834387e+00  2.411949e+00      1230   1
        40   7.000000e+00  6.823805e+00  2.972277e+00      1440   1
        50   7.000000e+00  6.823805e+00  4.456439e+00      1950   1
        60   5.000000e+00  6.823805e+00  4.993258e+00      2160   1
-------------------------------------------------------------------
status         : simulation_stopping
total time (s) : 4.993258e+00
total solves   : 2160
best bound     :  6.823805e+00
numeric issues : 0
-------------------------------------------------------------------

-------------------------------------------------------------------
         SDDP.jl (c) Oscar Dowson and contributors, 2017-26
-------------------------------------------------------------------
problem
  nodes           : 5
  state variables : 5
  scenarios       : 3.27680e+04
  existing cuts   : false
options
  solver          : serial mode
  risk measure    : SDDP.Expectation()
  sampling scheme : SDDP.InSampleMonteCarlo
subproblem structure
  VariableRef                             : [14, 14]
  AffExpr in MOI.GreaterThan{Float64}     : [7, 7]
  AffExpr in MOI.LessThan{Float64}        : [4, 4]
  VariableRef in MOI.GreaterThan{Float64} : [8, 8]
  VariableRef in MOI.Integer              : [5, 5]
  VariableRef in MOI.LessThan{Float64}    : [5, 6]
numerical stability report
  matrix range     [1e+00, 1e+00]
  objective range  [1e+00, 5e+05]
  bounds range     [1e+00, 1e+00]
  rhs range        [0e+00, 0e+00]
-------------------------------------------------------------------
 iteration    simulation      bound        time (s)     solves  pid
-------------------------------------------------------------------
        10   2.549668e+06  2.075239e+06  3.501163e+00       920   1
        20   5.494568e+05  2.078257e+06  4.287093e+00      1340   1
        30   4.985879e+04  2.078257e+06  7.440826e+00      2260   1
        40   3.799447e+06  2.078257e+06  8.250937e+00      2680   1
        41   1.299866e+06  2.078257e+06  8.321605e+00      2722   1
-------------------------------------------------------------------
status         : simulation_stopping
total time (s) : 8.321605e+00
total solves   : 2722
best bound     :  2.078257e+06
numeric issues : 0
-------------------------------------------------------------------

-------------------------------------------------------------------
         SDDP.jl (c) Oscar Dowson and contributors, 2017-26
-------------------------------------------------------------------
problem
  nodes           : 1
  state variables : 1
  scenarios       : Inf
  existing cuts   : false
options
  solver          : serial mode
  risk measure    : SDDP.Expectation()
  sampling scheme : SDDP.InSampleMonteCarlo
subproblem structure
  VariableRef                             : [8, 8]
  AffExpr in MOI.EqualTo{Float64}         : [2, 2]
  VariableRef in MOI.GreaterThan{Float64} : [5, 5]
  VariableRef in MOI.LessThan{Float64}    : [1, 1]
numerical stability report
  matrix range     [1e+00, 1e+00]
  objective range  [1e+00, 1e+01]
  bounds range     [5e+00, 2e+01]
  rhs range        [0e+00, 0e+00]
-------------------------------------------------------------------
 iteration    simulation      bound        time (s)     solves  pid
-------------------------------------------------------------------
       100   2.500000e+01  1.189023e+02  6.701019e-01      1946   1
       200   2.500000e+01  1.191635e+02  8.812599e-01      3920   1
       300   0.000000e+00  1.191666e+02  1.094313e+00      5902   1
       330   2.500000e+01  1.191667e+02  1.135408e+00      6224   1
-------------------------------------------------------------------
status         : simulation_stopping
total time (s) : 1.135408e+00
total solves   : 6224
best bound     :  1.191667e+02
numeric issues : 0
-------------------------------------------------------------------

-------------------------------------------------------------------
         SDDP.jl (c) Oscar Dowson and contributors, 2017-26
-------------------------------------------------------------------
problem
  nodes           : 1
  state variables : 1
  scenarios       : Inf
  existing cuts   : false
options
  solver          : serial mode
  risk measure    : SDDP.Expectation()
  sampling scheme : SDDP.InSampleMonteCarlo
subproblem structure
  VariableRef                             : [8, 8]
  AffExpr in MOI.EqualTo{Float64}         : [2, 2]
  VariableRef in MOI.GreaterThan{Float64} : [5, 5]
  VariableRef in MOI.LessThan{Float64}    : [1, 1]
numerical stability report
  matrix range     [1e+00, 1e+00]
  objective range  [1e+00, 1e+01]
  bounds range     [5e+00, 2e+01]
  rhs range        [0e+00, 0e+00]
-------------------------------------------------------------------
 iteration    simulation      bound        time (s)     solves  pid
-------------------------------------------------------------------
       100   0.000000e+00  1.191283e+02  3.108082e-01      2874   1
       200   2.500000e+00  1.191666e+02  5.508261e-01      4855   1
       282   7.500000e+00  1.191667e+02  6.852431e-01      5733   1
-------------------------------------------------------------------
status         : simulation_stopping
total time (s) : 6.852431e-01
total solves   : 5733
best bound     :  1.191667e+02
numeric issues : 0
-------------------------------------------------------------------

-------------------------------------------------------------------
         SDDP.jl (c) Oscar Dowson and contributors, 2017-26
-------------------------------------------------------------------
problem
  nodes           : 1
  state variables : 1
  scenarios       : Inf
  existing cuts   : false
options
  solver          : serial mode
  risk measure    : SDDP.Expectation()
  sampling scheme : SDDP.InSampleMonteCarlo
subproblem structure
  VariableRef                             : [3, 3]
  AffExpr in MOI.EqualTo{Float64}         : [1, 1]
  VariableRef in MOI.GreaterThan{Float64} : [1, 1]
numerical stability report
  matrix range     [1e+00, 1e+00]
  objective range  [1e+00, 1e+00]
  bounds range     [0e+00, 0e+00]
  rhs range        [0e+00, 0e+00]
-------------------------------------------------------------------
 iteration    simulation      bound        time (s)     solves  pid
-------------------------------------------------------------------
        10   4.000000e+00  1.997089e+01  7.443285e-02      1204   1
        20   8.000000e+00  2.000000e+01  9.082985e-02      1420   1
        30   1.600000e+01  2.000000e+01  1.632209e-01      2628   1
        40   8.000000e+00  2.000000e+01  1.805608e-01      2834   1
-------------------------------------------------------------------
status         : simulation_stopping
total time (s) : 1.805608e-01
total solves   : 2834
best bound     :  2.000000e+01
numeric issues : 0
-------------------------------------------------------------------

-------------------------------------------------------------------
         SDDP.jl (c) Oscar Dowson and contributors, 2017-26
-------------------------------------------------------------------
problem
  nodes           : 4
  state variables : 1
  scenarios       : 1.00000e+03
  existing cuts   : false
options
  solver          : serial mode
  risk measure    : A convex combination of 0.5 * SDDP.Expectation() + 0.5 * SDDP.AVaR(0.2)
  sampling scheme : SDDP.InSampleMonteCarlo
subproblem structure
  VariableRef                             : [9, 9]
  AffExpr in MOI.EqualTo{Float64}         : [2, 2]
  VariableRef in MOI.EqualTo{Float64}     : [1, 1]
  VariableRef in MOI.GreaterThan{Float64} : [7, 7]
  VariableRef in MOI.LessThan{Float64}    : [6, 7]
numerical stability report
  matrix range     [1e+00, 1e+00]
  objective range  [1e+00, 5e+01]
  bounds range     [2e+01, 2e+02]
  rhs range        [8e+01, 8e+01]
-------------------------------------------------------------------
 iteration    simulation      bound        time (s)     solves  pid
-------------------------------------------------------------------
         1   1.948878e+03  2.847167e+03  3.240085e-02        35   1
        10   7.500000e+02  2.935390e+03  6.191492e-02       350   1
-------------------------------------------------------------------
status         : iteration_limit
total time (s) : 6.191492e-02
total solves   : 350
best bound     :  2.935390e+03
numeric issues : 0
-------------------------------------------------------------------

-------------------------------------------------------------------
         SDDP.jl (c) Oscar Dowson and contributors, 2017-26
-------------------------------------------------------------------
problem
  nodes           : 1
  state variables : 1
  scenarios       : Inf
  existing cuts   : false
options
  solver          : serial mode
  risk measure    : SDDP.Expectation()
  sampling scheme : SDDP.InSampleMonteCarlo
subproblem structure
  VariableRef                             : [3, 3]
  AffExpr in MOI.EqualTo{Float64}         : [1, 1]
  VariableRef in MOI.GreaterThan{Float64} : [1, 1]
numerical stability report
  matrix range     [1e+00, 1e+00]
  objective range  [1e+00, 1e+00]
  bounds range     [0e+00, 0e+00]
  rhs range        [0e+00, 0e+00]
-------------------------------------------------------------------
 iteration    simulation      bound        time (s)     solves  pid
-------------------------------------------------------------------
         1   1.000000e+00  1.500000e+00  1.935959e-03         3   1
        40   1.000000e+00  2.000000e+00  4.812694e-02       608   1
-------------------------------------------------------------------
status         : simulation_stopping
total time (s) : 4.812694e-02
total solves   : 608
best bound     :  2.000000e+00
numeric issues : 0
-------------------------------------------------------------------

-------------------------------------------------------------------
         SDDP.jl (c) Oscar Dowson and contributors, 2017-26
-------------------------------------------------------------------
problem
  nodes           : 3
  state variables : 1
  scenarios       : 8.51840e+04
  existing cuts   : false
options
  solver          : serial mode
  risk measure    : SDDP.Expectation()
  sampling scheme : SDDP.InSampleMonteCarlo
subproblem structure
  VariableRef                             : [6, 6]
  AffExpr in MOI.EqualTo{Float64}         : [1, 3]
  AffExpr in MOI.LessThan{Float64}        : [2, 2]
  VariableRef in MOI.GreaterThan{Float64} : [3, 4]
  VariableRef in MOI.LessThan{Float64}    : [3, 3]
numerical stability report
  matrix range     [8e-01, 2e+00]
  objective range  [1e+00, 2e+00]
  bounds range     [1e+00, 1e+02]
  rhs range        [5e+01, 5e+01]
-------------------------------------------------------------------
 iteration    simulation      bound        time (s)     solves  pid
-------------------------------------------------------------------
        10   5.500000e+00  5.473308e+00  1.803751e-01      1350   1
        20   4.062500e+00  4.451907e+00  2.823040e-01      2700   1
        30   2.993750e+00  4.101372e+00  3.903320e-01      4050   1
        40   5.750000e+00  4.095757e+00  5.059659e-01      5400   1
        50   5.125000e+00  4.093536e+00  6.259680e-01      6750   1
        60   3.737500e+00  4.089225e+00  7.485571e-01      8100   1
        70   4.500000e+00  4.088152e+00  8.732200e-01      9450   1
        80   4.950000e+00  4.087904e+00  1.002296e+00     10800   1
        90   4.125000e+00  4.087756e+00  1.134150e+00     12150   1
       100   3.275000e+00  4.086300e+00  1.275548e+00     13500   1
       110   5.250000e+00  4.086125e+00  1.411344e+00     14850   1
       120   4.975000e+00  4.086054e+00  1.558461e+00     16200   1
       130   3.500000e+00  4.085422e+00  1.700193e+00     17550   1
       140   4.593750e+00  4.085327e+00  1.842921e+00     18900   1
       150   3.000000e+00  4.085258e+00  1.986608e+00     20250   1
       160   2.700000e+00  4.085247e+00  2.136295e+00     21600   1
       170   3.812500e+00  4.085151e+00  2.286552e+00     22950   1
       180   3.875000e+00  4.085121e+00  2.475532e+00     24300   1
       190   4.737500e+00  4.085102e+00  2.626780e+00     25650   1
       200   2.906250e+00  4.085073e+00  2.778281e+00     27000   1
       210   3.750000e+00  4.085050e+00  2.935613e+00     28350   1
       220   5.050000e+00  4.085037e+00  3.091011e+00     29700   1
       230   2.925000e+00  4.085012e+00  3.241679e+00     31050   1
       240   4.500000e+00  4.084970e+00  3.397754e+00     32400   1
       250   4.875000e+00  4.084908e+00  3.558243e+00     33750   1
       260   3.675000e+00  4.084905e+00  3.707877e+00     35100   1
       270   4.725000e+00  4.084903e+00  3.871622e+00     36450   1
       280   3.437500e+00  4.084900e+00  4.031053e+00     37800   1
       290   3.750000e+00  4.084879e+00  4.197158e+00     39150   1
       300   4.125000e+00  4.084879e+00  4.365886e+00     40500   1
       310   4.875000e+00  4.084803e+00  4.532583e+00     41850   1
       320   5.625000e+00  4.084803e+00  4.693489e+00     43200   1
       330   3.825000e+00  4.084800e+00  4.857059e+00     44550   1
       340   3.300000e+00  4.084796e+00  5.023379e+00     45900   1
       350   5.887500e+00  4.084796e+00  5.194910e+00     47250   1
       360   3.600000e+00  4.084786e+00  5.390445e+00     48600   1
       370   3.618750e+00  4.084786e+00  5.554714e+00     49950   1
       380   4.968750e+00  4.084782e+00  5.718562e+00     51300   1
       390   3.300000e+00  4.084780e+00  5.884730e+00     52650   1
       400   4.006250e+00  4.084779e+00  6.061958e+00     54000   1
       410   4.050000e+00  4.084779e+00  6.240460e+00     55350   1
       420   5.125000e+00  4.084776e+00  6.442415e+00     56700   1
       430   4.000000e+00  4.084776e+00  6.617793e+00     58050   1
       440   4.125000e+00  4.084776e+00  6.798742e+00     59400   1
       450   3.112500e+00  4.084776e+00  6.978961e+00     60750   1
       460   3.750000e+00  4.084771e+00  7.159292e+00     62100   1
       470   3.187500e+00  4.084767e+00  7.353450e+00     63450   1
       480   3.031250e+00  4.084757e+00  7.541337e+00     64800   1
       490   4.181250e+00  4.084753e+00  7.726033e+00     66150   1
       500   3.187500e+00  4.084746e+00  7.918957e+00     67500   1
       510   4.875000e+00  4.084741e+00  8.102117e+00     68850   1
       520   3.900000e+00  4.084737e+00  8.282420e+00     70200   1
       530   4.350000e+00  4.084737e+00  8.465570e+00     71550   1
       540   4.212500e+00  4.084737e+00  8.648547e+00     72900   1
       550   4.250000e+00  4.084734e+00  8.834632e+00     74250   1
       560   3.750000e+00  4.084734e+00  9.017368e+00     75600   1
       570   5.306250e+00  4.084730e+00  9.199379e+00     76950   1
       580   4.725000e+00  4.084730e+00  9.378212e+00     78300   1
       590   4.250000e+00  4.084730e+00  9.551538e+00     79650   1
       600   4.000000e+00  4.084730e+00  9.736022e+00     81000   1
       610   4.600000e+00  4.084730e+00  9.904554e+00     82350   1
       620   3.375000e+00  4.084730e+00  1.008167e+01     83700   1
       630   3.981250e+00  4.084725e+00  1.026663e+01     85050   1
       640   3.250000e+00  4.084725e+00  1.044389e+01     86400   1
       650   3.625000e+00  4.084725e+00  1.062162e+01     87750   1
       660   4.781250e+00  4.084725e+00  1.081924e+01     89100   1
       670   4.275000e+00  4.084725e+00  1.100683e+01     90450   1
       680   2.731250e+00  4.084725e+00  1.121048e+01     91800   1
       690   5.237500e+00  4.084725e+00  1.141237e+01     93150   1
       700   3.325000e+00  4.084725e+00  1.160249e+01     94500   1
       710   4.750000e+00  4.084725e+00  1.180494e+01     95850   1
       720   4.537500e+00  4.084725e+00  1.200195e+01     97200   1
       730   4.725000e+00  4.084725e+00  1.220351e+01     98550   1
       740   4.475000e+00  4.084725e+00  1.239690e+01     99900   1
       750   2.893750e+00  4.084725e+00  1.258976e+01    101250   1
       760   3.525000e+00  4.084725e+00  1.278545e+01    102600   1
       770   3.525000e+00  4.084725e+00  1.298323e+01    103950   1
       780   3.262500e+00  4.084725e+00  1.318031e+01    105300   1
       790   4.918750e+00  4.084725e+00  1.338157e+01    106650   1
       800   3.750000e+00  4.084725e+00  1.358311e+01    108000   1
       810   4.687500e+00  4.084725e+00  1.379702e+01    109350   1
       820   4.018750e+00  4.084725e+00  1.400796e+01    110700   1
       830   4.725000e+00  4.084725e+00  1.421774e+01    112050   1
       840   4.268750e+00  4.084725e+00  1.442755e+01    113400   1
       850   5.175000e+00  4.084725e+00  1.462805e+01    114750   1
       860   3.125000e+00  4.084725e+00  1.483835e+01    116100   1
       870   2.762500e+00  4.084725e+00  1.503277e+01    117450   1
       880   3.375000e+00  4.084725e+00  1.524285e+01    118800   1
       890   3.875000e+00  4.084725e+00  1.544789e+01    120150   1
       900   3.093750e+00  4.084725e+00  1.564575e+01    121500   1
       910   4.125000e+00  4.084724e+00  1.586248e+01    122850   1
       920   4.750000e+00  4.084724e+00  1.608119e+01    124200   1
       930   5.431250e+00  4.084724e+00  1.629172e+01    125550   1
       940   3.000000e+00  4.084724e+00  1.650036e+01    126900   1
       950   4.243750e+00  4.084724e+00  1.670391e+01    128250   1
       960   3.756250e+00  4.084724e+00  1.690768e+01    129600   1
       970   3.750000e+00  4.084724e+00  1.712042e+01    130950   1
       980   4.350000e+00  4.084724e+00  1.732700e+01    132300   1
       990   3.375000e+00  4.084722e+00  1.754584e+01    133650   1
      1000   4.750000e+00  4.084722e+00  1.776167e+01    135000   1
      1010   3.825000e+00  4.084722e+00  1.797122e+01    136350   1
      1020   4.000000e+00  4.084722e+00  1.817086e+01    137700   1
      1030   4.500000e+00  4.084722e+00  1.838402e+01    139050   1
      1040   3.637500e+00  4.084722e+00  1.859575e+01    140400   1
      1050   4.050000e+00  4.084722e+00  1.879971e+01    141750   1
      1060   4.925000e+00  4.084722e+00  1.901227e+01    143100   1
      1070   4.500000e+00  4.084722e+00  1.924959e+01    144450   1
      1080   5.000000e+00  4.084722e+00  1.946797e+01    145800   1
      1090   4.393750e+00  4.084722e+00  1.968023e+01    147150   1
      1100   3.750000e+00  4.084722e+00  1.990651e+01    148500   1
      1105   2.531250e+00  4.084722e+00  2.000622e+01    149175   1
-------------------------------------------------------------------
status         : time_limit
total time (s) : 2.000622e+01
total solves   : 149175
best bound     :  4.084722e+00
numeric issues : 0
-------------------------------------------------------------------

-------------------------------------------------------------------
         SDDP.jl (c) Oscar Dowson and contributors, 2017-26
-------------------------------------------------------------------
problem
  nodes           : 3
  state variables : 1
  scenarios       : 8.51840e+04
  existing cuts   : false
options
  solver          : serial mode
  risk measure    : SDDP.Expectation()
  sampling scheme : SDDP.InSampleMonteCarlo
subproblem structure
  VariableRef                             : [6, 6]
  AffExpr in MOI.EqualTo{Float64}         : [1, 3]
  AffExpr in MOI.LessThan{Float64}        : [2, 2]
  VariableRef in MOI.GreaterThan{Float64} : [3, 4]
  VariableRef in MOI.LessThan{Float64}    : [3, 3]
numerical stability report
  matrix range     [8e-01, 2e+00]
  objective range  [1e+00, 2e+00]
  bounds range     [1e+00, 1e+02]
  rhs range        [5e+01, 5e+01]
-------------------------------------------------------------------
 iteration    simulation      bound        time (s)     solves  pid
-------------------------------------------------------------------
        10   4.637500e+00  4.048083e+00  2.578578e-01      1350   1
        20   4.475000e+00  4.040445e+00  6.921079e-01      2700   1
        30   3.262500e+00  4.038663e+00  1.345685e+00      4050   1
        40   4.125000e+00  4.038482e+00  2.160043e+00      5400   1
        50   3.518750e+00  4.038076e+00  3.067011e+00      6750   1
        60   4.556250e+00  4.037709e+00  4.099762e+00      8100   1
        70   4.012500e+00  4.037637e+00  5.331666e+00      9450   1
        80   4.468750e+00  4.037465e+00  6.671495e+00     10800   1
        90   3.562500e+00  4.037463e+00  8.097321e+00     12150   1
       100   2.775000e+00  4.037463e+00  9.685515e+00     13500   1
       110   5.000000e+00  4.037463e+00  1.139315e+01     14850   1
       120   3.625000e+00  4.037417e+00  1.329704e+01     16200   1
       130   5.343750e+00  4.037466e+00  1.513318e+01     17550   1
       140   3.037500e+00  4.037417e+00  1.706756e+01     18900   1
       150   3.825000e+00  4.037414e+00  1.929656e+01     20250   1
       154   3.962500e+00  4.037414e+00  2.018312e+01     20790   1
-------------------------------------------------------------------
status         : time_limit
total time (s) : 2.018312e+01
total solves   : 20790
best bound     :  4.037414e+00
numeric issues : 0
-------------------------------------------------------------------

-------------------------------------------------------------------
         SDDP.jl (c) Oscar Dowson and contributors, 2017-26
-------------------------------------------------------------------
problem
  nodes           : 8
  state variables : 1
  scenarios       : 1.00000e+08
  existing cuts   : false
options
  solver          : serial mode
  risk measure    : SDDP.Expectation()
  sampling scheme : SDDP.InSampleMonteCarlo
subproblem structure
  VariableRef                             : [7, 7]
  AffExpr in MOI.EqualTo{Float64}         : [1, 1]
  AffExpr in MOI.GreaterThan{Float64}     : [2, 2]
  VariableRef in MOI.GreaterThan{Float64} : [4, 4]
  VariableRef in MOI.LessThan{Float64}    : [1, 2]
  VariableRef in MOI.ZeroOne              : [1, 1]
numerical stability report
  matrix range     [1e+00, 2e+00]
  objective range  [5e-01, 1e+00]
  bounds range     [1e+00, 1e+00]
  rhs range        [1e+00, 1e+00]
-------------------------------------------------------------------
 iteration    simulation      bound        time (s)     solves  pid
-------------------------------------------------------------------
        10   3.168753e+00  1.165481e+00  5.656068e+00      1680   1
        20   2.705229e+00  1.165750e+00  6.226470e+00      2560   1
        30   3.169450e+00  1.165777e+00  1.144432e+01      4240   1
        40   3.409562e+00  1.167299e+00  1.201449e+01      5120   1
        50   3.339205e+00  1.167299e+00  1.711575e+01      6800   1
        60   3.600767e+00  1.167410e+00  1.764414e+01      7680   1
        70   3.234372e+00  1.167410e+00  2.274049e+01      9360   1
        80   3.354450e+00  1.167410e+00  2.329273e+01     10240   1
        81   2.430791e+00  1.167410e+00  2.334225e+01     10328   1
-------------------------------------------------------------------
status         : simulation_stopping
total time (s) : 2.334225e+01
total solves   : 10328
best bound     :  1.167410e+00
numeric issues : 0
-------------------------------------------------------------------

-------------------------------------------------------------------
         SDDP.jl (c) Oscar Dowson and contributors, 2017-26
-------------------------------------------------------------------
problem
  nodes           : 2
  state variables : 2
  scenarios       : 4.00000e+00
  existing cuts   : false
options
  solver          : serial mode
  risk measure    : SDDP.Expectation()
  sampling scheme : SDDP.InSampleMonteCarlo
subproblem structure
  VariableRef                             : [7, 11]
  AffExpr in MOI.EqualTo{Float64}         : [2, 2]
  AffExpr in MOI.LessThan{Float64}        : [2, 2]
  VariableRef in MOI.GreaterThan{Float64} : [5, 7]
  VariableRef in MOI.Integer              : [2, 2]
  VariableRef in MOI.LessThan{Float64}    : [4, 7]
  VariableRef in MOI.ZeroOne              : [4, 4]
numerical stability report
  matrix range     [1e+00, 6e+00]
  objective range  [1e+00, 3e+01]
  bounds range     [1e+00, 1e+02]
  rhs range        [0e+00, 0e+00]
-------------------------------------------------------------------
 iteration    simulation      bound        time (s)     solves  pid
-------------------------------------------------------------------
        10  -9.800000e+01 -5.809615e+01  1.693721e-01        78   1
        20  -4.000000e+01 -5.809615e+01  3.715661e-01       148   1
        30  -4.700000e+01 -5.809615e+01  5.890212e-01       226   1
        40  -4.000000e+01 -5.809615e+01  7.460721e-01       296   1
-------------------------------------------------------------------
status         : simulation_stopping
total time (s) : 7.460721e-01
total solves   : 296
best bound     : -5.809615e+01
numeric issues : 0
-------------------------------------------------------------------

-------------------------------------------------------------------
         SDDP.jl (c) Oscar Dowson and contributors, 2017-26
-------------------------------------------------------------------
problem
  nodes           : 2
  state variables : 2
  scenarios       : 9.00000e+00
  existing cuts   : false
options
  solver          : serial mode
  risk measure    : SDDP.Expectation()
  sampling scheme : SDDP.InSampleMonteCarlo
subproblem structure
  VariableRef                             : [7, 11]
  AffExpr in MOI.EqualTo{Float64}         : [2, 2]
  AffExpr in MOI.LessThan{Float64}        : [2, 2]
  VariableRef in MOI.GreaterThan{Float64} : [5, 7]
  VariableRef in MOI.Integer              : [2, 2]
  VariableRef in MOI.LessThan{Float64}    : [4, 7]
  VariableRef in MOI.ZeroOne              : [4, 4]
numerical stability report
  matrix range     [1e+00, 6e+00]
  objective range  [1e+00, 3e+01]
  bounds range     [1e+00, 1e+02]
  rhs range        [0e+00, 0e+00]
-------------------------------------------------------------------
 iteration    simulation      bound        time (s)     solves  pid
-------------------------------------------------------------------
        10  -4.000000e+01 -6.196125e+01  1.964571e-01       138   1
        20  -4.000000e+01 -6.196125e+01  3.638082e-01       258   1
        30  -4.700000e+01 -6.196125e+01  6.235712e-01       396   1
        40  -4.000000e+01 -6.196125e+01  8.035669e-01       516   1
-------------------------------------------------------------------
status         : simulation_stopping
total time (s) : 8.035669e-01
total solves   : 516
best bound     : -6.196125e+01
numeric issues : 0
-------------------------------------------------------------------

-------------------------------------------------------------------
         SDDP.jl (c) Oscar Dowson and contributors, 2017-26
-------------------------------------------------------------------
problem
  nodes           : 2
  state variables : 2
  scenarios       : 3.60000e+01
  existing cuts   : false
options
  solver          : serial mode
  risk measure    : SDDP.Expectation()
  sampling scheme : SDDP.InSampleMonteCarlo
subproblem structure
  VariableRef                             : [7, 11]
  AffExpr in MOI.EqualTo{Float64}         : [2, 2]
  AffExpr in MOI.LessThan{Float64}        : [2, 2]
  VariableRef in MOI.GreaterThan{Float64} : [5, 7]
  VariableRef in MOI.Integer              : [2, 2]
  VariableRef in MOI.LessThan{Float64}    : [4, 7]
  VariableRef in MOI.ZeroOne              : [4, 4]
numerical stability report
  matrix range     [1e+00, 6e+00]
  objective range  [1e+00, 3e+01]
  bounds range     [1e+00, 1e+02]
  rhs range        [0e+00, 0e+00]
-------------------------------------------------------------------
 iteration    simulation      bound        time (s)     solves  pid
-------------------------------------------------------------------
        10  -7.000000e+01 -6.546793e+01  3.795121e-01       462   1
        20  -4.700000e+01 -6.546793e+01  6.069210e-01       852   1
        30  -5.400000e+01 -6.546793e+01  1.212887e+00      1314   1
        40  -8.200000e+01 -6.546793e+01  1.439645e+00      1704   1
-------------------------------------------------------------------
status         : simulation_stopping
total time (s) : 1.439645e+00
total solves   : 1704
best bound     : -6.546793e+01
numeric issues : 0
-------------------------------------------------------------------

-------------------------------------------------------------------
         SDDP.jl (c) Oscar Dowson and contributors, 2017-26
-------------------------------------------------------------------
problem
  nodes           : 3
  state variables : 2
  scenarios       : 2.70000e+01
  existing cuts   : false
options
  solver          : serial mode
  risk measure    : SDDP.Expectation()
  sampling scheme : SDDP.InSampleMonteCarlo
subproblem structure
  VariableRef                             : [9, 9]
  AffExpr in MOI.EqualTo{Float64}         : [2, 2]
  AffExpr in MOI.LessThan{Float64}        : [2, 2]
  VariableRef in MOI.GreaterThan{Float64} : [2, 3]
  VariableRef in MOI.LessThan{Float64}    : [3, 3]
  VariableRef in MOI.ZeroOne              : [4, 4]
numerical stability report
  matrix range     [1e+00, 1e+00]
  objective range  [1e+00, 6e+00]
  bounds range     [1e+00, 1e+02]
  rhs range        [0e+00, 0e+00]
-------------------------------------------------------------------
 iteration    simulation      bound        time (s)     solves  pid
-------------------------------------------------------------------
         1L  6.000000e+00  1.366667e+01  4.550600e-02        11   1
        18L  1.200000e+01  8.000000e+00  1.110295e+00       279   1
        30L  6.000000e+00  8.000000e+00  2.156841e+00       492   1
        40L  6.000000e+00  8.000000e+00  2.800384e+00       602   1
-------------------------------------------------------------------
status         : simulation_stopping
total time (s) : 2.800384e+00
total solves   : 602
best bound     :  8.000000e+00
numeric issues : 0
-------------------------------------------------------------------

-------------------------------------------------------------------
         SDDP.jl (c) Oscar Dowson and contributors, 2017-26
-------------------------------------------------------------------
problem
  nodes           : 2
  state variables : 3
  scenarios       : 3.00000e+00
  existing cuts   : false
options
  solver          : serial mode
  risk measure    : SDDP.Expectation()
  sampling scheme : SDDP.InSampleMonteCarlo
subproblem structure
  VariableRef                             : [7, 19]
  AffExpr in MOI.EqualTo{Float64}         : [3, 3]
  AffExpr in MOI.GreaterThan{Float64}     : [3, 3]
  AffExpr in MOI.LessThan{Float64}        : [1, 1]
  VariableRef in MOI.GreaterThan{Float64} : [3, 16]
  VariableRef in MOI.LessThan{Float64}    : [1, 2]
numerical stability report
  matrix range     [1e+00, 2e+01]
  objective range  [1e+00, 1e+03]
  bounds range     [6e+03, 5e+05]
  rhs range        [2e+02, 5e+02]
-------------------------------------------------------------------
 iteration    simulation      bound        time (s)     solves  pid
-------------------------------------------------------------------
         1  -9.800000e+04  4.922260e+05  1.183848e-01         6   1
        40   1.093500e+05  1.083900e+05  1.477089e-01       240   1
-------------------------------------------------------------------
status         : iteration_limit
total time (s) : 1.477089e-01
total solves   : 240
best bound     :  1.083900e+05
numeric issues : 0
-------------------------------------------------------------------

