-------------------------------------------------------------------
         SDDP.jl (c) Oscar Dowson and contributors, 2017-26
-------------------------------------------------------------------
problem
  nodes           : 24
  state variables : 2
  scenarios       : 5.96046e+16
  existing cuts   : false
options
  solver          : Threaded()
  risk measure    : SDDP.Expectation()
  sampling scheme : SDDP.InSampleMonteCarlo
subproblem structure
  VariableRef                             : [10, 10]
  AffExpr in MOI.EqualTo{Float64}         : [2, 2]
  AffExpr in MOI.LessThan{Float64}        : [1, 1]
  VariableRef in MOI.GreaterThan{Float64} : [7, 7]
  VariableRef in MOI.LessThan{Float64}    : [4, 5]
numerical stability report
  matrix range     [8e-01, 1e+00]
  objective range  [1e+00, 5e+02]
  bounds range     [2e+01, 7e+01]
  rhs range        [1e+01, 1e+01]
-------------------------------------------------------------------
 iteration    simulation      bound        time (s)     solves  pid
-------------------------------------------------------------------
         1   8.380000e+04  2.416175e+04  7.387114e-02       538   3
       213   5.772431e+04  5.712747e+04  1.077206e+00     30924   3
       363   5.817224e+04  5.712831e+04  2.090066e+00     52599   2
       486   5.607730e+04  5.712850e+04  3.090550e+00     70196   2
       503   5.594167e+04  5.712850e+04  3.244959e+00     72432   5
-------------------------------------------------------------------
status         : iteration_limit
total time (s) : 3.244959e+00
total solves   : 72432
best bound     :  5.712850e+04
simulation ci  :  5.740451e+04 ± 2.446025e+02
numeric issues : 0
-------------------------------------------------------------------

-------------------------------------------------------------------
         SDDP.jl (c) Oscar Dowson and contributors, 2017-26
-------------------------------------------------------------------
problem
  nodes           : 30
  state variables : 5
  scenarios       : 8.14453e+11
  existing cuts   : false
options
  solver          : serial mode
  risk measure    : A convex combination of 0.5 * SDDP.Expectation() + 0.5 * SDDP.AVaR(0.25)
  sampling scheme : SDDP.SimulatorSamplingScheme{typeof(Main.__atexample__named__example_milk_producer.simulator)}
subproblem structure
  VariableRef                             : [15, 15]
  AffExpr in MOI.EqualTo{Float64}         : [5, 5]
  VariableRef in MOI.GreaterThan{Float64} : [8, 9]
  VariableRef in MOI.LessThan{Float64}    : [4, 4]
numerical stability report
  matrix range     [1e+00, 1e+00]
  objective range  [1e+00, 1e+01]
  bounds range     [2e+00, 1e+02]
  rhs range        [0e+00, 0e+00]
-------------------------------------------------------------------
 iteration    simulation      bound        time (s)     solves  pid
-------------------------------------------------------------------
         1  -1.987882e+01  5.911925e+01  1.157006e+00       162   1
        74   1.148706e+01  7.937644e+00  2.169377e+00     11988   1
       136   1.027875e+01  7.936566e+00  3.172031e+00     22032   1
       190   6.974976e+00  7.935512e+00  4.179247e+00     30780   1
       239   9.356561e+00  7.934001e+00  5.195011e+00     38718   1
       283   1.107075e+01  7.933930e+00  6.211066e+00     45846   1
       324   9.342354e+00  7.933801e+00  7.227893e+00     52488   1
       363   1.063674e+01  7.933621e+00  8.239448e+00     58806   1
       401   9.909245e+00  7.933613e+00  9.258262e+00     64962   1
       563   8.924682e+00  7.932164e+00  1.426595e+01     91206   1
       693   7.998602e+00  7.932164e+00  1.929798e+01    112266   1
       712   8.546052e+00  7.932164e+00  2.003602e+01    115344   1
-------------------------------------------------------------------
status         : time_limit
total time (s) : 2.003602e+01
total solves   : 115344
best bound     :  7.932164e+00
simulation ci  :  9.032367e+00 ± 1.777841e-01
numeric issues : 0
-------------------------------------------------------------------

-------------------------------------------------------------------
         SDDP.jl (c) Oscar Dowson and contributors, 2017-26
-------------------------------------------------------------------
problem
  nodes           : 2
  state variables : 1
  scenarios       : 1.00000e+02
  existing cuts   : false
options
  solver          : serial mode
  risk measure    : SDDP.Expectation()
  sampling scheme : SDDP.InSampleMonteCarlo
subproblem structure
  VariableRef                             : [4, 4]
  AffExpr in MOI.EqualTo{Float64}         : [1, 1]
  AffExpr in MOI.LessThan{Float64}        : [1, 1]
  VariableRef in MOI.GreaterThan{Float64} : [2, 3]
  VariableRef in MOI.LessThan{Float64}    : [1, 1]
numerical stability report
  matrix range     [1e+00, 1e+00]
  objective range  [1e-01, 5e+00]
  bounds range     [2e+02, 1e+03]
  rhs range        [0e+00, 0e+00]
-------------------------------------------------------------------
 iteration    simulation      bound        time (s)     solves  pid
-------------------------------------------------------------------
         1   0.000000e+00  7.466692e+02  5.441189e-03       103   1
         2   4.445087e+02  6.046608e+02  1.810718e-02       406   1
         3   4.233530e+02  5.668531e+02  2.147913e-02       509   1
         4   6.479831e+02  5.625606e+02  2.512717e-02       612   1
         5   6.300550e+02  5.609777e+02  2.881908e-02       715   1
         6   6.184683e+02  5.602552e+02  3.225803e-02       818   1
         7   4.795239e+02  5.602256e+02  3.566003e-02       921   1
         8   6.242736e+02  5.602143e+02  3.913212e-02      1024   1
         9   4.343946e+02  5.602075e+02  4.287505e-02      1127   1
        10   6.160342e+02  5.602075e+02  4.664707e-02      1230   1
        11   4.108995e+02  5.602075e+02  4.998517e-02      1333   1
        12   3.671598e+02  5.602075e+02  5.392098e-02      1436   1
        13   6.229803e+02  5.602075e+02  5.749202e-02      1539   1
        14   6.229803e+02  5.602075e+02  6.082916e-02      1642   1
        15   5.537109e+02  5.602075e+02  6.450105e-02      1745   1
        16   6.229803e+02  5.602075e+02  6.787300e-02      1848   1
        17   5.178805e+02  5.602075e+02  7.153702e-02      1951   1
        18   6.132384e+02  5.602075e+02  7.515717e-02      2054   1
        19   6.229803e+02  5.602075e+02  7.852411e-02      2157   1
        20   6.229803e+02  5.602075e+02  8.197618e-02      2260   1
        21   6.229803e+02  5.602075e+02  1.813972e-01      2563   1
        22   5.969538e+02  5.602075e+02  1.854911e-01      2666   1
        23   6.160086e+02  5.602075e+02  1.895580e-01      2769   1
        24   4.347369e+02  5.602075e+02  1.936061e-01      2872   1
        25   6.229803e+02  5.602075e+02  1.976330e-01      2975   1
        26   4.819070e+02  5.602075e+02  2.016351e-01      3078   1
        27   6.229803e+02  5.602075e+02  2.056410e-01      3181   1
        28   6.229803e+02  5.602075e+02  2.096331e-01      3284   1
        29   5.743073e+02  5.602075e+02  2.136781e-01      3387   1
        30   5.714672e+02  5.602075e+02  2.177341e-01      3490   1
        31   6.229803e+02  5.602075e+02  2.218192e-01      3593   1
        32   4.637167e+02  5.602075e+02  2.258742e-01      3696   1
        33   5.864487e+02  5.602075e+02  2.299421e-01      3799   1
        34   6.229803e+02  5.602075e+02  2.340941e-01      3902   1
        35   6.229803e+02  5.602075e+02  2.382281e-01      4005   1
        36   4.413320e+02  5.602075e+02  2.423391e-01      4108   1
        37   4.108995e+02  5.602075e+02  2.464490e-01      4211   1
        38   3.671598e+02  5.602075e+02  2.506511e-01      4314   1
        39   6.229803e+02  5.602075e+02  2.548032e-01      4417   1
        40   4.626805e+02  5.602075e+02  2.589531e-01      4520   1
-------------------------------------------------------------------
status         : simulation_stopping
total time (s) : 2.589531e-01
total solves   : 4520
best bound     :  5.602075e+02
simulation ci  :  5.371961e+02 ± 3.861778e+01
numeric issues : 0
-------------------------------------------------------------------

-------------------------------------------------------------------
         SDDP.jl (c) Oscar Dowson and contributors, 2017-26
-------------------------------------------------------------------
problem
  nodes           : 52
  state variables : 1
  scenarios       : 1.00000e+00
  existing cuts   : false
options
  solver          : serial mode
  risk measure    : SDDP.Expectation()
  sampling scheme : SDDP.InSampleMonteCarlo
subproblem structure
  VariableRef                             : [7, 7]
  AffExpr in MOI.EqualTo{Float64}         : [2, 2]
  VariableRef in MOI.EqualTo{Float64}     : [1, 1]
  VariableRef in MOI.GreaterThan{Float64} : [5, 5]
  VariableRef in MOI.LessThan{Float64}    : [2, 3]
numerical stability report
  matrix range     [1e+00, 1e+00]
  objective range  [1e+00, 2e+01]
  bounds range     [1e+01, 3e+02]
  rhs range        [7e+00, 1e+01]
-------------------------------------------------------------------
 iteration    simulation      bound        time (s)     solves  pid
-------------------------------------------------------------------
         1   1.079600e+03  3.157700e+02  4.759884e-02       104   1
        10   6.829100e+02  6.829100e+02  1.084108e-01      1040   1
-------------------------------------------------------------------
status         : iteration_limit
total time (s) : 1.084108e-01
total solves   : 1040
best bound     :  6.829100e+02
simulation ci  :  7.289889e+02 ± 7.726064e+01
numeric issues : 0
-------------------------------------------------------------------

-------------------------------------------------------------------
         SDDP.jl (c) Oscar Dowson and contributors, 2017-26
-------------------------------------------------------------------
problem
  nodes           : 52
  state variables : 1
  scenarios       : 6.46108e+24
  existing cuts   : false
options
  solver          : serial mode
  risk measure    : SDDP.Expectation()
  sampling scheme : SDDP.InSampleMonteCarlo
subproblem structure
  VariableRef                             : [7, 7]
  AffExpr in MOI.EqualTo{Float64}         : [2, 2]
  VariableRef in MOI.GreaterThan{Float64} : [5, 5]
  VariableRef in MOI.LessThan{Float64}    : [2, 3]
numerical stability report
  matrix range     [1e+00, 1e+00]
  objective range  [1e+00, 2e+01]
  bounds range     [1e+01, 3e+02]
  rhs range        [7e+00, 1e+01]
-------------------------------------------------------------------
 iteration    simulation      bound        time (s)     solves  pid
-------------------------------------------------------------------
         1   8.673800e+02  6.364534e+00  5.096006e-02       208   1
        60   4.962693e+02  2.585129e+02  1.051847e+00     12480   1
       100   1.442719e+02  2.699959e+02  1.926419e+00     20800   1
-------------------------------------------------------------------
status         : iteration_limit
total time (s) : 1.926419e+00
total solves   : 20800
best bound     :  2.699959e+02
simulation ci  :  3.135093e+02 ± 4.539017e+01
numeric issues : 0
-------------------------------------------------------------------

-------------------------------------------------------------------
         SDDP.jl (c) Oscar Dowson and contributors, 2017-26
-------------------------------------------------------------------
problem
  nodes           : 52
  state variables : 1
  scenarios       : Inf
  existing cuts   : false
options
  solver          : serial mode
  risk measure    : SDDP.Expectation()
  sampling scheme : SDDP.InSampleMonteCarlo
subproblem structure
  VariableRef                             : [7, 7]
  AffExpr in MOI.EqualTo{Float64}         : [2, 2]
  VariableRef in MOI.GreaterThan{Float64} : [5, 5]
  VariableRef in MOI.LessThan{Float64}    : [2, 2]
numerical stability report
  matrix range     [1e+00, 1e+00]
  objective range  [1e+00, 2e+01]
  bounds range     [1e+01, 3e+02]
  rhs range        [7e+00, 1e+01]
-------------------------------------------------------------------
 iteration    simulation      bound        time (s)     solves  pid
-------------------------------------------------------------------
         1   5.658822e+05  9.201238e+04  1.507997e+00     22259   1
         3   2.578010e+05  9.319227e+04  3.019369e+00     38697   1
         5   2.423133e+05  9.327799e+04  4.765175e+00     54511   1
        10   8.015415e+04  9.330443e+04  6.139669e+00     65966   1
        13   7.362157e+05  9.333506e+04  1.157375e+01    102791   1
        19   1.957417e+05  9.337106e+04  1.688303e+01    134009   1
        25   3.939616e+05  9.337468e+04  2.495335e+01    174379   1
        33   2.109888e+05  9.338050e+04  3.060997e+01    199779   1
        37   1.143241e+05  9.338256e+04  3.590828e+01    221839   1
        41   1.905608e+05  9.338329e+04  4.091459e+01    241611   1
        45   1.315915e+05  9.338459e+04  4.734693e+01    263463   1
        50   7.996773e+04  9.338675e+04  5.321819e+01    283446   1
        56   1.757180e+05  9.338758e+04  5.940132e+01    303224   1
        60   2.031786e+05  9.338831e+04  6.606590e+01    323828   1
        67   2.563353e+05  9.338971e+04  7.459830e+01    348601   1
        72   4.350393e+04  9.338999e+04  8.013937e+01    364216   1
        74   1.483623e+05  9.339005e+04  8.622746e+01    380654   1
        81   1.233879e+05  9.339285e+04  9.313249e+01    398979   1
        87   8.870348e+04  9.339322e+04  9.836935e+01    412517   1
        89   3.901038e+05  9.339332e+04  1.056448e+02    430411   1
        94   9.779832e+04  9.339385e+04  1.119119e+02    445610   1
        98   2.511394e+05  9.339421e+04  1.195748e+02    463718   1
       100   9.824263e+04  9.339432e+04  1.220660e+02    469548   1
-------------------------------------------------------------------
status         : iteration_limit
total time (s) : 1.220660e+02
total solves   : 469548
best bound     :  9.339432e+04
simulation ci  :  1.061237e+05 ± 2.263488e+04
numeric issues : 0
-------------------------------------------------------------------

-------------------------------------------------------------------
         SDDP.jl (c) Oscar Dowson and contributors, 2017-26
-------------------------------------------------------------------
problem
  nodes           : 3
  state variables : 1
  scenarios       : 2.70000e+01
  existing cuts   : false
options
  solver          : serial mode
  risk measure    : SDDP.Expectation()
  sampling scheme : SDDP.InSampleMonteCarlo
subproblem structure
  VariableRef                             : [7, 7]
  AffExpr in MOI.EqualTo{Float64}         : [2, 2]
  VariableRef in MOI.GreaterThan{Float64} : [5, 5]
  VariableRef in MOI.LessThan{Float64}    : [1, 2]
numerical stability report
  matrix range     [1e+00, 1e+00]
  objective range  [1e+00, 2e+02]
  bounds range     [2e+02, 2e+02]
  rhs range        [2e+02, 2e+02]
-------------------------------------------------------------------
 iteration    simulation      bound        time (s)     solves  pid
-------------------------------------------------------------------
         1   2.000000e+04  3.437500e+03  4.153967e-03        12   1
        10   1.250000e+04  8.333333e+03  1.153779e-02       120   1
-------------------------------------------------------------------
status         : iteration_limit
total time (s) : 1.153779e-02
total solves   : 120
best bound     :  8.333333e+03
simulation ci  :  1.065625e+04 ± 3.713870e+03
numeric issues : 0
-------------------------------------------------------------------

-------------------------------------------------------------------
         SDDP.jl (c) Oscar Dowson and contributors, 2017-26
-------------------------------------------------------------------
problem
  nodes           : 11
  state variables : 3
  scenarios       : 1.02400e+13
  existing cuts   : false
options
  solver          : serial mode
  risk measure    : SDDP.Expectation()
  sampling scheme : SDDP.InSampleMonteCarlo
subproblem structure
  VariableRef                             : [9, 9]
  AffExpr in MOI.EqualTo{Float64}         : [2, 2]
  VariableRef in MOI.EqualTo{Float64}     : [1, 2]
  VariableRef in MOI.GreaterThan{Float64} : [4, 5]
  VariableRef in MOI.LessThan{Float64}    : [1, 1]
numerical stability report
  matrix range     [1e+00, 1e+00]
  objective range  [1e+00, 4e+01]
  bounds range     [0e+00, 0e+00]
  rhs range        [0e+00, 0e+00]
-------------------------------------------------------------------
 iteration    simulation      bound        time (s)     solves  pid
-------------------------------------------------------------------
         1   3.913526e+05  4.573582e+04  1.838994e-02       212   1
        65   1.162536e+05  1.443371e+05  1.037942e+00     18180   1
       139   1.671026e+05  1.443373e+05  2.048527e+00     34968   1
       184   1.381763e+05  1.443373e+05  2.745130e+00     44508   1
-------------------------------------------------------------------
status         : simulation_stopping
total time (s) : 2.745130e+00
total solves   : 44508
best bound     :  1.443373e+05
simulation ci  :  1.466613e+05 ± 4.657334e+03
numeric issues : 0
-------------------------------------------------------------------

-------------------------------------------------------------------
         SDDP.jl (c) Oscar Dowson and contributors, 2017-26
-------------------------------------------------------------------
problem
  nodes           : 2
  state variables : 3
  scenarios       : Inf
  existing cuts   : false
options
  solver          : serial mode
  risk measure    : SDDP.Expectation()
  sampling scheme : SDDP.InSampleMonteCarlo
subproblem structure
  VariableRef                             : [9, 9]
  AffExpr in MOI.EqualTo{Float64}         : [2, 2]
  VariableRef in MOI.EqualTo{Float64}     : [1, 2]
  VariableRef in MOI.GreaterThan{Float64} : [4, 5]
numerical stability report
  matrix range     [1e+00, 1e+00]
  objective range  [1e+00, 4e+01]
  bounds range     [0e+00, 0e+00]
  rhs range        [0e+00, 0e+00]
-------------------------------------------------------------------
 iteration    simulation      bound        time (s)     solves  pid
-------------------------------------------------------------------
         1   2.071210e+06  4.761496e+04  3.671789e-02       715   1
        33   5.228508e+05  3.053263e+05  1.057319e+00     16434   1
        58   4.104867e+05  3.119639e+05  2.063826e+00     28933   1
        85   2.078558e+05  3.125960e+05  3.079833e+00     39838   1
       104   7.819844e+04  3.126544e+05  4.096376e+00     49328   1
       129   5.408793e+05  3.126641e+05  5.162083e+00     58530   1
       146   2.129557e+05  3.126648e+05  6.190257e+00     66611   1
       165   1.284703e+06  3.126650e+05  7.222219e+00     74358   1
       187   2.977553e+05  3.126650e+05  8.290001e+00     81709   1
       202   3.449132e+05  3.126650e+05  9.333616e+00     88885   1
       273   7.530816e+05  3.126650e+05  1.453809e+01    117579   1
       319   2.837763e+05  3.126650e+05  1.955085e+01    135769   1
       341   8.520789e+04  3.126650e+05  2.455399e+01    145031   1
       360   2.099524e+06  3.126650e+05  3.135922e+01    154584   1
       373   1.659018e+06  3.126650e+05  3.858062e+01    161800   1
       389   8.197763e+05  3.126650e+05  4.487559e+01    167171   1
       400   3.799447e+05  3.126650e+05  5.034379e+01    171487   1
-------------------------------------------------------------------
status         : iteration_limit
total time (s) : 5.034379e+01
total solves   : 171487
best bound     :  3.126650e+05
simulation ci  :  3.104251e+05 ± 2.984979e+04
numeric issues : 0
-------------------------------------------------------------------

-------------------------------------------------------------------
         SDDP.jl (c) Oscar Dowson and contributors, 2017-26
-------------------------------------------------------------------
problem
  nodes           : 5
  state variables : 1
  scenarios       : 1.08000e+02
  existing cuts   : false
options
  solver          : serial mode
  risk measure    : SDDP.Expectation()
  sampling scheme : SDDP.InSampleMonteCarlo
subproblem structure
  VariableRef                             : [7, 7]
  AffExpr in MOI.EqualTo{Float64}         : [2, 2]
  VariableRef in MOI.GreaterThan{Float64} : [5, 5]
  VariableRef in MOI.LessThan{Float64}    : [1, 2]
numerical stability report
  matrix range     [1e+00, 1e+00]
  objective range  [1e+00, 2e+02]
  bounds range     [2e+02, 2e+02]
  rhs range        [2e+02, 2e+02]
-------------------------------------------------------------------
 iteration    simulation      bound        time (s)     solves  pid
-------------------------------------------------------------------
         1   3.750000e+04  1.991887e+03  9.607339e-01        18   1
        40   1.250000e+04  8.072917e+03  1.196733e+00      1320   1
-------------------------------------------------------------------
status         : simulation_stopping
total time (s) : 1.196733e+00
total solves   : 1320
best bound     :  8.072917e+03
simulation ci  :  9.081818e+03 ± 2.891715e+03
numeric issues : 0
-------------------------------------------------------------------

-------------------------------------------------------------------
         SDDP.jl (c) Oscar Dowson and contributors, 2017-26
-------------------------------------------------------------------
problem
  nodes           : 3
  state variables : 1
  scenarios       : 1.00000e+00
  existing cuts   : false
options
  solver          : serial mode
  risk measure    : SDDP.Expectation()
  sampling scheme : SDDP.InSampleMonteCarlo
subproblem structure
  VariableRef                             : [4, 4]
  AffExpr in MOI.EqualTo{Float64}         : [1, 1]
  AffExpr in MOI.LessThan{Float64}        : [1, 1]
  VariableRef in MOI.EqualTo{Float64}     : [1, 1]
  VariableRef in MOI.GreaterThan{Float64} : [2, 3]
  VariableRef in MOI.LessThan{Float64}    : [1, 1]
numerical stability report
  matrix range     [1e+00, 1e+00]
  objective range  [0e+00, 0e+00]
  bounds range     [0e+00, 0e+00]
  rhs range        [0e+00, 0e+00]
-------------------------------------------------------------------
 iteration    simulation      bound        time (s)     solves  pid
-------------------------------------------------------------------
         1   2.499895e+01  1.562631e+00  1.724386e-02         6   1
        40   8.333333e+00  8.333333e+00  6.259508e-01       246   1
-------------------------------------------------------------------
status         : simulation_stopping
total time (s) : 6.259508e-01
total solves   : 246
best bound     :  8.333333e+00
simulation ci  :  8.810723e+00 ± 8.167195e-01
numeric issues : 0
-------------------------------------------------------------------

-------------------------------------------------------------------
         SDDP.jl (c) Oscar Dowson and contributors, 2017-26
-------------------------------------------------------------------
problem
  nodes           : 1
  state variables : 12
  scenarios       : Inf
  existing cuts   : false
options
  solver          : serial mode
  risk measure    : SDDP.Expectation()
  sampling scheme : SDDP.InSampleMonteCarlo
subproblem structure
  VariableRef                          : [25, 25]
  AffExpr in MOI.EqualTo{Float64}      : [1, 1]
  AffExpr in MOI.LessThan{Float64}     : [13, 13]
  VariableRef in MOI.LessThan{Float64} : [1, 1]
  VariableRef in MOI.ZeroOne           : [12, 12]
numerical stability report
  matrix range     [1e+00, 1e+00]
  objective range  [1e+00, 1e+00]
  bounds range     [1e+01, 1e+01]
  rhs range        [1e+00, 1e+00]
-------------------------------------------------------------------
 iteration    simulation      bound        time (s)     solves  pid
-------------------------------------------------------------------
         1   0.000000e+00  7.217100e+00  1.264215e-02        17   1
        37   1.200000e+01  6.561000e+00  1.013622e+00      2905   1
        40   0.000000e+00  6.561000e+00  1.036940e+00      2938   1
-------------------------------------------------------------------
status         : simulation_stopping
total time (s) : 1.036940e+00
total solves   : 2938
best bound     :  6.561000e+00
simulation ci  :  5.650000e+00 ± 1.709769e+00
numeric issues : 0
-------------------------------------------------------------------

-------------------------------------------------------------------
         SDDP.jl (c) Oscar Dowson and contributors, 2017-26
-------------------------------------------------------------------
problem
  nodes           : 3
  state variables : 1
  scenarios       : 1.72800e+03
  existing cuts   : false
options
  solver          : serial mode
  risk measure    : SDDP.Expectation()
  sampling scheme : SDDP.InSampleMonteCarlo
subproblem structure
  VariableRef                             : [8, 8]
  AffExpr in MOI.EqualTo{Float64}         : [2, 4]
  AffExpr in MOI.GreaterThan{Float64}     : [2, 2]
  VariableRef in MOI.GreaterThan{Float64} : [6, 6]
  VariableRef in MOI.LessThan{Float64}    : [2, 3]
-------------------------------------------------------------------
 iteration    simulation      bound        time (s)     solves  pid
-------------------------------------------------------------------
         1   2.929688e+03  3.181818e+03  5.635729e-01        39   1
        62  -7.034373e-12  5.092593e+03  7.775168e-01      3318   1
-------------------------------------------------------------------
status         : simulation_stopping
total time (s) : 7.775168e-01
total solves   : 3318
best bound     :  5.092593e+03
simulation ci  :  4.933754e+03 ± 1.024868e+03
numeric issues : 0
-------------------------------------------------------------------

-------------------------------------------------------------------
         SDDP.jl (c) Oscar Dowson and contributors, 2017-26
-------------------------------------------------------------------
problem
  nodes           : 3
  state variables : 1
  scenarios       : 1.72800e+03
  existing cuts   : false
options
  solver          : serial mode
  risk measure    : SDDP.Expectation()
  sampling scheme : SDDP.InSampleMonteCarlo
subproblem structure
  VariableRef                             : [9, 9]
  AffExpr in MOI.EqualTo{Float64}         : [2, 10]
  AffExpr in MOI.GreaterThan{Float64}     : [4, 4]
  VariableRef in MOI.GreaterThan{Float64} : [7, 7]
  VariableRef in MOI.LessThan{Float64}    : [3, 4]
-------------------------------------------------------------------
 iteration    simulation      bound        time (s)     solves  pid
-------------------------------------------------------------------
         1   1.687500e+04  4.639952e+03  5.412579e-01        39   1
        62   3.500000e+03  5.135984e+03  8.161619e-01      3318   1
-------------------------------------------------------------------
status         : simulation_stopping
total time (s) : 8.161619e-01
total solves   : 3318
best bound     :  5.135984e+03
simulation ci  :  4.816673e+03 ± 9.567971e+02
numeric issues : 0
-------------------------------------------------------------------

-------------------------------------------------------------------
         SDDP.jl (c) Oscar Dowson and contributors, 2017-26
-------------------------------------------------------------------
problem
  nodes           : 3
  state variables : 1
  scenarios       : 2.70000e+01
  existing cuts   : false
options
  solver          : serial mode
  risk measure    : SDDP.Expectation()
  sampling scheme : SDDP.InSampleMonteCarlo
subproblem structure
  VariableRef                             : [7, 7]
  AffExpr in MOI.EqualTo{Float64}         : [2, 2]
  VariableRef in MOI.GreaterThan{Float64} : [5, 5]
  VariableRef in MOI.LessThan{Float64}    : [1, 2]
numerical stability report
  matrix range     [1e+00, 1e+00]
  objective range  [1e+00, 2e+02]
  bounds range     [2e+02, 2e+02]
  rhs range        [2e+02, 2e+02]
-------------------------------------------------------------------
 iteration    simulation      bound        time (s)     solves  pid
-------------------------------------------------------------------
         1   1.500000e+04  5.735677e+03  7.846212e-02        12   1
        40   1.875000e+03  1.062500e+04  1.257071e-01       642   1
-------------------------------------------------------------------
status         : simulation_stopping
total time (s) : 1.257071e-01
total solves   : 642
best bound     :  1.062500e+04
simulation ci  :  1.085231e+04 ± 2.563969e+03
numeric issues : 0
-------------------------------------------------------------------

-------------------------------------------------------------------
         SDDP.jl (c) Oscar Dowson and contributors, 2017-26
-------------------------------------------------------------------
problem
  nodes           : 1
  state variables : 1
  scenarios       : Inf
  existing cuts   : false
options
  solver          : serial mode
  risk measure    : SDDP.Expectation()
  sampling scheme : SDDP.InSampleMonteCarlo
subproblem structure
  VariableRef                             : [20, 20]
  AffExpr in MOI.EqualTo{Float64}         : [13, 13]
  AffExpr in MOI.Interval{Float64}        : [6, 6]
  VariableRef in MOI.GreaterThan{Float64} : [14, 14]
  VariableRef in MOI.LessThan{Float64}    : [11, 11]
numerical stability report
  matrix range     [1e+00, 2e+02]
  objective range  [1e+00, 1e+06]
  bounds range     [4e-01, 6e+00]
  rhs range        [5e-01, 5e+00]
-------------------------------------------------------------------
 iteration    simulation      bound        time (s)     solves  pid
-------------------------------------------------------------------
         1   8.739943e+04  9.687579e+04  1.009769e-01        23   1
         5   6.422997e+05  3.412648e+05  1.623752e+00       303   1
        10   1.326557e+06  3.669923e+05  3.825191e+00       682   1
-------------------------------------------------------------------
status         : iteration_limit
total time (s) : 3.825191e+00
total solves   : 682
best bound     :  3.669923e+05
simulation ci  :  1.041940e+06 ± 1.066908e+06
numeric issues : 0
-------------------------------------------------------------------

-------------------------------------------------------------------
         SDDP.jl (c) Oscar Dowson and contributors, 2017-26
-------------------------------------------------------------------
problem
  nodes           : 1
  state variables : 1
  scenarios       : Inf
  existing cuts   : false
options
  solver          : serial mode
  risk measure    : SDDP.Expectation()
  sampling scheme : SDDP.InSampleMonteCarlo
subproblem structure
  VariableRef                             : [48, 48]
  AffExpr in MOI.EqualTo{Float64}         : [12, 12]
  AffExpr in MOI.Interval{Float64}        : [6, 6]
  NonlinearExpr in MOI.EqualTo{Float64}   : [24, 24]
  QuadExpr in MOI.LessThan{Float64}       : [12, 12]
  VariableRef in MOI.GreaterThan{Float64} : [42, 42]
  VariableRef in MOI.LessThan{Float64}    : [39, 39]
numerical stability report
  matrix range     [1e+00, 1e+00]
  objective range  [1e+00, 1e+06]
  bounds range     [3e-01, 6e+00]
  rhs range        [5e-01, 2e+01]
-------------------------------------------------------------------
 iteration    simulation      bound        time (s)     solves  pid
-------------------------------------------------------------------
         1   1.389659e+06  4.887390e+04  7.781610e-01        87   1
         3   2.231252e+05  2.200665e+05  2.184181e+00       201   1
         5   5.675448e+06  2.657228e+05  3.732794e+00       331   1
         6   6.232968e+05  2.730539e+05  5.115918e+00       446   1
         8   1.240978e+06  2.837847e+05  8.210066e+00       676   1
         9   6.255123e+05  3.864601e+05  9.972100e+00       795   1
        10   1.381406e+06  3.870132e+05  1.192293e+01       938   1
-------------------------------------------------------------------
status         : iteration_limit
total time (s) : 1.192293e+01
total solves   : 938
best bound     :  3.870132e+05
simulation ci  :  1.164282e+06 ± 1.034003e+06
numeric issues : 0
-------------------------------------------------------------------

-------------------------------------------------------------------
         SDDP.jl (c) Oscar Dowson and contributors, 2017-26
-------------------------------------------------------------------
problem
  nodes           : 1
  state variables : 1
  scenarios       : Inf
  existing cuts   : false
options
  solver          : serial mode
  risk measure    : SDDP.Expectation()
  sampling scheme : SDDP.InSampleMonteCarlo
subproblem structure
  VariableRef                             : [20, 20]
  AffExpr in MOI.EqualTo{Float64}         : [13, 13]
  AffExpr in MOI.Interval{Float64}        : [6, 6]
  VariableRef in MOI.GreaterThan{Float64} : [14, 14]
  VariableRef in MOI.LessThan{Float64}    : [11, 11]
numerical stability report
  matrix range     [1e+00, 2e+02]
  objective range  [1e+00, 1e+06]
  bounds range     [4e-01, 6e+00]
  rhs range        [5e-01, 5e+00]
-------------------------------------------------------------------
 iteration    simulation      bound        time (s)     solves  pid
-------------------------------------------------------------------
         1   7.550470e+05  6.717321e+04  3.019159e-01        51   1
         3   1.967013e+06  3.496653e+05  3.379133e+00       381   1
         5   3.606257e+06  3.689153e+05  6.937199e+00       729   1
         7   6.670430e+05  3.924023e+05  8.299992e+00       864   1
         8   9.311375e+05  4.176329e+05  9.453895e+00       984   1
        10   5.235118e+05  4.310829e+05  1.104471e+01      1137   1
-------------------------------------------------------------------
status         : iteration_limit
total time (s) : 1.104471e+01
total solves   : 1137
best bound     :  4.310829e+05
simulation ci  :  1.220788e+06 ± 6.233224e+05
numeric issues : 0
-------------------------------------------------------------------

-------------------------------------------------------------------
         SDDP.jl (c) Oscar Dowson and contributors, 2017-26
-------------------------------------------------------------------
problem
  nodes           : 5
  state variables : 1
  scenarios       : 1.08000e+02
  existing cuts   : false
options
  solver          : serial mode
  risk measure    : SDDP.Expectation()
  sampling scheme : SDDP.InSampleMonteCarlo
subproblem structure
  VariableRef                             : [7, 7]
  AffExpr in MOI.EqualTo{Float64}         : [2, 2]
  VariableRef in MOI.GreaterThan{Float64} : [5, 5]
  VariableRef in MOI.LessThan{Float64}    : [1, 2]
-------------------------------------------------------------------
 iteration    simulation      bound        time (s)     solves  pid
-------------------------------------------------------------------
         1   2.812500e+04  1.991887e+03  1.401997e-02        18   1
        20   5.000000e+03  8.072917e+03  3.759718e-02       360   1
-------------------------------------------------------------------
status         : iteration_limit
total time (s) : 3.759718e-02
total solves   : 360
best bound     :  8.072917e+03
simulation ci  :  1.008777e+04 ± 3.330090e+03
numeric issues : 0
-------------------------------------------------------------------

-------------------------------------------------------------------
         SDDP.jl (c) Oscar Dowson and contributors, 2017-26
-------------------------------------------------------------------
problem
  nodes           : 3
  state variables : 1
  scenarios       : 1.00000e+00
  existing cuts   : false
options
  solver          : serial mode
  risk measure    : SDDP.Expectation()
  sampling scheme : SDDP.InSampleMonteCarlo
subproblem structure
  VariableRef                             : [5, 5]
  AffExpr in MOI.EqualTo{Float64}         : [2, 2]
  VariableRef in MOI.GreaterThan{Float64} : [4, 4]
  VariableRef in MOI.LessThan{Float64}    : [1, 1]
-------------------------------------------------------------------
 iteration    simulation      bound        time (s)     solves  pid
-------------------------------------------------------------------
         1   6.500000e+00  3.000000e+00  3.248930e-03         6   1
         5   3.500000e+00  3.500000e+00  5.092859e-03        30   1
-------------------------------------------------------------------
status         : iteration_limit
total time (s) : 5.092859e-03
total solves   : 30
best bound     :  3.500000e+00
simulation ci  :  4.100000e+00 ± 1.176000e+00
numeric issues : 0
-------------------------------------------------------------------

-------------------------------------------------------------------
         SDDP.jl (c) Oscar Dowson and contributors, 2017-26
-------------------------------------------------------------------
problem
  nodes           : 3
  state variables : 1
  scenarios       : 1.00000e+00
  existing cuts   : false
options
  solver          : serial mode
  risk measure    : SDDP.Expectation()
  sampling scheme : SDDP.InSampleMonteCarlo
subproblem structure
  VariableRef                             : [5, 5]
  AffExpr in MOI.EqualTo{Float64}         : [2, 2]
  VariableRef in MOI.GreaterThan{Float64} : [4, 4]
  VariableRef in MOI.LessThan{Float64}    : [1, 1]
-------------------------------------------------------------------
 iteration    simulation      bound        time (s)     solves  pid
-------------------------------------------------------------------
         1   6.500000e+00  1.100000e+01  3.548861e-03         6   1
         5   5.500000e+00  1.100000e+01  5.402803e-03        30   1
-------------------------------------------------------------------
status         : iteration_limit
total time (s) : 5.402803e-03
total solves   : 30
best bound     :  1.100000e+01
simulation ci  :  5.700000e+00 ± 3.920000e-01
numeric issues : 0
-------------------------------------------------------------------

